#
# There is insufficient memory for the Java Runtime Environment to continue.
# Native memory allocation (malloc) failed to allocate 436016 bytes. Error detail: Chunk::new
# Possible reasons:
#   The system is out of physical RAM or swap space
#   This process is running with CompressedOops enabled, and the Java Heap may be blocking the growth of the native heap
# Possible solutions:
#   Reduce memory load on the system
#   Increase physical memory or swap space
#   Check if swap backing store is full
#   Decrease Java heap size (-Xmx/-Xms)
#   Decrease number of Java threads
#   Decrease Java thread stack sizes (-Xss)
#   Set larger code cache with -XX:ReservedCodeCacheSize=
#   JVM is running with Unscaled Compressed Oops mode in which the Java heap is
#     placed in the first 4GB address space. The Java Heap base address is the
#     maximum limit for the native heap growth. Please use -XX:HeapBaseMinAddress
#     to set the Java Heap base and to place the Java Heap above 4GB virtual address.
# This output file may be truncated or incomplete.
#
#  Out of Memory Error (arena.cpp:168), pid=26408, tid=11928
#
# JRE version: OpenJDK Runtime Environment Temurin-21.0.12.1+1 (21.0.12.1+1) (build 21.0.12.1+1-LTS)
# Java VM: OpenJDK 64-Bit Server VM Temurin-21.0.12.1+1 (21.0.12.1+1-LTS, mixed mode, sharing, tiered, compressed oops, compressed class ptrs, parallel gc, windows-amd64)
# No core dump will be written. Minidumps are not enabled by default on client versions of Windows
#

---------------  S U M M A R Y ------------

Command Line: --add-modules=ALL-SYSTEM --add-opens=java.base/java.util=ALL-UNNAMED --add-opens=java.base/java.lang=ALL-UNNAMED --add-opens=java.base/sun.nio.fs=ALL-UNNAMED -Declipse.application=org.eclipse.jdt.ls.core.id1 -Dosgi.bundles.defaultStartLevel=4 -Declipse.product=org.eclipse.jdt.ls.core.product -Djava.import.generatesMetadataFilesAtProjectRoot=false -Dm2e.project.cache.size=50 -DDetectVMInstallationsJob.disabled=true -Dfile.encoding=utf8 -XX:+UseParallelGC -XX:GCTimeRatio=4 -XX:AdaptiveSizePolicyWeight=90 -Dsun.zip.disableMemoryMapping=true -Xmx2G -Xms100m -Xlog:disable -javaagent:c:\Users\Miss_Adrianna\.vscode\extensions\redhat.java-1.56.0-win32-x64\lombok\lombok-1.18.39-4050.jar -XX:+HeapDumpOnOutOfMemoryError -XX:HeapDumpPath=c:\Users\Miss_Adrianna\AppData\Roaming\Code\User\workspaceStorage\7be229bea1d7a0db4ad3fb045fb89319\redhat.java -Daether.dependencyCollector.impl=bf c:\Users\Miss_Adrianna\.vscode\extensions\redhat.java-1.56.0-win32-x64\server\plugins\org.eclipse.equinox.launcher_1.8.0.v20260804-1928.jar -configuration c:\Users\Miss_Adrianna\AppData\Roaming\Code\User\globalStorage\redhat.java\1.56.0\config_win -data c:\Users\Miss_Adrianna\AppData\Roaming\Code\User\workspaceStorage\7be229bea1d7a0db4ad3fb045fb89319\redhat.java\jdt_ws --pipe=\\.\pipe\lsp-1940b8edbfd7acdadd39aad9436b4a07-sock

Host: Intel(R) Core(TM) i5-6200U CPU @ 2.30GHz, 4 cores, 7G,  Windows 10 , 64 bit Build 19041 (10.0.19041.5915)
Time: Sat Sep 12 15:19:03 2026 elapsed time: 3.809243 seconds (0d 0h 0m 3s)

---------------  T H R E A D  ---------------

Current thread (0x00000223d68da370):  JavaThread "C2 CompilerThread0" daemon [_thread_in_native, id=11928, stack(0x000000bc99200000,0x000000bc99300000) (1024K)]


Current CompileTask:
C2:3809  981   !   4       java.util.jar.Attributes::read (494 bytes)

Stack: [0x000000bc99200000,0x000000bc99300000]
Native frames: (J=compiled Java code, j=interpreted, Vv=VM code, C=native code)
V  [jvm.dll+0x6d83e9]
V  [jvm.dll+0x8b5736]
V  [jvm.dll+0x8b7cee]
V  [jvm.dll+0x8b83d3]
V  [jvm.dll+0x284596]
V  [jvm.dll+0xc685d]
V  [jvm.dll+0xc6da1]
V  [jvm.dll+0x3bf151]
V  [jvm.dll+0x38b6d2]
V  [jvm.dll+0x38ab1a]
V  [jvm.dll+0x24c700]
V  [jvm.dll+0x24bce0]
V  [jvm.dll+0x1cb4ae]
V  [jvm.dll+0x25baad]
V  [jvm.dll+0x25a03a]
V  [jvm.dll+0x3f8aae]
V  [jvm.dll+0x8600cd]
V  [jvm.dll+0x6d6c1d]
C  [ucrtbase.dll+0x21bb2]
C  [KERNEL32.DLL+0x17374]
C  [ntdll.dll+0x4cc91]


---------------  P R O C E S S  ---------------

Threads class SMR info:
_java_thread_list=0x000002241d353b90, length=11, elements={
0x00000223bdd13a90, 0x00000223d68d0330, 0x00000223d68d18e0, 0x00000223d68d7360,
0x00000223d68d8120, 0x00000223d68d8b80, 0x00000223d68d95e0, 0x00000223d68da370,
0x00000223d6950b90, 0x00000224186d4780, 0x00000224187c9c70
}

Java Threads: ( => current thread )
  0x00000223bdd13a90 JavaThread "main"                              [_thread_in_vm, id=27840, stack(0x000000bc98800000,0x000000bc98900000) (1024K)]
  0x00000223d68d0330 JavaThread "Reference Handler"          daemon [_thread_blocked, id=10544, stack(0x000000bc98c00000,0x000000bc98d00000) (1024K)]
  0x00000223d68d18e0 JavaThread "Finalizer"                  daemon [_thread_blocked, id=18764, stack(0x000000bc98d00000,0x000000bc98e00000) (1024K)]
  0x00000223d68d7360 JavaThread "Signal Dispatcher"          daemon [_thread_blocked, id=26144, stack(0x000000bc98e00000,0x000000bc98f00000) (1024K)]
  0x00000223d68d8120 JavaThread "Attach Listener"            daemon [_thread_blocked, id=21612, stack(0x000000bc98f00000,0x000000bc99000000) (1024K)]
  0x00000223d68d8b80 JavaThread "Service Thread"             daemon [_thread_blocked, id=12728, stack(0x000000bc99000000,0x000000bc99100000) (1024K)]
  0x00000223d68d95e0 JavaThread "Monitor Deflation Thread"   daemon [_thread_blocked, id=24884, stack(0x000000bc99100000,0x000000bc99200000) (1024K)]
=>0x00000223d68da370 JavaThread "C2 CompilerThread0"         daemon [_thread_in_native, id=11928, stack(0x000000bc99200000,0x000000bc99300000) (1024K)]
  0x00000223d6950b90 JavaThread "C1 CompilerThread0"         daemon [_thread_blocked, id=21540, stack(0x000000bc99300000,0x000000bc99400000) (1024K)]
  0x00000224186d4780 JavaThread "Common-Cleaner"             daemon [_thread_blocked, id=12344, stack(0x000000bc99400000,0x000000bc99500000) (1024K)]
  0x00000224187c9c70 JavaThread "Notification Thread"        daemon [_thread_blocked, id=24824, stack(0x000000bc99500000,0x000000bc99600000) (1024K)]
Total: 11

Other Threads:
  0x00000223bffa5c10 VMThread "VM Thread"                           [id=18232, stack(0x000000bc98b00000,0x000000bc98c00000) (1024K)]
  0x00000223d687caf0 WatcherThread "VM Periodic Task Thread"        [id=17468, stack(0x000000bc98a00000,0x000000bc98b00000) (1024K)]
  0x00000223bff03320 WorkerThread "GC Thread#0"                     [id=14040, stack(0x000000bc98900000,0x000000bc98a00000) (1024K)]
Total: 3

Threads with active compile tasks:
C2 CompilerThread0  3871  981   !   4       java.util.jar.Attributes::read (494 bytes)
Total: 1

VM state: not at safepoint (normal execution)

VM Mutex/Monitor currently owned by a thread:  ([mutex/lock_event])
[0x00007ffda9aad530] Metaspace_lock - owner thread: 0x00000223bdd13a90

Heap address: 0x0000000080000000, size: 2048 MB, Compressed Oops mode: 32-bit

CDS archive(s) mapped at: [0x00000223d7000000-0x00000223d7ba0000-0x00000223d7ba0000), size 12189696, SharedBaseAddress: 0x00000223d7000000, ArchiveRelocationMode: 1.
Compressed class space mapped at: 0x00000223d8000000-0x0000022418000000, reserved size: 1073741824
Narrow klass base: 0x00000223d7000000, Narrow klass shift: 0, Narrow klass range: 0x100000000

GC Precious Log:
 CardTable entry size: 512
 CPUs: 4 total, 4 available
 Memory: 8063M
 Large Page Support: Disabled
 NUMA Support: Disabled
 Compressed Oops: Enabled (32-bit)
 Alignments: Space 512K, Generation 512K, Heap 2M
 Heap Min Capacity: 100M
 Heap Initial Capacity: 100M
 Heap Max Capacity: 2G
 Pre-touch: Disabled
 Parallel Workers: 4

Heap:
 PSYoungGen      total 29696K, used 20451K [0x00000000d5580000, 0x00000000d7680000, 0x0000000100000000)
  eden space 25600K, 79% used [0x00000000d5580000,0x00000000d6978d60,0x00000000d6e80000)
  from space 4096K, 0% used [0x00000000d7280000,0x00000000d7280000,0x00000000d7680000)
  to   space 4096K, 0% used [0x00000000d6e80000,0x00000000d6e80000,0x00000000d7280000)
 ParOldGen       total 68608K, used 0K [0x0000000080000000, 0x0000000084300000, 0x00000000d5580000)
  object space 68608K, 0% used [0x0000000080000000,0x0000000080000000,0x0000000084300000)
 Metaspace       used 3657K, committed 3904K, reserved 1114112K
  class space    used 397K, committed 512K, reserved 1048576K

Card table byte_map: [0x00000223bf8a0000,0x00000223bfcb0000] _byte_map_base: 0x00000223bf4a0000

Marking Bits: (ParMarkBitMap*) 0x00007ffda9ab44a0
 Begin Bits: [0x00000223d23a0000, 0x00000223d43a0000)
 End Bits:   [0x00000223d43a0000, 0x00000223d63a0000)

Polling page: 0x00000223bdcb0000

Metaspace:

Usage:
  Non-class:      3.18 MB used.
      Class:    397.90 KB used.
       Both:      3.57 MB used.

Virtual space:
  Non-class space:       64.00 MB reserved,       3.31 MB (  5%) committed,  1 nodes.
      Class space:        1.00 GB reserved,     512.00 KB ( <1%) committed,  1 nodes.
             Both:        1.06 GB reserved,       3.81 MB ( <1%) committed. 

Chunk freelists:
   Non-Class:  11.43 MB
       Class:  15.47 MB
        Both:  26.91 MB

MaxMetaspaceSize: unlimited
CompressedClassSpaceSize: 1.00 GB
Initial GC threshold: 21.00 MB
Current GC threshold: 21.00 MB
CDS: on
 - commit_granule_bytes: 65536.
 - commit_granule_words: 8192.
 - virtual_space_node_default_size: 8388608.
 - enlarge_chunks_in_place: 1.
 - use_allocation_guard: 0.


Internal statistics:

num_allocs_failed_limit: 0.
num_arena_births: 172.
num_arena_deaths: 0.
num_vsnodes_births: 2.
num_vsnodes_deaths: 0.
num_space_committed: 61.
num_space_uncommitted: 0.
num_chunks_returned_to_freelist: 0.
num_chunks_taken_from_freelist: 216.
num_chunk_merges: 0.
num_chunk_splits: 142.
num_chunks_enlarged: 77.
num_inconsistent_stats: 0.

CodeHeap 'non-profiled nmethods': size=120000Kb used=416Kb max_used=416Kb free=119583Kb
 bounds [0x00000223cabc0000, 0x00000223cae30000, 0x00000223d20f0000]
CodeHeap 'profiled nmethods': size=120000Kb used=1594Kb max_used=1594Kb free=118405Kb
 bounds [0x00000223c30f0000, 0x00000223c3360000, 0x00000223ca620000]
CodeHeap 'non-nmethods': size=5760Kb used=1189Kb max_used=1205Kb free=4570Kb
 bounds [0x00000223ca620000, 0x00000223ca890000, 0x00000223cabc0000]
CodeCache: size=245760Kb, used=3199Kb, max_used=3215Kb, free=242558Kb
 total_blobs=1448, nmethods=997, adapters=358, full_count=0
Compilation: enabled, stopped_count=0, restarted_count=0

Compilation events (20 events):
Event: 3.744 Thread 0x00000223d6950b90  978  s    3       java.io.ByteArrayOutputStream::toString (18 bytes)
Event: 3.745 Thread 0x00000223d6950b90 nmethod 978 0x00000223c3270710 code [0x00000223c32708c0, 0x00000223c3270b38]
Event: 3.745 Thread 0x00000223d6950b90  977       3       sun.security.util.ManifestDigester::lambda$new$0 (8 bytes)
Event: 3.745 Thread 0x00000223d6950b90 nmethod 977 0x00000223c3270c10 code [0x00000223c3270de0, 0x00000223c32711f8]
Event: 3.749 Thread 0x00000223d6950b90  980       3       java.lang.String::<init> (16 bytes)
Event: 3.750 Thread 0x00000223d6950b90 nmethod 980 0x00000223c3271390 code [0x00000223c3271560, 0x00000223c3271818]
Event: 3.750 Thread 0x00000223d68da370 nmethod 979% 0x00000223cac26b10 code [0x00000223cac26cc0, 0x00000223cac27090]
Event: 3.752 Thread 0x00000223d68da370  981   !   4       java.util.jar.Attributes::read (494 bytes)
Event: 3.759 Thread 0x00000223d6950b90  984  s    1       java.io.ByteArrayOutputStream::size (5 bytes)
Event: 3.759 Thread 0x00000223d6950b90 nmethod 984 0x00000223cac27310 code [0x00000223cac274a0, 0x00000223cac27628]
Event: 3.759 Thread 0x00000223d6950b90  986       3       java.util.Arrays::equals (43 bytes)
Event: 3.759 Thread 0x00000223d6950b90 nmethod 986 0x00000223c3271990 code [0x00000223c3271b60, 0x00000223c3271e28]
Event: 3.759 Thread 0x00000223d6950b90  987       3       sun.security.util.ObjectIdentifier::equals (36 bytes)
Event: 3.760 Thread 0x00000223d6950b90 nmethod 987 0x00000223c3271f10 code [0x00000223c32720e0, 0x00000223c32724d8]
Event: 3.760 Thread 0x00000223d6950b90  985       1       sun.security.util.DerOutputStream::buf (5 bytes)
Event: 3.760 Thread 0x00000223d6950b90 nmethod 985 0x00000223cac27690 code [0x00000223cac27820, 0x00000223cac278e8]
Event: 3.765 Thread 0x00000223d6950b90  988 %     3       java.math.BigInteger::implMultiplyToLen @ 135 (216 bytes)
Event: 3.766 Thread 0x00000223d6950b90 nmethod 988% 0x00000223c3272590 code [0x00000223c32727a0, 0x00000223c3272e88]
Event: 3.769 Thread 0x00000223d6950b90  990       3       java.math.BigInteger::implMultiplyToLen (216 bytes)
Event: 3.769 Thread 0x00000223d6950b90 nmethod 990 0x00000223c3273310 code [0x00000223c3273500, 0x00000223c3273aa8]

GC Heap History (0 events):
No events

Dll operation events (16 events):
Event: 0.014 Attempting to load shared library c:\Users\Miss_Adrianna\.vscode\extensions\redhat.java-1.56.0-win32-x64\jre\21.0.12.1-win32-x86_64\bin\java.dll
Event: 0.014 Loaded shared library c:\Users\Miss_Adrianna\.vscode\extensions\redhat.java-1.56.0-win32-x64\jre\21.0.12.1-win32-x86_64\bin\java.dll
Event: 0.489 Attempting to load shared library c:\Users\Miss_Adrianna\.vscode\extensions\redhat.java-1.56.0-win32-x64\jre\21.0.12.1-win32-x86_64\bin\zip.dll
Event: 0.490 Loaded shared library c:\Users\Miss_Adrianna\.vscode\extensions\redhat.java-1.56.0-win32-x64\jre\21.0.12.1-win32-x86_64\bin\zip.dll
Event: 0.688 Attempting to load shared library C:\Users\Miss_Adrianna\.vscode\extensions\redhat.java-1.56.0-win32-x64\jre\21.0.12.1-win32-x86_64\bin\instrument.dll
Event: 0.688 Loaded shared library C:\Users\Miss_Adrianna\.vscode\extensions\redhat.java-1.56.0-win32-x64\jre\21.0.12.1-win32-x86_64\bin\instrument.dll
Event: 0.706 Attempting to load shared library C:\Users\Miss_Adrianna\.vscode\extensions\redhat.java-1.56.0-win32-x64\jre\21.0.12.1-win32-x86_64\bin\net.dll
Event: 0.707 Loaded shared library C:\Users\Miss_Adrianna\.vscode\extensions\redhat.java-1.56.0-win32-x64\jre\21.0.12.1-win32-x86_64\bin\net.dll
Event: 0.715 Attempting to load shared library C:\Users\Miss_Adrianna\.vscode\extensions\redhat.java-1.56.0-win32-x64\jre\21.0.12.1-win32-x86_64\bin\nio.dll
Event: 0.715 Loaded shared library C:\Users\Miss_Adrianna\.vscode\extensions\redhat.java-1.56.0-win32-x64\jre\21.0.12.1-win32-x86_64\bin\nio.dll
Event: 0.720 Attempting to load shared library C:\Users\Miss_Adrianna\.vscode\extensions\redhat.java-1.56.0-win32-x64\jre\21.0.12.1-win32-x86_64\bin\zip.dll
Event: 0.720 Loaded shared library C:\Users\Miss_Adrianna\.vscode\extensions\redhat.java-1.56.0-win32-x64\jre\21.0.12.1-win32-x86_64\bin\zip.dll
Event: 0.804 Attempting to load shared library C:\Users\Miss_Adrianna\.vscode\extensions\redhat.java-1.56.0-win32-x64\jre\21.0.12.1-win32-x86_64\bin\jimage.dll
Event: 0.804 Loaded shared library C:\Users\Miss_Adrianna\.vscode\extensions\redhat.java-1.56.0-win32-x64\jre\21.0.12.1-win32-x86_64\bin\jimage.dll
Event: 1.115 Attempting to load shared library c:\Users\Miss_Adrianna\.vscode\extensions\redhat.java-1.56.0-win32-x64\jre\21.0.12.1-win32-x86_64\bin\verify.dll
Event: 1.115 Loaded shared library c:\Users\Miss_Adrianna\.vscode\extensions\redhat.java-1.56.0-win32-x64\jre\21.0.12.1-win32-x86_64\bin\verify.dll

Deoptimization events (20 events):
Event: 2.301 Thread 0x00000223bdd13a90 DEOPT PACKING pc=0x00000223cabef60c sp=0x000000bc988fdb60
Event: 2.301 Thread 0x00000223bdd13a90 DEOPT UNPACKING pc=0x00000223ca673aa2 sp=0x000000bc988fdb20 mode 2
Event: 2.301 Thread 0x00000223bdd13a90 Uncommon trap: trap_request=0xffffffde fr.pc=0x00000223cabef60c relative=0x00000000000009ac
Event: 2.301 Thread 0x00000223bdd13a90 Uncommon trap: reason=class_check action=maybe_recompile pc=0x00000223cabef60c method=java.util.HashMap.putVal(ILjava/lang/Object;Ljava/lang/Object;ZZ)Ljava/lang/Object; @ 91 c2
Event: 2.301 Thread 0x00000223bdd13a90 DEOPT PACKING pc=0x00000223cabef60c sp=0x000000bc988fdc80
Event: 2.301 Thread 0x00000223bdd13a90 DEOPT UNPACKING pc=0x00000223ca673aa2 sp=0x000000bc988fdc10 mode 2
Event: 2.305 Thread 0x00000223bdd13a90 Uncommon trap: trap_request=0xffffff6e fr.pc=0x00000223cac07fac relative=0x000000000000020c
Event: 2.305 Thread 0x00000223bdd13a90 Uncommon trap: reason=loop_limit_check action=maybe_recompile pc=0x00000223cac07fac method=java.math.BigInteger.implMulAdd([I[IIII)I @ 26 c2
Event: 2.305 Thread 0x00000223bdd13a90 DEOPT PACKING pc=0x00000223cac07fac sp=0x000000bc988fd630
Event: 2.305 Thread 0x00000223bdd13a90 DEOPT UNPACKING pc=0x00000223ca673aa2 sp=0x000000bc988fd580 mode 2
Event: 3.217 Thread 0x00000223bdd13a90 Uncommon trap: trap_request=0xffffff45 fr.pc=0x00000223cabf07e0 relative=0x0000000000000500
Event: 3.217 Thread 0x00000223bdd13a90 Uncommon trap: reason=unstable_if action=reinterpret pc=0x00000223cabf07e0 method=java.lang.AbstractStringBuilder.inflateIfNeededFor(Ljava/lang/String;)V @ 14 c2
Event: 3.217 Thread 0x00000223bdd13a90 DEOPT PACKING pc=0x00000223cabf07e0 sp=0x000000bc988fe400
Event: 3.217 Thread 0x00000223bdd13a90 DEOPT UNPACKING pc=0x00000223ca673aa2 sp=0x000000bc988fe2b0 mode 2
Event: 3.223 Thread 0x00000223bdd13a90 Uncommon trap: trap_request=0xffffff45 fr.pc=0x00000223cac111ac relative=0x000000000000008c
Event: 3.223 Thread 0x00000223bdd13a90 Uncommon trap: reason=unstable_if action=reinterpret pc=0x00000223cac111ac method=jdk.internal.misc.Unsafe.convEndian(ZI)I @ 4 c2
Event: 3.223 Thread 0x00000223bdd13a90 DEOPT PACKING pc=0x00000223cac111ac sp=0x000000bc988fd990
Event: 3.223 Thread 0x00000223bdd13a90 DEOPT UNPACKING pc=0x00000223ca673aa2 sp=0x000000bc988fd8c0 mode 2
Event: 3.398 Thread 0x00000223bdd13a90 DEOPT PACKING pc=0x00000223c3204afb sp=0x000000bc988fd1d0
Event: 3.398 Thread 0x00000223bdd13a90 DEOPT UNPACKING pc=0x00000223ca674242 sp=0x000000bc988fc648 mode 0

Classes loaded (20 events):
Event: 3.606 Loading class sun/nio/fs/WindowsLinkSupport
Event: 3.607 Loading class sun/nio/fs/WindowsLinkSupport done
Event: 3.608 Loading class sun/nio/fs/WindowsAclFileAttributeView
Event: 3.609 Loading class sun/nio/fs/AbstractAclFileAttributeView
Event: 3.609 Loading class java/nio/file/attribute/AclFileAttributeView
Event: 3.609 Loading class java/nio/file/attribute/FileOwnerAttributeView
Event: 3.609 Loading class java/nio/file/attribute/FileOwnerAttributeView done
Event: 3.609 Loading class java/nio/file/attribute/AclFileAttributeView done
Event: 3.609 Loading class sun/nio/fs/AbstractAclFileAttributeView done
Event: 3.609 Loading class sun/nio/fs/WindowsAclFileAttributeView done
Event: 3.610 Loading class sun/nio/fs/WindowsSecurity
Event: 3.611 Loading class sun/nio/fs/WindowsSecurity done
Event: 3.611 Loading class sun/nio/fs/WindowsFileStore
Event: 3.611 Loading class java/nio/file/FileStore
Event: 3.612 Loading class java/nio/file/FileStore done
Event: 3.612 Loading class sun/nio/fs/WindowsFileStore done
Event: 3.617 Loading class java/net/URLClassLoader$1
Event: 3.617 Loading class java/net/URLClassLoader$1 done
Event: 3.747 Loading class sun/security/util/MemoryCache$QueueCacheEntry
Event: 3.748 Loading class sun/security/util/MemoryCache$QueueCacheEntry done

Classes unloaded (0 events):
No events

Classes redefined (0 events):
No events

Internal exceptions (20 events):
Event: 0.893 Thread 0x00000223bdd13a90 Exception <a 'java/lang/NoSuchMethodError'{0x00000000d59dd528}: 'java.lang.Object java.lang.invoke.DirectMethodHandle$Holder.invokeStatic(java.lang.Object, java.lang.Object, java.lang.Object, java.lang.Object, int)'> (0x00000000d59dd528) 
thrown [s\src\hotspot\share\interpreter\linkResolver.cpp, line 773]
Event: 0.896 Thread 0x00000223bdd13a90 Exception <a 'java/lang/NoSuchMethodError'{0x00000000d59e8968}: 'void java.lang.invoke.DelegatingMethodHandle$Holder.reinvoke_L(java.lang.Object, java.lang.Object, java.lang.Object, int, java.lang.Object)'> (0x00000000d59e8968) 
thrown [s\src\hotspot\share\interpreter\linkResolver.cpp, line 773]
Event: 0.955 Thread 0x00000223bdd13a90 Exception <a 'java/lang/NoSuchMethodError'{0x00000000d59f92b8}: 'int java.lang.invoke.DirectMethodHandle$Holder.invokeSpecial(java.lang.Object, java.lang.Object, java.lang.Object)'> (0x00000000d59f92b8) 
thrown [s\src\hotspot\share\interpreter\linkResolver.cpp, line 773]
Event: 0.958 Thread 0x00000223bdd13a90 Exception <a 'java/lang/NoSuchMethodError'{0x00000000d5a04f78}: 'java.lang.Object java.lang.invoke.DirectMethodHandle$Holder.invokeStatic(java.lang.Object, java.lang.Object, int)'> (0x00000000d5a04f78) 
thrown [s\src\hotspot\share\interpreter\linkResolver.cpp, line 773]
Event: 0.960 Thread 0x00000223bdd13a90 Exception <a 'java/lang/NoSuchMethodError'{0x00000000d5a098c8}: 'void java.lang.invoke.DirectMethodHandle$Holder.invokeStatic(java.lang.Object, java.lang.Object, int, java.lang.Object)'> (0x00000000d5a098c8) 
thrown [s\src\hotspot\share\interpreter\linkResolver.cpp, line 773]
Event: 0.963 Thread 0x00000223bdd13a90 Exception <a 'java/lang/NoSuchMethodError'{0x00000000d5a0d458}: 'void java.lang.invoke.DirectMethodHandle$Holder.invokeSpecial(java.lang.Object, java.lang.Object, java.lang.Object, int, java.lang.Object)'> (0x00000000d5a0d458) 
thrown [s\src\hotspot\share\interpreter\linkResolver.cpp, line 773]
Event: 0.968 Thread 0x00000223bdd13a90 Exception <a 'java/lang/NoSuchMethodError'{0x00000000d5a108c8}: 'void java.lang.invoke.DelegatingMethodHandle$Holder.delegate(java.lang.Object, java.lang.Object, int, java.lang.Object)'> (0x00000000d5a108c8) 
thrown [s\src\hotspot\share\interpreter\linkResolver.cpp, line 773]
Event: 1.229 Thread 0x00000223bdd13a90 Exception <a 'java/lang/NoSuchMethodError'{0x00000000d5bd2290}: 'void java.lang.invoke.DelegatingMethodHandle$Holder.reinvoke_L(java.lang.Object, java.lang.Object, java.lang.Object, int)'> (0x00000000d5bd2290) 
thrown [s\src\hotspot\share\interpreter\linkResolver.cpp, line 773]
Event: 1.941 Thread 0x00000223bdd13a90 Exception <a 'java/lang/NoSuchMethodError'{0x00000000d6068160}: 'void java.lang.invoke.DirectMethodHandle$Holder.invokeVirtual(java.lang.Object, java.lang.Object)'> (0x00000000d6068160) 
thrown [s\src\hotspot\share\interpreter\linkResolver.cpp, line 773]
Event: 2.751 Thread 0x00000223bdd13a90 Exception <a 'java/lang/NoSuchMethodError'{0x00000000d6446b20}: 'void java.lang.invoke.DirectMethodHandle$Holder.invokeStatic(java.lang.Object, java.lang.Object)'> (0x00000000d6446b20) 
thrown [s\src\hotspot\share\interpreter\linkResolver.cpp, line 773]
Event: 2.825 Thread 0x00000223bdd13a90 Exception <a 'java/lang/ClassNotFoundException'{0x00000000d646c528}: sun/net/www/protocol/c/Handler> (0x00000000d646c528) 
thrown [s\src\hotspot\share\classfile\systemDictionary.cpp, line 313]
Event: 3.217 Thread 0x00000223bdd13a90 Exception <a 'java/io/FileNotFoundException'{0x00000000d64ca2e8}> (0x00000000d64ca2e8) 
thrown [s\src\hotspot\share\prims\jni.cpp, line 520]
Event: 3.218 Thread 0x00000223bdd13a90 Exception <a 'java/io/FileNotFoundException'{0x00000000d64cb9c0}> (0x00000000d64cb9c0) 
thrown [s\src\hotspot\share\prims\jni.cpp, line 520]
Event: 3.218 Thread 0x00000223bdd13a90 Exception <a 'java/io/FileNotFoundException'{0x00000000d64cca00}> (0x00000000d64cca00) 
thrown [s\src\hotspot\share\prims\jni.cpp, line 520]
Event: 3.219 Thread 0x00000223bdd13a90 Exception <a 'java/io/FileNotFoundException'{0x00000000d64cd8f8}> (0x00000000d64cd8f8) 
thrown [s\src\hotspot\share\prims\jni.cpp, line 520]
Event: 3.232 Thread 0x00000223bdd13a90 Exception <a 'java/io/FileNotFoundException'{0x00000000d65060d0}> (0x00000000d65060d0) 
thrown [s\src\hotspot\share\prims\jni.cpp, line 520]
Event: 3.391 Thread 0x00000223bdd13a90 Exception <a 'java/lang/NoSuchMethodError'{0x00000000d653ee50}: 'java.lang.Object java.lang.invoke.DirectMethodHandle$Holder.invokeInterface(java.lang.Object, java.lang.Object)'> (0x00000000d653ee50) 
thrown [s\src\hotspot\share\interpreter\linkResolver.cpp, line 773]
Event: 3.404 Thread 0x00000223bdd13a90 Exception <a 'java/lang/NoSuchMethodError'{0x00000000d65524c8}: 'java.lang.Object java.lang.invoke.Invokers$Holder.invokeExact_MT(java.lang.Object, java.lang.Object, java.lang.Object, java.lang.Object, java.lang.Object, java.lang.Object)'> (0x00000000d65524c8) 
thrown [s\src\hotspot\share\interpreter\linkResolver.cpp, line 773]
Event: 3.412 Thread 0x00000223bdd13a90 Exception <a 'java/lang/NoSuchMethodError'{0x00000000d65695a0}: 'int java.lang.invoke.DirectMethodHandle$Holder.invokeStatic(java.lang.Object, java.lang.Object, java.lang.Object, java.lang.Object, java.lang.Object)'> (0x00000000d65695a0) 
thrown [s\src\hotspot\share\interpreter\linkResolver.cpp, line 773]
Event: 3.542 Thread 0x00000223bdd13a90 Exception <a 'java/lang/NoSuchMethodError'{0x00000000d65fd2a0}: 'java.lang.Object java.lang.invoke.DirectMethodHandle$Holder.invokeInterface(java.lang.Object, java.lang.Object, int)'> (0x00000000d65fd2a0) 
thrown [s\src\hotspot\share\interpreter\linkResolver.cpp, line 773]

ZGC Phase Switch (0 events):
No events

VM Operations (12 events):
Event: 0.478 Executing non-safepoint VM operation: HandshakeAllThreads (Deoptimize)
Event: 0.478 Executing non-safepoint VM operation: HandshakeAllThreads (Deoptimize) done
Event: 0.852 Executing non-safepoint VM operation: HandshakeAllThreads (Deoptimize)
Event: 0.852 Executing non-safepoint VM operation: HandshakeAllThreads (Deoptimize) done
Event: 1.865 Executing safepoint VM operation: Cleanup
Event: 1.865 Executing safepoint VM operation: Cleanup done
Event: 2.376 Executing non-safepoint VM operation: HandshakeAllThreads (Deoptimize)
Event: 2.376 Executing non-safepoint VM operation: HandshakeAllThreads (Deoptimize) done
Event: 2.414 Executing non-safepoint VM operation: HandshakeAllThreads (Deoptimize)
Event: 2.414 Executing non-safepoint VM operation: HandshakeAllThreads (Deoptimize) done
Event: 3.425 Executing safepoint VM operation: Cleanup
Event: 3.425 Executing safepoint VM operation: Cleanup done

Memory protections (0 events):
No events

Nmethod flushes (0 events):
No events

Events (13 events):
Event: 0.082 Thread 0x00000223bdd13a90 Thread added: 0x00000223bdd13a90
Event: 0.145 Thread 0x00000223bdd13a90 Thread added: 0x00000223d68d0330
Event: 0.145 Thread 0x00000223bdd13a90 Thread added: 0x00000223d68d18e0
Event: 0.146 Thread 0x00000223bdd13a90 Thread added: 0x00000223d68d7360
Event: 0.146 Thread 0x00000223bdd13a90 Thread added: 0x00000223d68d8120
Event: 0.146 Thread 0x00000223bdd13a90 Thread added: 0x00000223d68d8b80
Event: 0.146 Thread 0x00000223bdd13a90 Thread added: 0x00000223d68d95e0
Event: 0.146 Thread 0x00000223bdd13a90 Thread added: 0x00000223d68da370
Event: 0.199 Thread 0x00000223bdd13a90 Thread added: 0x00000223d6950b90
Event: 0.694 Thread 0x00000223bdd13a90 Thread added: 0x00000224186d4780
Event: 1.711 Thread 0x00000223bdd13a90 Thread added: 0x00000224187c9c70
Event: 1.762 Thread 0x00000223d6950b90 Thread added: 0x00000224187b89d0
Event: 2.705 Thread 0x00000224187b89d0 Thread exited: 0x00000224187b89d0


Dynamic libraries:
0x00007ff636ca0000 - 0x00007ff636cae000 	c:\Users\Miss_Adrianna\.vscode\extensions\redhat.java-1.56.0-win32-x64\jre\21.0.12.1-win32-x86_64\bin\java.exe
0x00007ffe14130000 - 0x00007ffe14328000 	C:\WINDOWS\SYSTEM32\ntdll.dll
0x00007ffde46a0000 - 0x00007ffde46c1000 	C:\Program Files\Avast Software\Suite\aswhook.dll
0x00007ffe12770000 - 0x00007ffe12832000 	C:\WINDOWS\System32\KERNEL32.DLL
0x00007ffe11c40000 - 0x00007ffe11f36000 	C:\WINDOWS\System32\KERNELBASE.dll
0x00007ffe11f90000 - 0x00007ffe12090000 	C:\WINDOWS\System32\ucrtbase.dll
0x00007ffe0a340000 - 0x00007ffe0a358000 	c:\Users\Miss_Adrianna\.vscode\extensions\redhat.java-1.56.0-win32-x64\jre\21.0.12.1-win32-x86_64\bin\jli.dll
0x00007ffe12e10000 - 0x00007ffe12fb1000 	C:\WINDOWS\System32\USER32.dll
0x00007ffe12120000 - 0x00007ffe12142000 	C:\WINDOWS\System32\win32u.dll
0x00007ffe12fc0000 - 0x00007ffe12feb000 	C:\WINDOWS\System32\GDI32.dll
0x00007ffe119f0000 - 0x00007ffe11b09000 	C:\WINDOWS\System32\gdi32full.dll
0x00007ffe11920000 - 0x00007ffe119bd000 	C:\WINDOWS\System32\msvcp_win.dll
0x00007ffdff500000 - 0x00007ffdff51e000 	c:\Users\Miss_Adrianna\.vscode\extensions\redhat.java-1.56.0-win32-x64\jre\21.0.12.1-win32-x86_64\bin\VCRUNTIME140.dll
0x00007ffdf74f0000 - 0x00007ffdf778b000 	C:\WINDOWS\WinSxS\amd64_microsoft.windows.common-controls_6595b64144ccf1df_6.0.19041.6456_none_60b8a6cb71f64256\COMCTL32.dll
0x00007ffe14050000 - 0x00007ffe140ee000 	C:\WINDOWS\System32\msvcrt.dll
0x00007ffe12a10000 - 0x00007ffe12a3f000 	C:\WINDOWS\System32\IMM32.DLL
0x00007ffe0b710000 - 0x00007ffe0b71c000 	c:\Users\Miss_Adrianna\.vscode\extensions\redhat.java-1.56.0-win32-x64\jre\21.0.12.1-win32-x86_64\bin\vcruntime140_1.dll
0x00007ffdfec60000 - 0x00007ffdfeced000 	c:\Users\Miss_Adrianna\.vscode\extensions\redhat.java-1.56.0-win32-x64\jre\21.0.12.1-win32-x86_64\bin\msvcp140.dll
0x00007ffda8df0000 - 0x00007ffda9b92000 	c:\Users\Miss_Adrianna\.vscode\extensions\redhat.java-1.56.0-win32-x64\jre\21.0.12.1-win32-x86_64\bin\server\jvm.dll
0x00007ffe126b0000 - 0x00007ffe12761000 	C:\WINDOWS\System32\ADVAPI32.dll
0x00007ffe13180000 - 0x00007ffe1321f000 	C:\WINDOWS\System32\sechost.dll
0x00007ffe13060000 - 0x00007ffe13180000 	C:\WINDOWS\System32\RPCRT4.dll
0x00007ffe119c0000 - 0x00007ffe119e7000 	C:\WINDOWS\System32\bcrypt.dll
0x00007ffe12ff0000 - 0x00007ffe1305b000 	C:\WINDOWS\System32\WS2_32.dll
0x00007ffe10d00000 - 0x00007ffe10d4b000 	C:\WINDOWS\SYSTEM32\POWRPROF.dll
0x00007ffe0d890000 - 0x00007ffe0d8b7000 	C:\WINDOWS\SYSTEM32\WINMM.dll
0x00007ffe09bb0000 - 0x00007ffe09bba000 	C:\WINDOWS\SYSTEM32\VERSION.dll
0x00007ffe10bc0000 - 0x00007ffe10bd2000 	C:\WINDOWS\SYSTEM32\UMPDC.dll
0x00007ffe10000000 - 0x00007ffe10012000 	C:\WINDOWS\SYSTEM32\kernel.appcore.dll
0x00007ffe0a940000 - 0x00007ffe0a94a000 	c:\Users\Miss_Adrianna\.vscode\extensions\redhat.java-1.56.0-win32-x64\jre\21.0.12.1-win32-x86_64\bin\jimage.dll
0x00007ffe01990000 - 0x00007ffe01b91000 	C:\WINDOWS\SYSTEM32\DBGHELP.DLL
0x00007ffe01950000 - 0x00007ffe01984000 	C:\WINDOWS\SYSTEM32\dbgcore.DLL
0x00007ffe12090000 - 0x00007ffe12112000 	C:\WINDOWS\System32\bcryptPrimitives.dll
0x00007ffe00d20000 - 0x00007ffe00d2f000 	c:\Users\Miss_Adrianna\.vscode\extensions\redhat.java-1.56.0-win32-x64\jre\21.0.12.1-win32-x86_64\bin\instrument.dll
0x00007ffdfef40000 - 0x00007ffdfef60000 	c:\Users\Miss_Adrianna\.vscode\extensions\redhat.java-1.56.0-win32-x64\jre\21.0.12.1-win32-x86_64\bin\java.dll
0x00007ffe13730000 - 0x00007ffe13ea0000 	C:\WINDOWS\System32\SHELL32.dll
0x00007ffe0f740000 - 0x00007ffe0fee5000 	C:\WINDOWS\SYSTEM32\windows.storage.dll
0x00007ffe133d0000 - 0x00007ffe13724000 	C:\WINDOWS\System32\combase.dll
0x00007ffe111f0000 - 0x00007ffe1121b000 	C:\WINDOWS\SYSTEM32\Wldp.dll
0x00007ffe12af0000 - 0x00007ffe12bbd000 	C:\WINDOWS\System32\OLEAUT32.dll
0x00007ffe12bc0000 - 0x00007ffe12c6d000 	C:\WINDOWS\System32\SHCORE.dll
0x00007ffe12c70000 - 0x00007ffe12ccb000 	C:\WINDOWS\System32\shlwapi.dll
0x00007ffe116f0000 - 0x00007ffe11714000 	C:\WINDOWS\SYSTEM32\profapi.dll
0x00007ffdfede0000 - 0x00007ffdfedf8000 	c:\Users\Miss_Adrianna\.vscode\extensions\redhat.java-1.56.0-win32-x64\jre\21.0.12.1-win32-x86_64\bin\zip.dll
0x00007ffe09b40000 - 0x00007ffe09b50000 	C:\Users\Miss_Adrianna\.vscode\extensions\redhat.java-1.56.0-win32-x64\jre\21.0.12.1-win32-x86_64\bin\net.dll
0x00007ffe0ef60000 - 0x00007ffe0f06a000 	C:\WINDOWS\SYSTEM32\WINHTTP.dll
0x00007ffe10f50000 - 0x00007ffe10fba000 	C:\WINDOWS\system32\mswsock.dll
0x00007ffdfed90000 - 0x00007ffdfeda6000 	C:\Users\Miss_Adrianna\.vscode\extensions\redhat.java-1.56.0-win32-x64\jre\21.0.12.1-win32-x86_64\bin\nio.dll
0x00007ffdfef30000 - 0x00007ffdfef40000 	c:\Users\Miss_Adrianna\.vscode\extensions\redhat.java-1.56.0-win32-x64\jre\21.0.12.1-win32-x86_64\bin\verify.dll

JVMTI agents:
c:\Users\Miss_Adrianna\.vscode\extensions\redhat.java-1.56.0-win32-x64\lombok\lombok-1.18.39-4050.jar path:c:\Users\Miss_Adrianna\.vscode\extensions\redhat.java-1.56.0-win32-x64\jre\21.0.12.1-win32-x86_64\bin\instrument.dll, loaded, initialized, instrumentlib options:none

dbghelp: loaded successfully - version: 4.0.5 - missing functions: none
symbol engine: initialized successfully - sym options: 0x614 - pdb path: .;c:\Users\Miss_Adrianna\.vscode\extensions\redhat.java-1.56.0-win32-x64\jre\21.0.12.1-win32-x86_64\bin;C:\WINDOWS\SYSTEM32;C:\Program Files\Avast Software\Suite;C:\WINDOWS\WinSxS\amd64_microsoft.windows.common-controls_6595b64144ccf1df_6.0.19041.6456_none_60b8a6cb71f64256;c:\Users\Miss_Adrianna\.vscode\extensions\redhat.java-1.56.0-win32-x64\jre\21.0.12.1-win32-x86_64\bin\server

VM Arguments:
jvm_args: --add-modules=ALL-SYSTEM --add-opens=java.base/java.util=ALL-UNNAMED --add-opens=java.base/java.lang=ALL-UNNAMED --add-opens=java.base/sun.nio.fs=ALL-UNNAMED -Declipse.application=org.eclipse.jdt.ls.core.id1 -Dosgi.bundles.defaultStartLevel=4 -Declipse.product=org.eclipse.jdt.ls.core.product -Djava.import.generatesMetadataFilesAtProjectRoot=false -Dm2e.project.cache.size=50 -DDetectVMInstallationsJob.disabled=true -Dfile.encoding=utf8 -XX:+UseParallelGC -XX:GCTimeRatio=4 -XX:AdaptiveSizePolicyWeight=90 -Dsun.zip.disableMemoryMapping=true -Xmx2G -Xms100m -Xlog:disable -javaagent:c:\Users\Miss_Adrianna\.vscode\extensions\redhat.java-1.56.0-win32-x64\lombok\lombok-1.18.39-4050.jar -XX:+HeapDumpOnOutOfMemoryError -XX:HeapDumpPath=c:\Users\Miss_Adrianna\AppData\Roaming\Code\User\workspaceStorage\7be229bea1d7a0db4ad3fb045fb89319\redhat.java -Daether.dependencyCollector.impl=bf 
java_command: c:\Users\Miss_Adrianna\.vscode\extensions\redhat.java-1.56.0-win32-x64\server\plugins\org.eclipse.equinox.launcher_1.8.0.v20260804-1928.jar -configuration c:\Users\Miss_Adrianna\AppData\Roaming\Code\User\globalStorage\redhat.java\1.56.0\config_win -data c:\Users\Miss_Adrianna\AppData\Roaming\Code\User\workspaceStorage\7be229bea1d7a0db4ad3fb045fb89319\redhat.java\jdt_ws --pipe=\\.\pipe\lsp-1940b8edbfd7acdadd39aad9436b4a07-sock
java_class_path (initial): c:\Users\Miss_Adrianna\.vscode\extensions\redhat.java-1.56.0-win32-x64\server\plugins\org.eclipse.equinox.launcher_1.8.0.v20260804-1928.jar
Launcher Type: SUN_STANDARD

[Global flags]
    uintx AdaptiveSizePolicyWeight                 = 90                                        {product} {command line}
     intx CICompilerCount                          = 3                                         {product} {ergonomic}
    uintx GCTimeRatio                              = 4                                         {product} {command line}
     bool HeapDumpOnOutOfMemoryError               = true                                   {manageable} {command line}
    ccstr HeapDumpPath                             = c:\Users\Miss_Adrianna\AppData\Roaming\Code\User\workspaceStorage\7be229bea1d7a0db4ad3fb045fb89319\redhat.java         {manageable} {command line}
   size_t InitialHeapSize                          = 104857600                                 {product} {command line}
   size_t MaxHeapSize                              = 2147483648                                {product} {command line}
   size_t MaxNewSize                               = 715653120                                 {product} {ergonomic}
   size_t MinHeapDeltaBytes                        = 524288                                    {product} {ergonomic}
   size_t MinHeapSize                              = 104857600                                 {product} {command line}
   size_t NewSize                                  = 34603008                                  {product} {ergonomic}
    uintx NonNMethodCodeHeapSize                   = 5832780                                {pd product} {ergonomic}
    uintx NonProfiledCodeHeapSize                  = 122912730                              {pd product} {ergonomic}
   size_t OldSize                                  = 70254592                                  {product} {ergonomic}
    uintx ProfiledCodeHeapSize                     = 122912730                              {pd product} {ergonomic}
    uintx ReservedCodeCacheSize                    = 251658240                              {pd product} {ergonomic}
     bool SegmentedCodeCache                       = true                                      {product} {ergonomic}
   size_t SoftMaxHeapSize                          = 2147483648                             {manageable} {ergonomic}
     bool UseCompressedOops                        = true                           {product lp64_product} {ergonomic}
     bool UseLargePagesIndividualAllocation        = false                                  {pd product} {ergonomic}
     bool UseParallelGC                            = true                                      {product} {command line}

Logging:
Log output configuration:
 #0: stdout all=off uptime,level,tags foldmultilines=false
 #1: stderr all=off uptime,level,tags foldmultilines=false

Release file:
JAVA_VERSION="21.0.12.1" 
MODULES="java.base java.compiler java.datatransfer java.xml java.prefs java.desktop java.instrument java.logging java.management java.security.sasl java.naming java.rmi java.management.rmi java.net.http java.scripting java.security.jgss java.transaction.xa java.sql java.sql.rowset java.xml.crypto java.se java.smartcardio jdk.accessibility jdk.internal.jvmstat jdk.attach jdk.charsets jdk.internal.opt jdk.zipfs jdk.compiler jdk.crypto.ec jdk.crypto.cryptoki jdk.crypto.mscapi jdk.dynalink jdk.internal.ed jdk.editpad jdk.hotspot.agent jdk.httpserver jdk.internal.le jdk.internal.vm.ci jdk.internal.vm.compiler jdk.internal.vm.compiler.management jdk.jartool jdk.javadoc jdk.jcmd jdk.management jdk.management.agent jdk.jconsole jdk.jdeps jdk.jdwp.agent jdk.jdi jdk.jfr jdk.jshell jdk.jsobject jdk.jstatd jdk.localedata jdk.management.jfr jdk.naming.dns jdk.naming.rmi jdk.net jdk.nio.mapmode jdk.random jdk.sctp jdk.security.auth jdk.security.jgss jdk.unsupported jdk.unsupported.desktop jdk.xml.dom" 

Environment Variables:
JAVA_HOME=C:\Program Files\Eclipse Adoptium\jdk-17.0.19.10-hotspot\
PATH=C:\Program Files\Eclipse Adoptium\jdk-17.0.19.10-hotspot\bin;C:\WINDOWS\system32;C:\WINDOWS;C:\WINDOWS\System32\Wbem;C:\WINDOWS\System32\WindowsPowerShell\v1.0\;C:\WINDOWS\System32\OpenSSH\;C:\Program Files\nodejs\;C:\Program Files\Docker\Docker\resources\bin;C:\Program Files\Git\cmd;C:\Users\Miss_Adrianna\AppData\Local\Programs\Python\Python314\Scripts\;C:\Users\Miss_Adrianna\AppData\Local\Programs\Python\Python314\;C:\Users\Miss_Adrianna\AppData\Local\Programs\Python\Launcher\;C:\Users\Miss_Adrianna\AppData\Local\Microsoft\WindowsApps;C:\php;C:\Users\Miss_Adrianna\AppData\Local\Programs\Microsoft VS Code\bin;C:\Users\Miss_Adrianna\AppData\Roaming\npm;C:\Users\Miss_Adrianna\AppData\Local\GitHubDesktop\bin;C:\flutter\bin;
USERNAME=Miss_Adrianna
OS=Windows_NT
PROCESSOR_IDENTIFIER=Intel64 Family 6 Model 78 Stepping 3, GenuineIntel
TMP=C:\Users\MISS_A~1\AppData\Local\Temp
TEMP=C:\Users\MISS_A~1\AppData\Local\Temp




Periodic native trim disabled

---------------  S Y S T E M  ---------------

OS:
 Windows 10 , 64 bit Build 19041 (10.0.19041.5915)
OS uptime: 4 days 17:55 hours

CPU: total 4 (initial active 4) (2 cores per cpu, 2 threads per core) family 6 model 78 stepping 3 microcode 0xf0, cx8, cmov, fxsr, ht, mmx, 3dnowpref, sse, sse2, sse3, ssse3, sse4.1, sse4.2, popcnt, lzcnt, tsc, tscinvbit, avx, avx2, aes, erms, clmul, bmi1, bmi2, adx, fma, vzeroupper, clflush, clflushopt, rdtscp, f16c
Processor Information for the first 4 processors :
  Max Mhz: 2400, Current Mhz: 2300, Mhz Limit: 2280

Memory: 4k page, system-wide physical 8063M (517M free)
TotalPageFile size 32639M (AvailPageFile size 2M)
current process WorkingSet (physical memory assigned to process): 67M, peak: 67M
current process commit charge ("private bytes"): 220M, peak: 220M

vm_info: OpenJDK 64-Bit Server VM (21.0.12.1+1-LTS) for windows-amd64 JRE (21.0.12.1+1-LTS), built on 2026-08-18T00:00:00Z by "admin" with MS VC++ 17.12 (VS2022)

END.
