#
# There is insufficient memory for the Java Runtime Environment to continue.
# Native memory allocation (mmap) failed to map 65536 bytes. Error detail: Failed to commit metaspace.
# Possible reasons:
#   The system is out of physical RAM or swap space
#   This process is running with CompressedOops enabled, and the Java Heap may be blocking the growth of the native heap
# Possible solutions:
#   Reduce memory load on the system
#   Increase physical memory or swap space
#   Check if swap backing store is full
#   Decrease Java heap size (-Xmx/-Xms)
#   Decrease number of Java threads
#   Decrease Java thread stack sizes (-Xss)
#   Set larger code cache with -XX:ReservedCodeCacheSize=
#   JVM is running with Unscaled Compressed Oops mode in which the Java heap is
#     placed in the first 4GB address space. The Java Heap base address is the
#     maximum limit for the native heap growth. Please use -XX:HeapBaseMinAddress
#     to set the Java Heap base and to place the Java Heap above 4GB virtual address.
# This output file may be truncated or incomplete.
#
#  Out of Memory Error (virtualSpaceNode.cpp:110), pid=18292, tid=680
#
# JRE version: OpenJDK Runtime Environment Temurin-17.0.19+10 (17.0.19+10) (build 17.0.19+10)
# Java VM: OpenJDK 64-Bit Server VM Temurin-17.0.19+10 (17.0.19+10, mixed mode, sharing, tiered, compressed oops, compressed class ptrs, g1 gc, windows-amd64)
# No core dump will be written. Minidumps are not enabled by default on client versions of Windows
#

---------------  S U M M A R Y ------------

Command Line: org.jetbrains.kotlin.cli.jvm.K2JVMCompiler @C:\flutter\packages\flutter_tools\gradle\build\20260912_13534090007583826479.compiler.options

Host: Intel(R) Core(TM) i5-6200U CPU @ 2.30GHz, 4 cores, 7G,  Windows 10 , 64 bit Build 19041 (10.0.19041.5915)
Time: Sat Sep 12 07:34:48 2026 Est (heure d, 64 bit Build 19041 (10.0.19041.5915) elapsed time: 1.241199 seconds (0d 0h 0m 1s)

---------------  T H R E A D  ---------------

Current thread (0x000002b5ef4579f0):  JavaThread "main" [_thread_in_vm, id=680, stack(0x000000fe37b00000,0x000000fe37c00000)]

Stack: [0x000000fe37b00000,0x000000fe37c00000]
Native frames: (J=compiled Java code, j=interpreted, Vv=VM code, C=native code)
V  [jvm.dll+0x684b29]
V  [jvm.dll+0x83a2d5]
V  [jvm.dll+0x83bd4e]
V  [jvm.dll+0x83c3d3]
V  [jvm.dll+0x24905f]
V  [jvm.dll+0x8360bd]
V  [jvm.dll+0x62941d]
V  [jvm.dll+0x1c07e0]
V  [jvm.dll+0x62bd92]
V  [jvm.dll+0x629dd6]
V  [jvm.dll+0x633ca8]
V  [jvm.dll+0x1ea6a1]
V  [jvm.dll+0x1eab25]
V  [jvm.dll+0x1eb4d7]
V  [jvm.dll+0x1e09a1]
V  [jvm.dll+0x5482c9]
V  [jvm.dll+0x7b4f98]
V  [jvm.dll+0x7b5094]
V  [jvm.dll+0x414d34]
V  [jvm.dll+0x41b799]
C  [java.dll+0x17ec]

Java frames: (J=compiled Java code, j=interpreted, Vv=VM code)
J 281  java.lang.ClassLoader.defineClass1(Ljava/lang/ClassLoader;Ljava/lang/String;[BIILjava/security/ProtectionDomain;Ljava/lang/String;)Ljava/lang/Class; java.base@17.0.19 (0 bytes) @ 0x000002b587ae6f83 [0x000002b587ae6ec0+0x00000000000000c3]
J 688 c1 java.lang.ClassLoader.defineClass(Ljava/lang/String;[BIILjava/security/ProtectionDomain;)Ljava/lang/Class; java.base@17.0.19 (43 bytes) @ 0x000002b58011f1c4 [0x000002b58011ee80+0x0000000000000344]
J 609 c1 java.security.SecureClassLoader.defineClass(Ljava/lang/String;[BIILjava/security/CodeSource;)Ljava/lang/Class; java.base@17.0.19 (16 bytes) @ 0x000002b5800f598c [0x000002b5800f58c0+0x00000000000000cc]
J 537 c1 jdk.internal.loader.BuiltinClassLoader.defineClass(Ljava/lang/String;Ljdk/internal/loader/Resource;)Ljava/lang/Class; java.base@17.0.19 (121 bytes) @ 0x000002b5800cf70c [0x000002b5800ce540+0x00000000000011cc]
J 458 c1 jdk.internal.loader.BuiltinClassLoader.findClassOnClassPathOrNull(Ljava/lang/String;)Ljava/lang/Class; java.base@17.0.19 (64 bytes) @ 0x000002b58009fafc [0x000002b58009ea80+0x000000000000107c]
J 240 c1 jdk.internal.loader.BuiltinClassLoader.loadClassOrNull(Ljava/lang/String;Z)Ljava/lang/Class; java.base@17.0.19 (143 bytes) @ 0x000002b58004987c [0x000002b5800489c0+0x0000000000000ebc]
J 506 c1 jdk.internal.loader.ClassLoaders$AppClassLoader.loadClass(Ljava/lang/String;Z)Ljava/lang/Class; java.base@17.0.19 (40 bytes) @ 0x000002b5800b86e4 [0x000002b5800b80e0+0x0000000000000604]
J 505 c1 java.lang.ClassLoader.loadClass(Ljava/lang/String;)Ljava/lang/Class; java.base@17.0.19 (7 bytes) @ 0x000002b5800b7d4c [0x000002b5800b7c40+0x000000000000010c]
v  ~StubRoutines::call_stub
J 281  java.lang.ClassLoader.defineClass1(Ljava/lang/ClassLoader;Ljava/lang/String;[BIILjava/security/ProtectionDomain;Ljava/lang/String;)Ljava/lang/Class; java.base@17.0.19 (0 bytes) @ 0x000002b587ae6f83 [0x000002b587ae6ec0+0x00000000000000c3]
J 688 c1 java.lang.ClassLoader.defineClass(Ljava/lang/String;[BIILjava/security/ProtectionDomain;)Ljava/lang/Class; java.base@17.0.19 (43 bytes) @ 0x000002b58011f1c4 [0x000002b58011ee80+0x0000000000000344]
J 609 c1 java.security.SecureClassLoader.defineClass(Ljava/lang/String;[BIILjava/security/CodeSource;)Ljava/lang/Class; java.base@17.0.19 (16 bytes) @ 0x000002b5800f598c [0x000002b5800f58c0+0x00000000000000cc]
J 537 c1 jdk.internal.loader.BuiltinClassLoader.defineClass(Ljava/lang/String;Ljdk/internal/loader/Resource;)Ljava/lang/Class; java.base@17.0.19 (121 bytes) @ 0x000002b5800cf70c [0x000002b5800ce540+0x00000000000011cc]
J 458 c1 jdk.internal.loader.BuiltinClassLoader.findClassOnClassPathOrNull(Ljava/lang/String;)Ljava/lang/Class; java.base@17.0.19 (64 bytes) @ 0x000002b58009fafc [0x000002b58009ea80+0x000000000000107c]
J 240 c1 jdk.internal.loader.BuiltinClassLoader.loadClassOrNull(Ljava/lang/String;Z)Ljava/lang/Class; java.base@17.0.19 (143 bytes) @ 0x000002b58004987c [0x000002b5800489c0+0x0000000000000ebc]
J 506 c1 jdk.internal.loader.ClassLoaders$AppClassLoader.loadClass(Ljava/lang/String;Z)Ljava/lang/Class; java.base@17.0.19 (40 bytes) @ 0x000002b5800b86e4 [0x000002b5800b80e0+0x0000000000000604]
J 505 c1 java.lang.ClassLoader.loadClass(Ljava/lang/String;)Ljava/lang/Class; java.base@17.0.19 (7 bytes) @ 0x000002b5800b7d4c [0x000002b5800b7c40+0x000000000000010c]
v  ~StubRoutines::call_stub
J 413  java.lang.Class.forName0(Ljava/lang/String;ZLjava/lang/ClassLoader;Ljava/lang/Class;)Ljava/lang/Class; java.base@17.0.19 (0 bytes) @ 0x000002b587af35cf [0x000002b587af3540+0x000000000000008f]
J 700 c1 java.lang.Class.forName(Ljava/lang/String;ZLjava/lang/ClassLoader;)Ljava/lang/Class; java.base@17.0.19 (47 bytes) @ 0x000002b5801260b4 [0x000002b580125d20+0x0000000000000394]
J 747 c1 sun.reflect.generics.factory.CoreReflectionFactory.makeNamedType(Ljava/lang/String;)Ljava/lang/reflect/Type; java.base@17.0.19 (21 bytes) @ 0x000002b5801425fc [0x000002b580142560+0x000000000000009c]
J 744 c1 sun.reflect.generics.visitor.Reifier.visitClassTypeSignature(Lsun/reflect/generics/tree/ClassTypeSignature;)V java.base@17.0.19 (381 bytes) @ 0x000002b58013d064 [0x000002b58013c520+0x0000000000000b44]
J 743 c1 sun.reflect.generics.tree.ClassTypeSignature.accept(Lsun/reflect/generics/visitor/TypeTreeVisitor;)V java.base@17.0.19 (8 bytes) @ 0x000002b58013bf04 [0x000002b58013be40+0x00000000000000c4]
j  sun.reflect.generics.visitor.Reifier.reifyTypeArguments([Lsun/reflect/generics/tree/TypeArgument;)[Ljava/lang/reflect/Type;+18 java.base@17.0.19
J 744 c1 sun.reflect.generics.visitor.Reifier.visitClassTypeSignature(Lsun/reflect/generics/tree/ClassTypeSignature;)V java.base@17.0.19 (381 bytes) @ 0x000002b58013d14c [0x000002b58013c520+0x0000000000000c2c]
J 743 c1 sun.reflect.generics.tree.ClassTypeSignature.accept(Lsun/reflect/generics/visitor/TypeTreeVisitor;)V java.base@17.0.19 (8 bytes) @ 0x000002b58013bf04 [0x000002b58013be40+0x00000000000000c4]
j  sun.reflect.generics.repository.ClassRepository.computeSuperInterfaces()[Ljava/lang/reflect/Type;+40 java.base@17.0.19
j  sun.reflect.generics.repository.ClassRepository.getSuperInterfaces()[Ljava/lang/reflect/Type;+10 java.base@17.0.19
j  java.lang.Class.getGenericInterfaces()[Ljava/lang/reflect/Type;+17 java.base@17.0.19
j  org.jetbrains.kotlin.backend.common.phaser.PhaseFactoriesKt.createFilePhases([Lkotlin/jvm/functions/Function1;)Ljava/util/List;+86
j  org.jetbrains.kotlin.backend.jvm.JvmLoweringPhasesKt.<clinit>()V+596
v  ~StubRoutines::call_stub
j  org.jetbrains.kotlin.backend.jvm.JvmPhasesKt.getJvmPhases()Lorg/jetbrains/kotlin/backend/common/phaser/NamedCompilerPhase;+0
j  org.jetbrains.kotlin.cli.jvm.K2JVMCompiler.doExecute(Lorg/jetbrains/kotlin/cli/common/arguments/K2JVMCompilerArguments;Lorg/jetbrains/kotlin/config/CompilerConfiguration;Lorg/jetbrains/kotlin/com/intellij/openapi/Disposable;Lorg/jetbrains/kotlin/utils/KotlinPaths;)Lorg/jetbrains/kotlin/cli/common/ExitCode;+40
j  org.jetbrains.kotlin.cli.jvm.K2JVMCompiler.doExecute(Lorg/jetbrains/kotlin/cli/common/arguments/CommonCompilerArguments;Lorg/jetbrains/kotlin/config/CompilerConfiguration;Lorg/jetbrains/kotlin/com/intellij/openapi/Disposable;Lorg/jetbrains/kotlin/utils/KotlinPaths;)Lorg/jetbrains/kotlin/cli/common/ExitCode;+9
j  org.jetbrains.kotlin.cli.common.CLICompiler.execImpl(Lorg/jetbrains/kotlin/cli/common/messages/MessageCollector;Lorg/jetbrains/kotlin/config/Services;Lorg/jetbrains/kotlin/cli/common/arguments/CommonCompilerArguments;)Lorg/jetbrains/kotlin/cli/common/ExitCode;+238
j  org.jetbrains.kotlin.cli.common.CLICompiler.execImpl(Lorg/jetbrains/kotlin/cli/common/messages/MessageCollector;Lorg/jetbrains/kotlin/config/Services;Lorg/jetbrains/kotlin/cli/common/arguments/CommonToolArguments;)Lorg/jetbrains/kotlin/cli/common/ExitCode;+7
j  org.jetbrains.kotlin.cli.common.CLITool.exec(Lorg/jetbrains/kotlin/cli/common/messages/MessageCollector;Lorg/jetbrains/kotlin/config/Services;Lorg/jetbrains/kotlin/cli/common/arguments/CommonToolArguments;)Lorg/jetbrains/kotlin/cli/common/ExitCode;+76
j  org.jetbrains.kotlin.cli.common.CLITool.exec(Ljava/io/PrintStream;Lorg/jetbrains/kotlin/config/Services;Lorg/jetbrains/kotlin/cli/common/messages/MessageRenderer;[Ljava/lang/String;)Lorg/jetbrains/kotlin/cli/common/ExitCode;+239
j  org.jetbrains.kotlin.cli.common.CLITool.exec(Ljava/io/PrintStream;Lorg/jetbrains/kotlin/cli/common/messages/MessageRenderer;[Ljava/lang/String;)Lorg/jetbrains/kotlin/cli/common/ExitCode;+25
j  org.jetbrains.kotlin.cli.common.CLITool$Companion.doMainNoExit(Lorg/jetbrains/kotlin/cli/common/CLITool;[Ljava/lang/String;Lorg/jetbrains/kotlin/cli/common/messages/MessageRenderer;)Lorg/jetbrains/kotlin/cli/common/ExitCode;+39
j  org.jetbrains.kotlin.cli.common.CLITool$Companion.doMainNoExit$default(Lorg/jetbrains/kotlin/cli/common/CLITool$Companion;Lorg/jetbrains/kotlin/cli/common/CLITool;[Ljava/lang/String;Lorg/jetbrains/kotlin/cli/common/messages/MessageRenderer;ILjava/lang/Object;)Lorg/jetbrains/kotlin/cli/common/ExitCode;+16
j  org.jetbrains.kotlin.cli.common.CLITool$Companion.doMain(Lorg/jetbrains/kotlin/cli/common/CLITool;[Ljava/lang/String;)V+54
j  org.jetbrains.kotlin.cli.jvm.K2JVMCompiler$Companion.main([Ljava/lang/String;)V+20
j  org.jetbrains.kotlin.cli.jvm.K2JVMCompiler.main([Ljava/lang/String;)V+4
v  ~StubRoutines::call_stub

Compiled method (n/a) 1306  281     n 0       java.lang.ClassLoader::defineClass1 (native)
 total in heap  [0x000002b587ae6d10,0x000002b587ae7210] = 1280
 relocation     [0x000002b587ae6e70,0x000002b587ae6ea8] = 56
 main code      [0x000002b587ae6ec0,0x000002b587ae7210] = 848

[Constant Pool (empty)]

[MachCode]
[Entry Point]
  # {method} {0x000002b58f010f18} 'defineClass1' '(Ljava/lang/ClassLoader;Ljava/lang/String;[BIILjava/security/ProtectionDomain;Ljava/lang/String;)Ljava/lang/Class;' in 'java/lang/ClassLoader'
  # parm0:    rdx:rdx   = 'java/lang/ClassLoader'
  # parm1:    r8:r8     = 'java/lang/String'
  # parm2:    r9:r9     = '[B'
  # parm3:    rdi       = int
  # parm4:    rsi       = int
  # parm5:    rcx:rcx   = 'java/security/ProtectionDomain'
  # parm6:    [sp+0xa0]   = 'java/lang/String'  (sp of caller)
  0x000002b587ae6ec0: 448b 5208 | 49bb 0000 | 008f b502 | 0000 4d03 | d349 3bc2 | 0f84 0600 

  0x000002b587ae6ed8: ;   {runtime_call ic_miss_stub}
  0x000002b587ae6ed8: 0000 e9a1 | a1a9 ff90 
[Verified Entry Point]
  0x000002b587ae6ee0: 8984 2400 | 90ff ff55 | 488b ec48 | 81ec 9000 | 0000 4881 | 7d10 0000 | 0000 488d | 4510 480f 
  0x000002b587ae6f00: 4445 1048 | 8944 2440 | 4889 4c24 | 7048 83f9 | 0048 8d44 | 2470 480f | 4444 2470 | 4889 4424 
  0x000002b587ae6f20: 3848 8974 | 2430 4889 | 7c24 284c | 894c 2458 | 4983 f900 | 488d 4424 | 5848 0f44 | 4424 5848 
  0x000002b587ae6f40: 8944 2420 | 4c89 4424 | 5049 83f8 | 004c 8d4c | 2450 4c0f | 444c 2450 | 4889 5424 | 4848 83fa 
  0x000002b587ae6f60: 004c 8d44 | 2448 4c0f | 4444 2448 

  0x000002b587ae6f6c: ;   {oop(a 'java/lang/Class'{0x00000000890b8208} = 'java/lang/ClassLoader')}
  0x000002b587ae6f6c: 49be 0882 | 0b89 0000 | 0000 4c89 | 7424 784c | 8d74 2478 | 498b d6c5 

  0x000002b587ae6f84: ;   {internal_word}
  0x000002b587ae6f84: f877 49ba | 836f ae87 | b502 0000 | 4d89 97a0 | 0200 0049 | 89a7 9802 

  0x000002b587ae6f9c: ;   {external_word}
  0x000002b587ae6f9c: 0000 49ba | d5d6 b1a8 | fd7f 0000 | 4180 3a00 | 0f84 5200 | 0000 5241 

  0x000002b587ae6fb4: ;   {metadata({method} {0x000002b58f010f18} 'defineClass1' '(Ljava/lang/ClassLoader;Ljava/lang/String;[BIILjava/security/ProtectionDomain;Ljava/lang/String;)Ljava/lang/Class;' in 'java/lang/ClassLoader')}
  0x000002b587ae6fb4: 5041 5148 | ba10 0f01 | 8fb5 0200 | 0049 8bcf | 4883 ec20 | f7c4 0f00 | 0000 0f84 | 1a00 0000 
  0x000002b587ae6fd4: 4883 ec08 

  0x000002b587ae6fd8: ;   {runtime_call}
  0x000002b587ae6fd8: 49ba 80a4 | 67a8 fd7f | 0000 41ff | d248 83c4 | 08e9 0d00 

  0x000002b587ae6fec: ;   {runtime_call}
  0x000002b587ae6fec: 0000 49ba | 80a4 67a8 | fd7f 0000 | 41ff d248 | 83c4 2041 | 5941 585a | 498d 8fb8 | 0200 0041 
  0x000002b587ae700c: c787 4003 | 0000 0400 

  0x000002b587ae7014: ;   {runtime_call}
  0x000002b587ae7014: 0000 49ba | ac16 dce4 | fd7f 0000 | 41ff d2c5 | f877 41c7 | 8740 0300 | 0005 0000 | 00f0 8344 
  0x000002b587ae7034: 24c0 0049 | 3baf 4803 | 0000 0f87 | 1100 0000 | 4181 bf30 | 0300 0000 | 0000 000f | 842c 0000 
  0x000002b587ae7054: 00c5 f877 | 4889 45f8 | 498b cf4c | 8be4 4883 | ec20 4883 

  0x000002b587ae7068: ;   {runtime_call}
  0x000002b587ae7068: e4f0 49ba | d0b3 77a8 | fd7f 0000 | 41ff d249 | 8be4 4d33 | e448 8b45 | f841 c787 | 4003 0000 
  0x000002b587ae7088: 0800 0000 | 4181 bfb0 | 0300 0002 | 0000 000f | 843f 0100 

  0x000002b587ae709c: ;   {external_word}
  0x000002b587ae709c: 0049 bad5 | d6b1 a8fd | 7f00 0041 | 803a 000f | 8450 0000 | 0048 8945 

  0x000002b587ae70b4: ;   {metadata({method} {0x000002b58f010f18} 'defineClass1' '(Ljava/lang/ClassLoader;Ljava/lang/String;[BIILjava/security/ProtectionDomain;Ljava/lang/String;)Ljava/lang/Class;' in 'java/lang/ClassLoader')}
  0x000002b587ae70b4: f848 ba10 | 0f01 8fb5 | 0200 0049 | 8bcf 4883 | ec20 f7c4 | 0f00 0000 | 0f84 1a00 | 0000 4883 
  0x000002b587ae70d4: ;   {runtime_call}
  0x000002b587ae70d4: ec08 49ba | 80a4 67a8 | fd7f 0000 | 41ff d248 | 83c4 08e9 | 0d00 0000 

  0x000002b587ae70ec: ;   {runtime_call}
  0x000002b587ae70ec: 49ba 80a4 | 67a8 fd7f | 0000 41ff | d248 83c4 | 2048 8b45 | f849 c787 | 9802 0000 | 0000 0000 
  0x000002b587ae710c: 49c7 87a0 | 0200 0000 | 0000 00c5 | f877 4885 | c00f 8493 | 0000 0048 | f7c0 0100 | 0000 0f84 
  0x000002b587ae712c: 8300 0000 | 488b 40ff | 4180 7f38 | 000f 846f | 0000 0048 | 83f8 000f | 8465 0000 | 0049 8b4f 
  0x000002b587ae714c: 2048 83f9 | 000f 8414 | 0000 0048 | 83e9 0849 | 894f 2049 | 034f 3048 | 8901 e943 | 0000 0050 
  0x000002b587ae716c: 498b d748 | 8bc8 4883 | ec20 f7c4 | 0f00 0000 | 0f84 1a00 | 0000 4883 

  0x000002b587ae7184: ;   {runtime_call}
  0x000002b587ae7184: ec08 49ba | 706b 26a8 | fd7f 0000 | 41ff d248 | 83c4 08e9 | 0d00 0000 

  0x000002b587ae719c: ;   {runtime_call}
  0x000002b587ae719c: 49ba 706b | 26a8 fd7f | 0000 41ff | d248 83c4 | 2058 e903 | 0000 0048 | 8b00 498b | 8fd8 0000 
  0x000002b587ae71bc: 00c7 8100 | 0100 0000 | 0000 00c9 | 4981 7f08 | 0000 0000 | 0f85 0100 

  0x000002b587ae71d4: ;   {runtime_call StubRoutines (1)}
  0x000002b587ae71d4: 0000 c3e9 | 249d a4ff | c5f8 7748 | 8945 f84c | 8be4 4883 | ec20 4883 

  0x000002b587ae71ec: ;   {runtime_call}
  0x000002b587ae71ec: e4f0 49ba | 70d5 67a8 | fd7f 0000 | 41ff d249 | 8be4 4d33 | e448 8b45 | f8e9 93fe | ffff f4f4 
  0x000002b587ae720c: f4f4 f4f4 
[/MachCode]


Compiled method (c1) 1330  688       3       java.lang.ClassLoader::defineClass (43 bytes)
 total in heap  [0x000002b58011ec90,0x000002b58011f5a8] = 2328
 relocation     [0x000002b58011edf0,0x000002b58011ee80] = 144
 main code      [0x000002b58011ee80,0x000002b58011f300] = 1152
 stub code      [0x000002b58011f300,0x000002b58011f378] = 120
 metadata       [0x000002b58011f378,0x000002b58011f3a8] = 48
 scopes data    [0x000002b58011f3a8,0x000002b58011f498] = 240
 scopes pcs     [0x000002b58011f498,0x000002b58011f578] = 224
 dependencies   [0x000002b58011f578,0x000002b58011f580] = 8
 nul chk table  [0x000002b58011f580,0x000002b58011f5a8] = 40

[Constant Pool (empty)]

[MachCode]
[Entry Point]
  # {method} {0x000002b58f010cb0} 'defineClass' '(Ljava/lang/String;[BIILjava/security/ProtectionDomain;)Ljava/lang/Class;' in 'java/lang/ClassLoader'
  # this:     rdx:rdx   = 'java/lang/ClassLoader'
  # parm0:    r8:r8     = 'java/lang/String'
  # parm1:    r9:r9     = '[B'
  # parm2:    rdi       = int
  # parm3:    rsi       = int
  # parm4:    rcx:rcx   = 'java/security/ProtectionDomain'
  #           [sp+0xc0]  (sp of caller)
  0x000002b58011ee80: 448b 5208 | 49bb 0000 | 008f b502 | 0000 4d03 | d34c 3bd0 

  0x000002b58011ee94: ;   {runtime_call ic_miss_stub}
  0x000002b58011ee94: 0f85 e621 | 4607 660f | 1f44 0000 
[Verified Entry Point]
  0x000002b58011eea0: 8984 2400 | 90ff ff55 | 4881 ecb0 | 0000 0048 | 8954 2478 

  0x000002b58011eeb4: ;   {metadata(method data for {method} {0x000002b58f010cb0} 'defineClass' '(Ljava/lang/String;[BIILjava/security/ProtectionDomain;)Ljava/lang/Class;' in 'java/lang/ClassLoader')}
  0x000002b58011eeb4: 48bb 0824 | 11d0 b502 | 0000 8b83 | cc00 0000 | 83c0 0289 | 83cc 0000 | 0081 e0fe | 0700 0083 
  0x000002b58011eed4: f800 0f84 | 3e03 0000 | 89b4 2494 | 0000 0089 | bc24 9000 | 0000 4c89 | 8c24 8800 | 0000 488b 
  0x000002b58011eef4: ;   {metadata(method data for {method} {0x000002b58f010cb0} 'defineClass' '(Ljava/lang/String;[BIILjava/security/ProtectionDomain;)Ljava/lang/Class;' in 'java/lang/ClassLoader')}
  0x000002b58011eef4: da48 b808 | 2411 d0b5 | 0200 0048 | 8380 1001 | 0000 0149 | 8bd8 4c8b | c34c 8bc9 | 488b ca48 
  0x000002b58011ef14: 8bd1 4889 | 9c24 8000 

  0x000002b58011ef1c: ;   {optimized virtual_call}
  0x000002b58011ef1c: 0000 90e8 

  0x000002b58011ef20: ; ImmutableOopMap {[120]=Oop [136]=Oop [128]=Oop }
                      ;*invokevirtual preDefineClass {reexecute=0 rethrow=0 return_oop=0}
                      ; - java.lang.ClassLoader::defineClass@4 (line 1015)
  0x000002b58011ef20: 7c14 0000 | 4889 8424 | 9800 0000 | 488b 5424 

  0x000002b58011ef30: ;   {metadata(method data for {method} {0x000002b58f010cb0} 'defineClass' '(Ljava/lang/String;[BIILjava/security/ProtectionDomain;)Ljava/lang/Class;' in 'java/lang/ClassLoader')}
  0x000002b58011ef30: 7849 b808 | 2411 d0b5 | 0200 0049 | 8380 4801 

  0x000002b58011ef40: ;   {metadata(method data for {method} {0x000002b58f010ec0} 'defineClassSourceLocation' '(Ljava/security/ProtectionDomain;)Ljava/lang/String;' in 'java/lang/ClassLoader')}
  0x000002b58011ef40: 0000 0149 | b8f0 5b11 | d0b5 0200 | 0041 8b90 | cc00 0000 | 83c2 0241 | 8990 cc00 | 0000 81e2 
  0x000002b58011ef60: feff 1f00 | 83fa 000f | 84ce 0200 | 0048 3b00 

  0x000002b58011ef70: ;   {metadata(method data for {method} {0x000002b58f010ec0} 'defineClassSourceLocation' '(Ljava/security/ProtectionDomain;)Ljava/lang/String;' in 'java/lang/ClassLoader')}
  0x000002b58011ef70: 4c8b c048 | baf0 5b11 | d0b5 0200 | 0048 8382 | 1001 0000 | 0144 8b40 | 1049 83f8 

  0x000002b58011ef8c: ;   {metadata(method data for {method} {0x000002b58f010ec0} 'defineClassSourceLocation' '(Ljava/security/ProtectionDomain;)Ljava/lang/String;' in 'java/lang/ClassLoader')}
  0x000002b58011ef8c: 0048 baf0 | 5b11 d0b5 | 0200 0048 | c7c6 5801 | 0000 0f85 | 0700 0000 | 48c7 c648 | 0100 0048 
  0x000002b58011efac: 8b3c 3248 | 8d7f 0148 | 893c 320f | 850f 0000 

  0x000002b58011efbc: ;   {oop(NULL)}
  0x000002b58011efbc: 0048 bb00 | 0000 0000 | 0000 00e9 | a301 0000 

  0x000002b58011efcc: ; implicit exception: dispatches to 0x000002b58011f261
  0x000002b58011efcc: 493b 0049 

  0x000002b58011efd0: ;   {metadata(method data for {method} {0x000002b58f010ec0} 'defineClassSourceLocation' '(Ljava/security/ProtectionDomain;)Ljava/lang/String;' in 'java/lang/ClassLoader')}
  0x000002b58011efd0: 8bd0 48be | f05b 11d0 | b502 0000 | 4883 8668 | 0100 0001 | 418b 500c | 4883 fa00 

  0x000002b58011efec: ;   {metadata(method data for {method} {0x000002b58f010ec0} 'defineClassSourceLocation' '(Ljava/security/ProtectionDomain;)Ljava/lang/String;' in 'java/lang/ClassLoader')}
  0x000002b58011efec: 48be f05b | 11d0 b502 | 0000 48c7 | c7b0 0100 | 000f 8507 | 0000 0048 | c7c7 a001 | 0000 488b 
  0x000002b58011f00c: 1c3e 488d | 5b01 4889 | 1c3e 0f85 | 0f00 0000 

  0x000002b58011f01c: ;   {oop(NULL)}
  0x000002b58011f01c: 48bb 0000 | 0000 0000 | 0000 e944 

  0x000002b58011f028: ;   {metadata(method data for {method} {0x000002b58f010ec0} 'defineClassSourceLocation' '(Ljava/security/ProtectionDomain;)Ljava/lang/String;' in 'java/lang/ClassLoader')}
  0x000002b58011f028: 0100 0048 | bef0 5b11 | d0b5 0200 | 0048 8386 | c001 0000 | 0148 3b02 

  0x000002b58011f040: ;   {metadata(method data for {method} {0x000002b58f010ec0} 'defineClassSourceLocation' '(Ljava/security/ProtectionDomain;)Ljava/lang/String;' in 'java/lang/ClassLoader')}
  0x000002b58011f040: 4c8b c248 | bef0 5b11 | d0b5 0200 | 0048 8386 | f801 0000 

  0x000002b58011f054: ;   {metadata(method data for {method} {0x000002b58f068a68} 'toString' '()Ljava/lang/String;' in 'java/net/URL')}
  0x000002b58011f054: 0149 b830 | c30f d0b5 | 0200 0041 | 8bb0 cc00 | 0000 83c6 | 0241 89b0 | cc00 0000 | 81e6 feff 
  0x000002b58011f074: 1f00 83fe | 000f 84ec | 0100 004c 

  0x000002b58011f080: ;   {metadata(method data for {method} {0x000002b58f068a68} 'toString' '()Ljava/lang/String;' in 'java/net/URL')}
  0x000002b58011f080: 8bc2 48be | 30c3 0fd0 | b502 0000 | 4883 8610 | 0100 0001 

  0x000002b58011f094: ;   {metadata(method data for {method} {0x000002b58f069300} 'toExternalForm' '()Ljava/lang/String;' in 'java/net/URL')}
  0x000002b58011f094: 49b8 b8c4 | 0fd0 b502 | 0000 418b | b0cc 0000 | 0083 c602 | 4189 b0cc | 0000 0081 | e6fe ff1f 
  0x000002b58011f0b4: 0083 fe00 | 0f84 ce01 | 0000 8b72 | 3848 3b06 

  0x000002b58011f0c4: ;   {metadata(method data for {method} {0x000002b58f069300} 'toExternalForm' '()Ljava/lang/String;' in 'java/net/URL')}
  0x000002b58011f0c4: 4c8b c648 | bfb8 c40f | d0b5 0200 | 0045 8b40 | 0849 ba00 | 0000 8fb5 | 0200 004d | 03c2 4c3b 
  0x000002b58011f0e4: 8720 0100 | 0075 0d48 | 8387 2801 | 0000 01e9 | 6600 0000 | 4c3b 8730 | 0100 0075 | 0d48 8387 
  0x000002b58011f104: 3801 0000 | 01e9 5000 | 0000 4881 | bf20 0100 | 0000 0000 | 0075 174c | 8987 2001 | 0000 48c7 
  0x000002b58011f124: 8728 0100 | 0001 0000 | 00e9 2c00 | 0000 4881 | bf30 0100 | 0000 0000 | 0075 174c | 8987 3001 
  0x000002b58011f144: 0000 48c7 | 8738 0100 | 0001 0000 | 00e9 0800 | 0000 4883 | 8710 0100 | 0001 4c8b | c248 8bd6 
  0x000002b58011f164: ;   {optimized virtual_call}
  0x000002b58011f164: 6666 90e8 

  0x000002b58011f168: ; ImmutableOopMap {[120]=Oop [136]=Oop [128]=Oop [152]=Oop }
                      ;*invokevirtual toExternalForm {reexecute=0 rethrow=0 return_oop=0}
                      ; - java.net.URL::toExternalForm@5 (line 1039)
                      ; - java.net.URL::toString@1 (line 1025)
                      ; - java.lang.ClassLoader::defineClassSourceLocation@22 (line 917)
                      ; - java.lang.ClassLoader::defineClass@12 (line 1016)
  0x000002b58011f168: f4a1 fdff | 488b d848 | 8b84 2498 | 0000 008b | b424 9400 | 0000 8bbc | 2490 0000 | 004c 8b8c 
  0x000002b58011f188: 2488 0000 | 004c 8b84 | 2480 0000 | 0048 8b54 

  0x000002b58011f198: ;   {metadata(method data for {method} {0x000002b58f010cb0} 'defineClass' '(Ljava/lang/String;[BIILjava/security/ProtectionDomain;)Ljava/lang/Class;' in 'java/lang/ClassLoader')}
  0x000002b58011f198: 2478 48b9 | 0824 11d0 | b502 0000 | 4883 8180 | 0100 0001 | 4c8b da49 | 8bd3 488b | c848 891c 
  0x000002b58011f1b8: 2466 0f1f 

  0x000002b58011f1bc: ;   {static_call}
  0x000002b58011f1bc: 4400 00e8 

  0x000002b58011f1c0: ; ImmutableOopMap {[152]=Oop [120]=Oop }
                      ;*invokestatic defineClass1 {reexecute=0 rethrow=0 return_oop=0}
                      ; - java.lang.ClassLoader::defineClass@27 (line 1017)
  0x000002b58011f1c0: 1c7d 9c07 | 488b 5424 

  0x000002b58011f1c8: ;   {metadata(method data for {method} {0x000002b58f010cb0} 'defineClass' '(Ljava/lang/String;[BIILjava/security/ProtectionDomain;)Ljava/lang/Class;' in 'java/lang/ClassLoader')}
  0x000002b58011f1c8: 7849 b808 | 2411 d0b5 | 0200 0049 | 8380 9001 | 0000 014c | 8bc0 4c8b | 8c24 9800 | 0000 488b 
  0x000002b58011f1e8: 5424 7848 | 8984 24a0 | 0000 000f 

  0x000002b58011f1f4: ;   {optimized virtual_call}
  0x000002b58011f1f4: 1f40 00e8 

  0x000002b58011f1f8: ; ImmutableOopMap {[160]=Oop }
                      ;*invokevirtual postDefineClass {reexecute=0 rethrow=0 return_oop=0}
                      ; - java.lang.ClassLoader::defineClass@37 (line 1018)
  0x000002b58011f1f8: a423 feff | 488b 8424 | a000 0000 | 4881 c4b0 | 0000 005d 

  0x000002b58011f20c: ;   {poll_return}
  0x000002b58011f20c: 493b a748 | 0300 000f | 8799 0000 

  0x000002b58011f218: ;   {metadata({method} {0x000002b58f010cb0} 'defineClass' '(Ljava/lang/String;[BIILjava/security/ProtectionDomain;)Ljava/lang/Class;' in 'java/lang/ClassLoader')}
  0x000002b58011f218: 00c3 49ba | a80c 018f | b502 0000 | 4c89 5424 | 0848 c704 | 24ff ffff 

  0x000002b58011f230: ;   {runtime_call counter_overflow Runtime1 stub}
  0x000002b58011f230: ffe8 4ab7 

  0x000002b58011f234: ; ImmutableOopMap {rdx=Oop [120]=Oop r8=Oop r9=Oop rcx=Oop }
                      ;*synchronization entry
                      ; - java.lang.ClassLoader::defineClass@-1 (line 1015)
  0x000002b58011f234: 5007 e9a1 

  0x000002b58011f238: ;   {metadata({method} {0x000002b58f010ec0} 'defineClassSourceLocation' '(Ljava/security/ProtectionDomain;)Ljava/lang/String;' in 'java/lang/ClassLoader')}
  0x000002b58011f238: fcff ff49 | bab8 0e01 | 8fb5 0200 | 004c 8954 | 2408 48c7 | 0424 ffff 

  0x000002b58011f250: ;   {runtime_call counter_overflow Runtime1 stub}
  0x000002b58011f250: ffff e829 

  0x000002b58011f254: ; ImmutableOopMap {[120]=Oop [136]=Oop [128]=Oop rax=Oop [152]=Oop }
                      ;*synchronization entry
                      ; - java.lang.ClassLoader::defineClassSourceLocation@-1 (line 914)
                      ; - java.lang.ClassLoader::defineClass@12 (line 1016)
  0x000002b58011f254: b750 07e9 | 11fd ffff 

  0x000002b58011f25c: ;   {runtime_call throw_null_pointer_exception Runtime1 stub}
  0x000002b58011f25c: e83f 5a50 

  0x000002b58011f260: ; ImmutableOopMap {[120]=Oop [136]=Oop [128]=Oop rax=Oop [152]=Oop }
                      ;*invokevirtual getCodeSource {reexecute=0 rethrow=0 return_oop=0}
                      ; - java.lang.ClassLoader::defineClassSourceLocation@1 (line 914)
                      ; - java.lang.ClassLoader::defineClass@12 (line 1016)
                      ;   {runtime_call throw_null_pointer_exception Runtime1 stub}
  0x000002b58011f260: 07e8 3a5a 

  0x000002b58011f264: ; ImmutableOopMap {[120]=Oop [136]=Oop [128]=Oop rax=Oop [152]=Oop r8=Oop }
                      ;*invokevirtual getLocation {reexecute=0 rethrow=0 return_oop=0}
                      ; - java.lang.ClassLoader::defineClassSourceLocation@12 (line 916)
                      ; - java.lang.ClassLoader::defineClass@12 (line 1016)
                      ;   {runtime_call throw_null_pointer_exception Runtime1 stub}
  0x000002b58011f264: 5007 e835 

  0x000002b58011f268: ; ImmutableOopMap {[120]=Oop [136]=Oop [128]=Oop [152]=Oop rdx=Oop }
                      ;*invokevirtual toString {reexecute=0 rethrow=0 return_oop=0}
                      ; - java.lang.ClassLoader::defineClassSourceLocation@22 (line 917)
                      ; - java.lang.ClassLoader::defineClass@12 (line 1016)
                      ;   {metadata({method} {0x000002b58f068a68} 'toString' '()Ljava/lang/String;' in 'java/net/URL')}
  0x000002b58011f268: 5a50 0749 | ba60 8a06 | 8fb5 0200 | 004c 8954 | 2408 48c7 | 0424 ffff 

  0x000002b58011f280: ;   {runtime_call counter_overflow Runtime1 stub}
  0x000002b58011f280: ffff e8f9 

  0x000002b58011f284: ; ImmutableOopMap {[120]=Oop [136]=Oop [128]=Oop [152]=Oop rdx=Oop }
                      ;*synchronization entry
                      ; - java.net.URL::toString@-1 (line 1025)
                      ; - java.lang.ClassLoader::defineClassSourceLocation@22 (line 917)
                      ; - java.lang.ClassLoader::defineClass@12 (line 1016)
  0x000002b58011f284: b650 07e9 | f3fd ffff 

  0x000002b58011f28c: ;   {metadata({method} {0x000002b58f069300} 'toExternalForm' '()Ljava/lang/String;' in 'java/net/URL')}
  0x000002b58011f28c: 49ba f892 | 068f b502 | 0000 4c89 | 5424 0848 | c704 24ff 

  0x000002b58011f2a0: ;   {runtime_call counter_overflow Runtime1 stub}
  0x000002b58011f2a0: ffff ffe8 

  0x000002b58011f2a4: ; ImmutableOopMap {[120]=Oop [136]=Oop [128]=Oop [152]=Oop rdx=Oop }
                      ;*synchronization entry
                      ; - java.net.URL::toExternalForm@-1 (line 1039)
                      ; - java.net.URL::toString@1 (line 1025)
                      ; - java.lang.ClassLoader::defineClassSourceLocation@22 (line 917)
                      ; - java.lang.ClassLoader::defineClass@12 (line 1016)
  0x000002b58011f2a4: d8b6 5007 | e911 feff 

  0x000002b58011f2ac: ;   {runtime_call throw_null_pointer_exception Runtime1 stub}
  0x000002b58011f2ac: ffe8 ee59 

  0x000002b58011f2b0: ; ImmutableOopMap {[120]=Oop [136]=Oop [128]=Oop [152]=Oop rdx=Oop rsi=Oop }
                      ;*invokevirtual toExternalForm {reexecute=0 rethrow=0 return_oop=0}
                      ; - java.net.URL::toExternalForm@5 (line 1039)
                      ; - java.net.URL::toString@1 (line 1025)
                      ; - java.lang.ClassLoader::defineClassSourceLocation@22 (line 917)
                      ; - java.lang.ClassLoader::defineClass@12 (line 1016)
                      ;   {internal_word}
  0x000002b58011f2b0: 5007 49ba | 0cf2 1180 | b502 0000 | 4d89 9760 

  0x000002b58011f2c0: ;   {runtime_call SafepointBlob}
  0x000002b58011f2c0: 0300 00e9 | 3887 4607 | 9090 498b | 87d8 0300 | 0049 c787 | d803 0000 | 0000 0000 | 49c7 87e0 
  0x000002b58011f2e0: 0300 0000 | 0000 0048 | 81c4 b000 

  0x000002b58011f2ec: ;   {runtime_call unwind_exception Runtime1 stub}
  0x000002b58011f2ec: 0000 5de9 | 0c7a 4707 | f4f4 f4f4 | f4f4 f4f4 | f4f4 f4f4 
[Stub Code]
  0x000002b58011f300: ;   {no_reloc}
  0x000002b58011f300: 0f1f 4400 

  0x000002b58011f304: ;   {static_stub}
  0x000002b58011f304: 0048 bb60 | 0e01 8fb5 

  0x000002b58011f30c: ;   {runtime_call I2C/C2I adapters}
  0x000002b58011f30c: 0200 00e9 | cde6 4507 

  0x000002b58011f314: ;   {static_stub}
  0x000002b58011f314: 9048 bb00 | 0000 0000 

  0x000002b58011f31c: ;   {runtime_call}
  0x000002b58011f31c: 0000 00e9 | fbff ffff 

  0x000002b58011f324: ;   {static_stub}
  0x000002b58011f324: 9048 bb00 | 0000 0000 

  0x000002b58011f32c: ;   {runtime_call}
  0x000002b58011f32c: 0000 00e9 | fbff ffff 

  0x000002b58011f334: ;   {static_stub}
  0x000002b58011f334: 9048 bb00 | 0000 0000 

  0x000002b58011f33c: ;   {runtime_call}
  0x000002b58011f33c: 0000 00e9 | fbff ffff 
[Exception Handler]
  0x000002b58011f344: ;   {runtime_call handle_exception_from_callee Runtime1 stub}
  0x000002b58011f344: e837 7750 

  0x000002b58011f348: ;   {external_word}
  0x000002b58011f348: 0748 b900 | fa8b a8fd | 7f00 0048 

  0x000002b58011f354: ;   {runtime_call}
  0x000002b58011f354: 83e4 f049 | baf0 9754 | a8fd 7f00 | 0041 ffd2 

  0x000002b58011f364: ;   {section_word}
  0x000002b58011f364: f449 ba65 | f311 80b5 | 0200 0041 

  0x000002b58011f370: ;   {runtime_call DeoptimizationBlob}
  0x000002b58011f370: 52e9 2a79 | 4607 f4f4 
[/MachCode]


Compiled method (c1) 1354  609       3       java.security.SecureClassLoader::defineClass (16 bytes)
 total in heap  [0x000002b5800f5710,0x000002b5800f5b00] = 1008
 relocation     [0x000002b5800f5870,0x000002b5800f58b8] = 72
 main code      [0x000002b5800f58c0,0x000002b5800f5a00] = 320
 stub code      [0x000002b5800f5a00,0x000002b5800f5a58] = 88
 metadata       [0x000002b5800f5a58,0x000002b5800f5a60] = 8
 scopes data    [0x000002b5800f5a60,0x000002b5800f5aa8] = 72
 scopes pcs     [0x000002b5800f5aa8,0x000002b5800f5af8] = 80
 dependencies   [0x000002b5800f5af8,0x000002b5800f5b00] = 8

[Constant Pool (empty)]

[MachCode]
[Entry Point]
  # {method} {0x000002b58f435008} 'defineClass' '(Ljava/lang/String;[BIILjava/security/CodeSource;)Ljava/lang/Class;' in 'java/security/SecureClassLoader'
  # this:     rdx:rdx   = 'java/security/SecureClassLoader'
  # parm0:    r8:r8     = 'java/lang/String'
  # parm1:    r9:r9     = '[B'
  # parm2:    rdi       = int
  # parm3:    rsi       = int
  # parm4:    rcx:rcx   = 'java/security/CodeSource'
  #           [sp+0x80]  (sp of caller)
  0x000002b5800f58c0: 448b 5208 | 49bb 0000 | 008f b502 | 0000 4d03 | d34c 3bd0 

  0x000002b5800f58d4: ;   {runtime_call ic_miss_stub}
  0x000002b5800f58d4: 0f85 a6b7 | 4807 660f | 1f44 0000 
[Verified Entry Point]
  0x000002b5800f58e0: 8984 2400 | 90ff ff55 | 4883 ec70 

  0x000002b5800f58ec: ;   {metadata(method data for {method} {0x000002b58f435008} 'defineClass' '(Ljava/lang/String;[BIILjava/security/CodeSource;)Ljava/lang/Class;' in 'java/security/SecureClassLoader')}
  0x000002b5800f58ec: 48bb a89a | 0fd0 b502 | 0000 8b83 | cc00 0000 | 83c0 0289 | 83cc 0000 | 0081 e0fe | 0700 0083 
  0x000002b5800f590c: f800 0f84 | 8b00 0000 | 8974 245c | 897c 2458 | 4c89 4c24 | 504c 8944 | 2448 488b 

  0x000002b5800f5928: ;   {metadata(method data for {method} {0x000002b58f435008} 'defineClass' '(Ljava/lang/String;[BIILjava/security/CodeSource;)Ljava/lang/Class;' in 'java/security/SecureClassLoader')}
  0x000002b5800f5928: da48 b8a8 | 9a0f d0b5 | 0200 0048 | 8380 1001 | 0000 014c | 8bc1 488b | c248 8bd0 | 4889 4424 
  0x000002b5800f5948: 4066 0f1f 

  0x000002b5800f594c: ;   {optimized virtual_call}
  0x000002b5800f594c: 4400 00e8 

  0x000002b5800f5950: ; ImmutableOopMap {[80]=Oop [64]=Oop [72]=Oop }
                      ;*invokevirtual getProtectionDomain {reexecute=0 rethrow=0 return_oop=0}
                      ; - java.security.SecureClassLoader::defineClass@9 (line 150)
  0x000002b5800f5950: cc8a 0200 | 488b 5424 

  0x000002b5800f5958: ;   {metadata(method data for {method} {0x000002b58f435008} 'defineClass' '(Ljava/lang/String;[BIILjava/security/CodeSource;)Ljava/lang/Class;' in 'java/security/SecureClassLoader')}
  0x000002b5800f5958: 4049 b8a8 | 9a0f d0b5 | 0200 0049 | 8380 4801 | 0000 014c | 8b44 2448 | 4c8b 4c24 | 508b 7c24 
  0x000002b5800f5978: 588b 7424 | 5c48 8bc8 | 488b 5424 

  0x000002b5800f5984: ;   {optimized virtual_call}
  0x000002b5800f5984: 4066 90e8 

  0x000002b5800f5988: ; ImmutableOopMap {}
                      ;*invokevirtual defineClass {reexecute=0 rethrow=0 return_oop=0}
                      ; - java.security.SecureClassLoader::defineClass@12 (line 150)
  0x000002b5800f5988: 1495 0200 | 4883 c470 

  0x000002b5800f5990: ;   {poll_return}
  0x000002b5800f5990: 5d49 3ba7 | 4803 0000 | 0f87 2200 

  0x000002b5800f599c: ;   {metadata({method} {0x000002b58f435008} 'defineClass' '(Ljava/lang/String;[BIILjava/security/CodeSource;)Ljava/lang/Class;' in 'java/security/SecureClassLoader')}
  0x000002b5800f599c: 0000 c349 | ba00 5043 | 8fb5 0200 | 004c 8954 | 2408 48c7 | 0424 ffff 

  0x000002b5800f59b4: ;   {runtime_call counter_overflow Runtime1 stub}
  0x000002b5800f59b4: ffff e8c5 

  0x000002b5800f59b8: ; ImmutableOopMap {rdx=Oop r8=Oop r9=Oop rcx=Oop }
                      ;*synchronization entry
                      ; - java.security.SecureClassLoader::defineClass@-1 (line 150)
  0x000002b5800f59b8: 4f53 07e9 | 54ff ffff 

  0x000002b5800f59c0: ;   {internal_word}
  0x000002b5800f59c0: 49ba 9159 | 0f80 b502 | 0000 4d89 | 9760 0300 

  0x000002b5800f59d0: ;   {runtime_call SafepointBlob}
  0x000002b5800f59d0: 00e9 2a20 | 4907 9090 | 498b 87d8 | 0300 0049 | c787 d803 | 0000 0000 | 0000 49c7 | 87e0 0300 
  0x000002b5800f59f0: 0000 0000 | 0048 83c4 

  0x000002b5800f59f8: ;   {runtime_call unwind_exception Runtime1 stub}
  0x000002b5800f59f8: 705d e901 | 134a 07f4 
[Stub Code]
  0x000002b5800f5a00: ;   {no_reloc}
  0x000002b5800f5a00: 0f1f 4400 

  0x000002b5800f5a04: ;   {static_stub}
  0x000002b5800f5a04: 0048 bbb0 | 5043 8fb5 

  0x000002b5800f5a0c: ;   {runtime_call I2C/C2I adapters}
  0x000002b5800f5a0c: 0200 00e9 | 490c 4907 

  0x000002b5800f5a14: ;   {static_stub}
  0x000002b5800f5a14: 9048 bba8 | 0c01 8fb5 

  0x000002b5800f5a1c: ;   {runtime_call I2C/C2I adapters}
  0x000002b5800f5a1c: 0200 00e9 | c71c 4807 
[Exception Handler]
  0x000002b5800f5a24: ;   {runtime_call handle_exception_from_callee Runtime1 stub}
  0x000002b5800f5a24: e857 1053 

  0x000002b5800f5a28: ;   {external_word}
  0x000002b5800f5a28: 0748 b900 | fa8b a8fd | 7f00 0048 

  0x000002b5800f5a34: ;   {runtime_call}
  0x000002b5800f5a34: 83e4 f049 | baf0 9754 | a8fd 7f00 | 0041 ffd2 

  0x000002b5800f5a44: ;   {section_word}
  0x000002b5800f5a44: f449 ba45 | 5a0f 80b5 | 0200 0041 

  0x000002b5800f5a50: ;   {runtime_call DeoptimizationBlob}
  0x000002b5800f5a50: 52e9 4a12 | 4907 f4f4 
[/MachCode]


---------------  P R O C E S S  ---------------

Threads class SMR info:
_java_thread_list=0x000002b5fe1eea80, length=12, elements={
0x000002b5ef4579f0, 0x000002b5fdf6b670, 0x000002b5fdf6c4f0, 0x000002b5fdf801f0,
0x000002b5fdf83be0, 0x000002b5fdf845a0, 0x000002b5fdf86f70, 0x000002b5fdf8b160,
0x000002b5fdf93c20, 0x000002b5fdfaae10, 0x000002b5fe219d10, 0x000002b5fe21e2f0
}

Java Threads: ( => current thread )
=>0x000002b5ef4579f0 JavaThread "main" [_thread_in_vm, id=680, stack(0x000000fe37b00000,0x000000fe37c00000)]
  0x000002b5fdf6b670 JavaThread "Reference Handler" daemon [_thread_blocked, id=25756, stack(0x000000fe38200000,0x000000fe38300000)]
  0x000002b5fdf6c4f0 JavaThread "Finalizer" daemon [_thread_blocked, id=20176, stack(0x000000fe38300000,0x000000fe38400000)]
  0x000002b5fdf801f0 JavaThread "Signal Dispatcher" daemon [_thread_blocked, id=26288, stack(0x000000fe38400000,0x000000fe38500000)]
  0x000002b5fdf83be0 JavaThread "Attach Listener" daemon [_thread_blocked, id=24328, stack(0x000000fe38500000,0x000000fe38600000)]
  0x000002b5fdf845a0 JavaThread "Service Thread" daemon [_thread_blocked, id=5664, stack(0x000000fe38600000,0x000000fe38700000)]
  0x000002b5fdf86f70 JavaThread "Monitor Deflation Thread" daemon [_thread_blocked, id=24808, stack(0x000000fe38700000,0x000000fe38800000)]
  0x000002b5fdf8b160 JavaThread "C2 CompilerThread0" daemon [_thread_blocked, id=16380, stack(0x000000fe38800000,0x000000fe38900000)]
  0x000002b5fdf93c20 JavaThread "C1 CompilerThread0" daemon [_thread_blocked, id=22240, stack(0x000000fe38900000,0x000000fe38a00000)]
  0x000002b5fdfaae10 JavaThread "Sweeper thread" daemon [_thread_blocked, id=2288, stack(0x000000fe38a00000,0x000000fe38b00000)]
  0x000002b5fe219d10 JavaThread "Notification Thread" daemon [_thread_blocked, id=13668, stack(0x000000fe38b00000,0x000000fe38c00000)]
  0x000002b5fe21e2f0 JavaThread "Common-Cleaner" daemon [_thread_blocked, id=9872, stack(0x000000fe38d00000,0x000000fe38e00000)]

Other Threads:
  0x000002b5fdf64b50 VMThread "VM Thread" [stack: 0x000000fe38100000,0x000000fe38200000] [id=8948]
  0x000002b5fe21cc20 WatcherThread [stack: 0x000000fe38c00000,0x000000fe38d00000] [id=1428]
  0x000002b5ef4b1e30 GCTaskThread "GC Thread#0" [stack: 0x000000fe37c00000,0x000000fe37d00000] [id=13816]
  0x000002b5fe660430 GCTaskThread "GC Thread#1" [stack: 0x000000fe38e00000,0x000000fe38f00000] [id=12052]
  0x000002b5fe6606f0 GCTaskThread "GC Thread#2" [stack: 0x000000fe38f00000,0x000000fe39000000] [id=2024]
  0x000002b5fe672720 GCTaskThread "GC Thread#3" [stack: 0x000000fe39000000,0x000000fe39100000] [id=7520]
  0x000002b5ef4c2980 ConcurrentGCThread "G1 Main Marker" [stack: 0x000000fe37d00000,0x000000fe37e00000] [id=13572]
  0x000002b5ef4c4b50 ConcurrentGCThread "G1 Conc#0" [stack: 0x000000fe37e00000,0x000000fe37f00000] [id=1260]
  0x000002b5fde220c0 ConcurrentGCThread "G1 Refine#0" [stack: 0x000000fe37f00000,0x000000fe38000000] [id=21372]
  0x000002b5fde22af0 ConcurrentGCThread "G1 Service" [stack: 0x000000fe38000000,0x000000fe38100000] [id=25212]

Threads with active compile tasks:

VM state: not at safepoint (normal execution)

VM Mutex/Monitor currently owned by a thread:  ([mutex/lock_event])
[0x000002b5ef451a80] Metaspace_lock - owner thread: 0x000002b5ef4579f0

Heap address: 0x0000000082000000, size: 2016 MB, Compressed Oops mode: 32-bit

CDS archive(s) mapped at: [0x000002b58f000000-0x000002b58fbb0000-0x000002b58fbb0000), size 12255232, SharedBaseAddress: 0x000002b58f000000, ArchiveRelocationMode: 1.
Compressed class space mapped at: 0x000002b590000000-0x000002b5d0000000, reserved size: 1073741824
Narrow klass base: 0x000002b58f000000, Narrow klass shift: 0, Narrow klass range: 0x100000000

GC Precious Log:
 CPUs: 4 total, 4 available
 Memory: 8063M
 Large Page Support: Disabled
 NUMA Support: Disabled
 Compressed Oops: Enabled (32-bit)
 Heap Region Size: 1M
 Heap Min Capacity: 8M
 Heap Initial Capacity: 126M
 Heap Max Capacity: 2016M
 Pre-touch: Disabled
 Parallel Workers: 4
 Concurrent Workers: 1
 Concurrent Refinement Workers: 4
 Periodic GC: Disabled

Heap:
 garbage-first heap   total 129024K, used 15584K [0x0000000082000000, 0x0000000100000000)
  region size 1024K, 13 young (13312K), 2 survivors (2048K)
 Metaspace       used 7048K, committed 7104K, reserved 1114112K
  class space    used 731K, committed 768K, reserved 1048576K

Heap Regions: E=young(eden), S=young(survivor), O=old, HS=humongous(starts), HC=humongous(continues), CS=collection set, F=free, OA=open archive, CA=closed archive, TAMS=top-at-mark-start (previous, next)
|   0|0x0000000082000000, 0x0000000082100000, 0x0000000082100000|100%|HS|  |TAMS 0x0000000082000000, 0x0000000082000000| Complete 
|   1|0x0000000082100000, 0x0000000082200000, 0x0000000082200000|100%|HC|  |TAMS 0x0000000082100000, 0x0000000082100000| Complete 
|   2|0x0000000082200000, 0x0000000082300000, 0x0000000082300000|100%|HC|  |TAMS 0x0000000082200000, 0x0000000082200000| Complete 
|   3|0x0000000082300000, 0x0000000082300000, 0x0000000082400000|  0%| F|  |TAMS 0x0000000082300000, 0x0000000082300000| Untracked 
|   4|0x0000000082400000, 0x0000000082438000, 0x0000000082500000| 21%| O|  |TAMS 0x0000000082400000, 0x0000000082400000| Untracked 
|   5|0x0000000082500000, 0x0000000082500000, 0x0000000082600000|  0%| F|  |TAMS 0x0000000082500000, 0x0000000082500000| Untracked 
|   6|0x0000000082600000, 0x0000000082600000, 0x0000000082700000|  0%| F|  |TAMS 0x0000000082600000, 0x0000000082600000| Untracked 
|   7|0x0000000082700000, 0x0000000082700000, 0x0000000082800000|  0%| F|  |TAMS 0x0000000082700000, 0x0000000082700000| Untracked 
|   8|0x0000000082800000, 0x0000000082800000, 0x0000000082900000|  0%| F|  |TAMS 0x0000000082800000, 0x0000000082800000| Untracked 
|   9|0x0000000082900000, 0x0000000082900000, 0x0000000082a00000|  0%| F|  |TAMS 0x0000000082900000, 0x0000000082900000| Untracked 
|  10|0x0000000082a00000, 0x0000000082a00000, 0x0000000082b00000|  0%| F|  |TAMS 0x0000000082a00000, 0x0000000082a00000| Untracked 
|  11|0x0000000082b00000, 0x0000000082b00000, 0x0000000082c00000|  0%| F|  |TAMS 0x0000000082b00000, 0x0000000082b00000| Untracked 
|  12|0x0000000082c00000, 0x0000000082c00000, 0x0000000082d00000|  0%| F|  |TAMS 0x0000000082c00000, 0x0000000082c00000| Untracked 
|  13|0x0000000082d00000, 0x0000000082d00000, 0x0000000082e00000|  0%| F|  |TAMS 0x0000000082d00000, 0x0000000082d00000| Untracked 
|  14|0x0000000082e00000, 0x0000000082e00000, 0x0000000082f00000|  0%| F|  |TAMS 0x0000000082e00000, 0x0000000082e00000| Untracked 
|  15|0x0000000082f00000, 0x0000000082f00000, 0x0000000083000000|  0%| F|  |TAMS 0x0000000082f00000, 0x0000000082f00000| Untracked 
|  16|0x0000000083000000, 0x0000000083000000, 0x0000000083100000|  0%| F|  |TAMS 0x0000000083000000, 0x0000000083000000| Untracked 
|  17|0x0000000083100000, 0x0000000083100000, 0x0000000083200000|  0%| F|  |TAMS 0x0000000083100000, 0x0000000083100000| Untracked 
|  18|0x0000000083200000, 0x0000000083200000, 0x0000000083300000|  0%| F|  |TAMS 0x0000000083200000, 0x0000000083200000| Untracked 
|  19|0x0000000083300000, 0x0000000083300000, 0x0000000083400000|  0%| F|  |TAMS 0x0000000083300000, 0x0000000083300000| Untracked 
|  20|0x0000000083400000, 0x0000000083400000, 0x0000000083500000|  0%| F|  |TAMS 0x0000000083400000, 0x0000000083400000| Untracked 
|  21|0x0000000083500000, 0x0000000083500000, 0x0000000083600000|  0%| F|  |TAMS 0x0000000083500000, 0x0000000083500000| Untracked 
|  22|0x0000000083600000, 0x0000000083600000, 0x0000000083700000|  0%| F|  |TAMS 0x0000000083600000, 0x0000000083600000| Untracked 
|  23|0x0000000083700000, 0x0000000083700000, 0x0000000083800000|  0%| F|  |TAMS 0x0000000083700000, 0x0000000083700000| Untracked 
|  24|0x0000000083800000, 0x0000000083800000, 0x0000000083900000|  0%| F|  |TAMS 0x0000000083800000, 0x0000000083800000| Untracked 
|  25|0x0000000083900000, 0x0000000083900000, 0x0000000083a00000|  0%| F|  |TAMS 0x0000000083900000, 0x0000000083900000| Untracked 
|  26|0x0000000083a00000, 0x0000000083a00000, 0x0000000083b00000|  0%| F|  |TAMS 0x0000000083a00000, 0x0000000083a00000| Untracked 
|  27|0x0000000083b00000, 0x0000000083b00000, 0x0000000083c00000|  0%| F|  |TAMS 0x0000000083b00000, 0x0000000083b00000| Untracked 
|  28|0x0000000083c00000, 0x0000000083c00000, 0x0000000083d00000|  0%| F|  |TAMS 0x0000000083c00000, 0x0000000083c00000| Untracked 
|  29|0x0000000083d00000, 0x0000000083d00000, 0x0000000083e00000|  0%| F|  |TAMS 0x0000000083d00000, 0x0000000083d00000| Untracked 
|  30|0x0000000083e00000, 0x0000000083e00000, 0x0000000083f00000|  0%| F|  |TAMS 0x0000000083e00000, 0x0000000083e00000| Untracked 
|  31|0x0000000083f00000, 0x0000000083f00000, 0x0000000084000000|  0%| F|  |TAMS 0x0000000083f00000, 0x0000000083f00000| Untracked 
|  32|0x0000000084000000, 0x0000000084000000, 0x0000000084100000|  0%| F|  |TAMS 0x0000000084000000, 0x0000000084000000| Untracked 
|  33|0x0000000084100000, 0x0000000084100000, 0x0000000084200000|  0%| F|  |TAMS 0x0000000084100000, 0x0000000084100000| Untracked 
|  34|0x0000000084200000, 0x0000000084200000, 0x0000000084300000|  0%| F|  |TAMS 0x0000000084200000, 0x0000000084200000| Untracked 
|  35|0x0000000084300000, 0x0000000084300000, 0x0000000084400000|  0%| F|  |TAMS 0x0000000084300000, 0x0000000084300000| Untracked 
|  36|0x0000000084400000, 0x0000000084400000, 0x0000000084500000|  0%| F|  |TAMS 0x0000000084400000, 0x0000000084400000| Untracked 
|  37|0x0000000084500000, 0x0000000084500000, 0x0000000084600000|  0%| F|  |TAMS 0x0000000084500000, 0x0000000084500000| Untracked 
|  38|0x0000000084600000, 0x0000000084600000, 0x0000000084700000|  0%| F|  |TAMS 0x0000000084600000, 0x0000000084600000| Untracked 
|  39|0x0000000084700000, 0x0000000084700000, 0x0000000084800000|  0%| F|  |TAMS 0x0000000084700000, 0x0000000084700000| Untracked 
|  40|0x0000000084800000, 0x0000000084800000, 0x0000000084900000|  0%| F|  |TAMS 0x0000000084800000, 0x0000000084800000| Untracked 
|  41|0x0000000084900000, 0x0000000084900000, 0x0000000084a00000|  0%| F|  |TAMS 0x0000000084900000, 0x0000000084900000| Untracked 
|  42|0x0000000084a00000, 0x0000000084a00000, 0x0000000084b00000|  0%| F|  |TAMS 0x0000000084a00000, 0x0000000084a00000| Untracked 
|  43|0x0000000084b00000, 0x0000000084b00000, 0x0000000084c00000|  0%| F|  |TAMS 0x0000000084b00000, 0x0000000084b00000| Untracked 
|  44|0x0000000084c00000, 0x0000000084c00000, 0x0000000084d00000|  0%| F|  |TAMS 0x0000000084c00000, 0x0000000084c00000| Untracked 
|  45|0x0000000084d00000, 0x0000000084d00000, 0x0000000084e00000|  0%| F|  |TAMS 0x0000000084d00000, 0x0000000084d00000| Untracked 
|  46|0x0000000084e00000, 0x0000000084e00000, 0x0000000084f00000|  0%| F|  |TAMS 0x0000000084e00000, 0x0000000084e00000| Untracked 
|  47|0x0000000084f00000, 0x0000000084f00000, 0x0000000085000000|  0%| F|  |TAMS 0x0000000084f00000, 0x0000000084f00000| Untracked 
|  48|0x0000000085000000, 0x0000000085000000, 0x0000000085100000|  0%| F|  |TAMS 0x0000000085000000, 0x0000000085000000| Untracked 
|  49|0x0000000085100000, 0x0000000085100000, 0x0000000085200000|  0%| F|  |TAMS 0x0000000085100000, 0x0000000085100000| Untracked 
|  50|0x0000000085200000, 0x0000000085200000, 0x0000000085300000|  0%| F|  |TAMS 0x0000000085200000, 0x0000000085200000| Untracked 
|  51|0x0000000085300000, 0x0000000085300000, 0x0000000085400000|  0%| F|  |TAMS 0x0000000085300000, 0x0000000085300000| Untracked 
|  52|0x0000000085400000, 0x0000000085400000, 0x0000000085500000|  0%| F|  |TAMS 0x0000000085400000, 0x0000000085400000| Untracked 
|  53|0x0000000085500000, 0x0000000085500000, 0x0000000085600000|  0%| F|  |TAMS 0x0000000085500000, 0x0000000085500000| Untracked 
|  54|0x0000000085600000, 0x0000000085600000, 0x0000000085700000|  0%| F|  |TAMS 0x0000000085600000, 0x0000000085600000| Untracked 
|  55|0x0000000085700000, 0x0000000085700000, 0x0000000085800000|  0%| F|  |TAMS 0x0000000085700000, 0x0000000085700000| Untracked 
|  56|0x0000000085800000, 0x0000000085800000, 0x0000000085900000|  0%| F|  |TAMS 0x0000000085800000, 0x0000000085800000| Untracked 
|  57|0x0000000085900000, 0x0000000085900000, 0x0000000085a00000|  0%| F|  |TAMS 0x0000000085900000, 0x0000000085900000| Untracked 
|  58|0x0000000085a00000, 0x0000000085a00000, 0x0000000085b00000|  0%| F|  |TAMS 0x0000000085a00000, 0x0000000085a00000| Untracked 
|  59|0x0000000085b00000, 0x0000000085b00000, 0x0000000085c00000|  0%| F|  |TAMS 0x0000000085b00000, 0x0000000085b00000| Untracked 
|  60|0x0000000085c00000, 0x0000000085c00000, 0x0000000085d00000|  0%| F|  |TAMS 0x0000000085c00000, 0x0000000085c00000| Untracked 
|  61|0x0000000085d00000, 0x0000000085d00000, 0x0000000085e00000|  0%| F|  |TAMS 0x0000000085d00000, 0x0000000085d00000| Untracked 
|  62|0x0000000085e00000, 0x0000000085e00000, 0x0000000085f00000|  0%| F|  |TAMS 0x0000000085e00000, 0x0000000085e00000| Untracked 
|  63|0x0000000085f00000, 0x0000000085f00000, 0x0000000086000000|  0%| F|  |TAMS 0x0000000085f00000, 0x0000000085f00000| Untracked 
|  64|0x0000000086000000, 0x0000000086000000, 0x0000000086100000|  0%| F|  |TAMS 0x0000000086000000, 0x0000000086000000| Untracked 
|  65|0x0000000086100000, 0x0000000086100000, 0x0000000086200000|  0%| F|  |TAMS 0x0000000086100000, 0x0000000086100000| Untracked 
|  66|0x0000000086200000, 0x0000000086200000, 0x0000000086300000|  0%| F|  |TAMS 0x0000000086200000, 0x0000000086200000| Untracked 
|  67|0x0000000086300000, 0x0000000086300000, 0x0000000086400000|  0%| F|  |TAMS 0x0000000086300000, 0x0000000086300000| Untracked 
|  68|0x0000000086400000, 0x0000000086400000, 0x0000000086500000|  0%| F|  |TAMS 0x0000000086400000, 0x0000000086400000| Untracked 
|  69|0x0000000086500000, 0x0000000086500000, 0x0000000086600000|  0%| F|  |TAMS 0x0000000086500000, 0x0000000086500000| Untracked 
|  70|0x0000000086600000, 0x0000000086600000, 0x0000000086700000|  0%| F|  |TAMS 0x0000000086600000, 0x0000000086600000| Untracked 
|  71|0x0000000086700000, 0x0000000086700000, 0x0000000086800000|  0%| F|  |TAMS 0x0000000086700000, 0x0000000086700000| Untracked 
|  72|0x0000000086800000, 0x0000000086800000, 0x0000000086900000|  0%| F|  |TAMS 0x0000000086800000, 0x0000000086800000| Untracked 
|  73|0x0000000086900000, 0x0000000086900000, 0x0000000086a00000|  0%| F|  |TAMS 0x0000000086900000, 0x0000000086900000| Untracked 
|  74|0x0000000086a00000, 0x0000000086a00000, 0x0000000086b00000|  0%| F|  |TAMS 0x0000000086a00000, 0x0000000086a00000| Untracked 
|  75|0x0000000086b00000, 0x0000000086b00000, 0x0000000086c00000|  0%| F|  |TAMS 0x0000000086b00000, 0x0000000086b00000| Untracked 
|  76|0x0000000086c00000, 0x0000000086c00000, 0x0000000086d00000|  0%| F|  |TAMS 0x0000000086c00000, 0x0000000086c00000| Untracked 
|  77|0x0000000086d00000, 0x0000000086d00000, 0x0000000086e00000|  0%| F|  |TAMS 0x0000000086d00000, 0x0000000086d00000| Untracked 
|  78|0x0000000086e00000, 0x0000000086e00000, 0x0000000086f00000|  0%| F|  |TAMS 0x0000000086e00000, 0x0000000086e00000| Untracked 
|  79|0x0000000086f00000, 0x0000000086f00000, 0x0000000087000000|  0%| F|  |TAMS 0x0000000086f00000, 0x0000000086f00000| Untracked 
|  80|0x0000000087000000, 0x0000000087000000, 0x0000000087100000|  0%| F|  |TAMS 0x0000000087000000, 0x0000000087000000| Untracked 
|  81|0x0000000087100000, 0x0000000087100000, 0x0000000087200000|  0%| F|  |TAMS 0x0000000087100000, 0x0000000087100000| Untracked 
|  82|0x0000000087200000, 0x0000000087200000, 0x0000000087300000|  0%| F|  |TAMS 0x0000000087200000, 0x0000000087200000| Untracked 
|  83|0x0000000087300000, 0x0000000087300000, 0x0000000087400000|  0%| F|  |TAMS 0x0000000087300000, 0x0000000087300000| Untracked 
|  84|0x0000000087400000, 0x0000000087400000, 0x0000000087500000|  0%| F|  |TAMS 0x0000000087400000, 0x0000000087400000| Untracked 
|  85|0x0000000087500000, 0x0000000087500000, 0x0000000087600000|  0%| F|  |TAMS 0x0000000087500000, 0x0000000087500000| Untracked 
|  86|0x0000000087600000, 0x0000000087600000, 0x0000000087700000|  0%| F|  |TAMS 0x0000000087600000, 0x0000000087600000| Untracked 
|  87|0x0000000087700000, 0x0000000087700000, 0x0000000087800000|  0%| F|  |TAMS 0x0000000087700000, 0x0000000087700000| Untracked 
|  88|0x0000000087800000, 0x0000000087800000, 0x0000000087900000|  0%| F|  |TAMS 0x0000000087800000, 0x0000000087800000| Untracked 
|  89|0x0000000087900000, 0x0000000087900000, 0x0000000087a00000|  0%| F|  |TAMS 0x0000000087900000, 0x0000000087900000| Untracked 
|  90|0x0000000087a00000, 0x0000000087a00000, 0x0000000087b00000|  0%| F|  |TAMS 0x0000000087a00000, 0x0000000087a00000| Untracked 
|  91|0x0000000087b00000, 0x0000000087b00000, 0x0000000087c00000|  0%| F|  |TAMS 0x0000000087b00000, 0x0000000087b00000| Untracked 
|  92|0x0000000087c00000, 0x0000000087c00000, 0x0000000087d00000|  0%| F|  |TAMS 0x0000000087c00000, 0x0000000087c00000| Untracked 
|  93|0x0000000087d00000, 0x0000000087d00000, 0x0000000087e00000|  0%| F|  |TAMS 0x0000000087d00000, 0x0000000087d00000| Untracked 
|  94|0x0000000087e00000, 0x0000000087e00000, 0x0000000087f00000|  0%| F|  |TAMS 0x0000000087e00000, 0x0000000087e00000| Untracked 
|  95|0x0000000087f00000, 0x0000000087f00000, 0x0000000088000000|  0%| F|  |TAMS 0x0000000087f00000, 0x0000000087f00000| Untracked 
|  96|0x0000000088000000, 0x0000000088000000, 0x0000000088100000|  0%| F|  |TAMS 0x0000000088000000, 0x0000000088000000| Untracked 
|  97|0x0000000088100000, 0x0000000088100000, 0x0000000088200000|  0%| F|  |TAMS 0x0000000088100000, 0x0000000088100000| Untracked 
|  98|0x0000000088200000, 0x0000000088200000, 0x0000000088300000|  0%| F|  |TAMS 0x0000000088200000, 0x0000000088200000| Untracked 
|  99|0x0000000088300000, 0x0000000088300000, 0x0000000088400000|  0%| F|  |TAMS 0x0000000088300000, 0x0000000088300000| Untracked 
| 100|0x0000000088400000, 0x0000000088400000, 0x0000000088500000|  0%| F|  |TAMS 0x0000000088400000, 0x0000000088400000| Untracked 
| 101|0x0000000088500000, 0x0000000088500000, 0x0000000088600000|  0%| F|  |TAMS 0x0000000088500000, 0x0000000088500000| Untracked 
| 102|0x0000000088600000, 0x0000000088600000, 0x0000000088700000|  0%| F|  |TAMS 0x0000000088600000, 0x0000000088600000| Untracked 
| 103|0x0000000088700000, 0x0000000088700000, 0x0000000088800000|  0%| F|  |TAMS 0x0000000088700000, 0x0000000088700000| Untracked 
| 104|0x0000000088800000, 0x0000000088800000, 0x0000000088900000|  0%| F|  |TAMS 0x0000000088800000, 0x0000000088800000| Untracked 
| 105|0x0000000088900000, 0x0000000088900000, 0x0000000088a00000|  0%| F|  |TAMS 0x0000000088900000, 0x0000000088900000| Untracked 
| 106|0x0000000088a00000, 0x0000000088a00000, 0x0000000088b00000|  0%| F|  |TAMS 0x0000000088a00000, 0x0000000088a00000| Untracked 
| 107|0x0000000088b00000, 0x0000000088b00000, 0x0000000088c00000|  0%| F|  |TAMS 0x0000000088b00000, 0x0000000088b00000| Untracked 
| 108|0x0000000088c00000, 0x0000000088c00000, 0x0000000088d00000|  0%| F|  |TAMS 0x0000000088c00000, 0x0000000088c00000| Untracked 
| 109|0x0000000088d00000, 0x0000000088d00000, 0x0000000088e00000|  0%| F|  |TAMS 0x0000000088d00000, 0x0000000088d00000| Untracked 
| 110|0x0000000088e00000, 0x0000000088e00000, 0x0000000088f00000|  0%| F|  |TAMS 0x0000000088e00000, 0x0000000088e00000| Untracked 
| 111|0x0000000088f00000, 0x0000000089000000, 0x0000000089000000|100%| S|CS|TAMS 0x0000000088f00000, 0x0000000088f00000| Complete 
| 112|0x0000000089000000, 0x0000000089100000, 0x0000000089100000|100%| S|CS|TAMS 0x0000000089000000, 0x0000000089000000| Complete 
| 113|0x0000000089100000, 0x0000000089100000, 0x0000000089200000|  0%| F|  |TAMS 0x0000000089100000, 0x0000000089100000| Untracked 
| 114|0x0000000089200000, 0x0000000089200000, 0x0000000089300000|  0%| F|  |TAMS 0x0000000089200000, 0x0000000089200000| Untracked 
| 115|0x0000000089300000, 0x0000000089400000, 0x0000000089400000|100%| E|  |TAMS 0x0000000089300000, 0x0000000089300000| Complete 
| 116|0x0000000089400000, 0x0000000089500000, 0x0000000089500000|100%| E|CS|TAMS 0x0000000089400000, 0x0000000089400000| Complete 
| 117|0x0000000089500000, 0x0000000089600000, 0x0000000089600000|100%| E|CS|TAMS 0x0000000089500000, 0x0000000089500000| Complete 
| 118|0x0000000089600000, 0x0000000089700000, 0x0000000089700000|100%| E|CS|TAMS 0x0000000089600000, 0x0000000089600000| Complete 
| 119|0x0000000089700000, 0x0000000089800000, 0x0000000089800000|100%| E|CS|TAMS 0x0000000089700000, 0x0000000089700000| Complete 
| 120|0x0000000089800000, 0x0000000089900000, 0x0000000089900000|100%| E|CS|TAMS 0x0000000089800000, 0x0000000089800000| Complete 
| 121|0x0000000089900000, 0x0000000089a00000, 0x0000000089a00000|100%| E|CS|TAMS 0x0000000089900000, 0x0000000089900000| Complete 
| 122|0x0000000089a00000, 0x0000000089b00000, 0x0000000089b00000|100%| E|CS|TAMS 0x0000000089a00000, 0x0000000089a00000| Complete 
| 123|0x0000000089b00000, 0x0000000089c00000, 0x0000000089c00000|100%| E|CS|TAMS 0x0000000089b00000, 0x0000000089b00000| Complete 
| 124|0x0000000089c00000, 0x0000000089d00000, 0x0000000089d00000|100%| E|CS|TAMS 0x0000000089c00000, 0x0000000089c00000| Complete 
| 125|0x0000000089d00000, 0x0000000089e00000, 0x0000000089e00000|100%| E|CS|TAMS 0x0000000089d00000, 0x0000000089d00000| Complete 

Card table byte_map: [0x000002b5f73d0000,0x000002b5f77c0000] _byte_map_base: 0x000002b5f6fc0000

Marking Bits (Prev, Next): (CMBitMap*) 0x000002b5ef4b2450, (CMBitMap*) 0x000002b5ef4b2490
 Prev Bits: [0x000002b5f7bb0000, 0x000002b5f9b30000)
 Next Bits: [0x000002b5f9b30000, 0x000002b5fbab0000)

Polling page: 0x000002b5ed5d0000

Metaspace:

Usage:
  Non-class:      6.17 MB used.
      Class:    731.70 KB used.
       Both:      6.88 MB used.

Virtual space:
  Non-class space:       64.00 MB reserved,       6.19 MB ( 10%) committed,  1 nodes.
      Class space:        1.00 GB reserved,     768.00 KB ( <1%) committed,  1 nodes.
             Both:        1.06 GB reserved,       6.94 MB ( <1%) committed. 

Chunk freelists:
   Non-Class:  7.05 MB
       Class:  15.13 MB
        Both:  22.17 MB

MaxMetaspaceSize: unlimited
CompressedClassSpaceSize: 1.00 GB
Initial GC threshold: 21.00 MB
Current GC threshold: 21.00 MB
CDS: on
MetaspaceReclaimPolicy: balanced
 - commit_granule_bytes: 65536.
 - commit_granule_words: 8192.
 - virtual_space_node_default_size: 8388608.
 - enlarge_chunks_in_place: 1.
 - new_chunks_are_fully_committed: 0.
 - uncommit_free_chunks: 1.
 - use_allocation_guard: 0.
 - handle_deallocations: 1.


Internal statistics:

num_allocs_failed_limit: 0.
num_arena_births: 22.
num_arena_deaths: 0.
num_vsnodes_births: 2.
num_vsnodes_deaths: 0.
num_space_committed: 111.
num_space_uncommitted: 0.
num_chunks_returned_to_freelist: 0.
num_chunks_taken_from_freelist: 244.
num_chunk_merges: 0.
num_chunk_splits: 189.
num_chunks_enlarged: 172.
num_inconsistent_stats: 0.

CodeHeap 'non-profiled nmethods': size=120000Kb used=225Kb max_used=225Kb free=119774Kb
 bounds [0x000002b587ad0000, 0x000002b587d40000, 0x000002b58f000000]
CodeHeap 'profiled nmethods': size=120000Kb used=1318Kb max_used=1318Kb free=118681Kb
 bounds [0x000002b580000000, 0x000002b580270000, 0x000002b587530000]
CodeHeap 'non-nmethods': size=5760Kb used=1145Kb max_used=1161Kb free=4614Kb
 bounds [0x000002b587530000, 0x000002b5877a0000, 0x000002b587ad0000]
 total_blobs=1202 nmethods=768 adapters=347
 compilation: enabled
              stopped_count=0, restarted_count=0
 full_count=0

Compilation events (20 events):
Event: 1.220 Thread 0x000002b5fdf93c20 nmethod 757 0x000002b580146b90 code [0x000002b580146d80, 0x000002b5801474b8]
Event: 1.223 Thread 0x000002b5fdf8b160  758       4       kotlin.jvm.internal.Intrinsics::checkNotNullParameter (9 bytes)
Event: 1.223 Thread 0x000002b5fdf93c20  759       3       sun.reflect.annotation.AnnotationParser::parseStringArray (85 bytes)
Event: 1.223 Thread 0x000002b5fdf8b160 nmethod 758 0x000002b587b07590 code [0x000002b587b07700, 0x000002b587b07778]
Event: 1.224 Thread 0x000002b5fdf93c20 nmethod 759 0x000002b580147610 code [0x000002b580147840, 0x000002b580147fe8]
Event: 1.226 Thread 0x000002b5fdf93c20  760       3       java.nio.ByteBuffer::limit (8 bytes)
Event: 1.226 Thread 0x000002b5fdf93c20 nmethod 760 0x000002b580148290 code [0x000002b580148440, 0x000002b580148588]
Event: 1.226 Thread 0x000002b5fdf93c20  761       3       jdk.internal.reflect.ConstantPool::getIntAt (10 bytes)
Event: 1.226 Thread 0x000002b5fdf93c20 nmethod 761 0x000002b580148610 code [0x000002b5801487c0, 0x000002b580148908]
Event: 1.230 Thread 0x000002b5fdf8b160  762       4       java.nio.HeapByteBuffer::getShort (29 bytes)
Event: 1.232 Thread 0x000002b5fdf8b160 nmethod 762 0x000002b587b07890 code [0x000002b587b07a20, 0x000002b587b07b58]
Event: 1.232 Thread 0x000002b5fdf8b160  764       4       java.lang.StringCoding::hasNegatives (25 bytes)
Event: 1.232 Thread 0x000002b5fdf93c20  765   !   2       jdk.internal.misc.ScopedMemoryAccess::getShortUnaligned (22 bytes)
Event: 1.233 Thread 0x000002b5fdf93c20 nmethod 765 0x000002b580148990 code [0x000002b580148b60, 0x000002b580148e28]
Event: 1.233 Thread 0x000002b5fdf93c20  766   !   2       jdk.internal.misc.ScopedMemoryAccess::getShortUnalignedInternal (38 bytes)
Event: 1.233 Thread 0x000002b5fdf93c20 nmethod 766 0x000002b580149010 code [0x000002b5801491c0, 0x000002b580149378]
Event: 1.233 Thread 0x000002b5fdf93c20  767       3       java.nio.ByteBuffer::<init> (47 bytes)
Event: 1.233 Thread 0x000002b5fdf93c20 nmethod 767 0x000002b580149490 code [0x000002b580149640, 0x000002b580149868]
Event: 1.236 Thread 0x000002b5fdf8b160 nmethod 764 0x000002b587b07c90 code [0x000002b587b07e20, 0x000002b587b08058]
Event: 1.236 Thread 0x000002b5fdf8b160  768       4       java.util.concurrent.ConcurrentHashMap::setTabAt (20 bytes)

GC Heap History (2 events):
Event: 0.847 GC heap before
{Heap before GC invocations=0 (full 0):
 garbage-first heap   total 129024K, used 16384K [0x0000000082000000, 0x0000000100000000)
  region size 1024K, 13 young (13312K), 0 survivors (0K)
 Metaspace       used 4347K, committed 4544K, reserved 1114112K
  class space    used 354K, committed 448K, reserved 1048576K
}
Event: 0.852 GC heap after
{Heap after GC invocations=1 (full 0):
 garbage-first heap   total 129024K, used 5344K [0x0000000082000000, 0x0000000100000000)
  region size 1024K, 2 young (2048K), 2 survivors (2048K)
 Metaspace       used 4347K, committed 4544K, reserved 1114112K
  class space    used 354K, committed 448K, reserved 1048576K
}

Dll operation events (6 events):
Event: 0.015 Loaded shared library C:\Program Files\Eclipse Adoptium\jdk-17.0.19.10-hotspot\bin\java.dll
Event: 0.043 Loaded shared library C:\Program Files\Eclipse Adoptium\jdk-17.0.19.10-hotspot\bin\jsvml.dll
Event: 0.122 Loaded shared library C:\Program Files\Eclipse Adoptium\jdk-17.0.19.10-hotspot\bin\net.dll
Event: 0.125 Loaded shared library C:\Program Files\Eclipse Adoptium\jdk-17.0.19.10-hotspot\bin\nio.dll
Event: 0.181 Loaded shared library C:\Program Files\Eclipse Adoptium\jdk-17.0.19.10-hotspot\bin\zip.dll
Event: 0.231 Loaded shared library C:\Program Files\Eclipse Adoptium\jdk-17.0.19.10-hotspot\bin\jimage.dll

Deoptimization events (20 events):
Event: 0.250 Thread 0x000002b5ef4579f0 Uncommon trap: trap_request=0xffffff45 fr.pc=0x000002b587ad5c64 relative=0x0000000000000704
Event: 0.250 Thread 0x000002b5ef4579f0 Uncommon trap: reason=unstable_if action=reinterpret pc=0x000002b587ad5c64 method=java.util.zip.ZipFile$Source.checkAndAddEntry(II)I @ 50 c2
Event: 0.250 Thread 0x000002b5ef4579f0 DEOPT PACKING pc=0x000002b587ad5c64 sp=0x000000fe37bfe740
Event: 0.250 Thread 0x000002b5ef4579f0 DEOPT UNPACKING pc=0x000002b5875869a3 sp=0x000000fe37bfe6b0 mode 2
Event: 0.413 Thread 0x000002b5ef4579f0 DEOPT PACKING pc=0x000002b5800172c3 sp=0x000000fe37bee860
Event: 0.413 Thread 0x000002b5ef4579f0 DEOPT UNPACKING pc=0x000002b587587143 sp=0x000000fe37bedc80 mode 0
Event: 0.431 Thread 0x000002b5ef4579f0 DEOPT PACKING pc=0x000002b580016645 sp=0x000000fe37bfe500
Event: 0.431 Thread 0x000002b5ef4579f0 DEOPT UNPACKING pc=0x000002b587587143 sp=0x000000fe37bfd978 mode 0
Event: 0.698 Thread 0x000002b5ef4579f0 Uncommon trap: trap_request=0xffffff6e fr.pc=0x000002b587ae3228 relative=0x0000000000000188
Event: 0.698 Thread 0x000002b5ef4579f0 Uncommon trap: reason=loop_limit_check action=maybe_recompile pc=0x000002b587ae3228 method=java.lang.StringLatin1.lastIndexOf([BII)I @ 19 c2
Event: 0.698 Thread 0x000002b5ef4579f0 DEOPT PACKING pc=0x000002b587ae3228 sp=0x000000fe37bfcce0
Event: 0.698 Thread 0x000002b5ef4579f0 DEOPT UNPACKING pc=0x000002b5875869a3 sp=0x000000fe37bfcc60 mode 2
Event: 0.995 Thread 0x000002b5ef4579f0 Uncommon trap: trap_request=0xffffff45 fr.pc=0x000002b587af3ab0 relative=0x0000000000000090
Event: 0.995 Thread 0x000002b5ef4579f0 Uncommon trap: reason=unstable_if action=reinterpret pc=0x000002b587af3ab0 method=sun.reflect.generics.parser.SignatureParser.current()C @ 39 c2
Event: 0.995 Thread 0x000002b5ef4579f0 DEOPT PACKING pc=0x000002b587af3ab0 sp=0x000000fe37bfd4a0
Event: 0.995 Thread 0x000002b5ef4579f0 DEOPT UNPACKING pc=0x000002b5875869a3 sp=0x000000fe37bfd438 mode 2
Event: 1.076 Thread 0x000002b5ef4579f0 DEOPT PACKING pc=0x000002b5800a1acf sp=0x000000fe37bfd280
Event: 1.076 Thread 0x000002b5ef4579f0 DEOPT UNPACKING pc=0x000002b587587143 sp=0x000000fe37bfc6e0 mode 0
Event: 1.230 Thread 0x000002b5ef4579f0 DEOPT PACKING pc=0x000002b58002f8ca sp=0x000000fe37bfcd90
Event: 1.230 Thread 0x000002b5ef4579f0 DEOPT UNPACKING pc=0x000002b587587143 sp=0x000000fe37bfc218 mode 0

Classes loaded (20 events):
Event: 0.994 Loading class java/lang/reflect/TypeVariable
Event: 0.994 Loading class java/lang/reflect/TypeVariable done
Event: 0.995 Loading class sun/reflect/generics/tree/FormalTypeParameter
Event: 0.995 Loading class sun/reflect/generics/tree/FormalTypeParameter done
Event: 0.995 Loading class sun/reflect/generics/tree/ClassSignature
Event: 0.995 Loading class sun/reflect/generics/tree/Signature
Event: 0.995 Loading class sun/reflect/generics/tree/Signature done
Event: 0.995 Loading class sun/reflect/generics/tree/ClassSignature done
Event: 1.003 Loading class sun/reflect/generics/reflectiveObjects/ParameterizedTypeImpl
Event: 1.004 Loading class java/lang/reflect/ParameterizedType
Event: 1.004 Loading class java/lang/reflect/ParameterizedType done
Event: 1.004 Loading class sun/reflect/generics/reflectiveObjects/ParameterizedTypeImpl done
Event: 1.004 Loading class sun/reflect/generics/tree/TypeVariableSignature
Event: 1.004 Loading class sun/reflect/generics/tree/TypeVariableSignature done
Event: 1.004 Loading class sun/reflect/generics/reflectiveObjects/TypeVariableImpl
Event: 1.005 Loading class sun/reflect/generics/reflectiveObjects/LazyReflectiveObjectGenerator
Event: 1.005 Loading class sun/reflect/generics/reflectiveObjects/LazyReflectiveObjectGenerator done
Event: 1.005 Loading class sun/reflect/generics/reflectiveObjects/TypeVariableImpl done
Event: 1.016 Loading class java/lang/Class$AnnotationData
Event: 1.017 Loading class java/lang/Class$AnnotationData done

Classes unloaded (0 events):
No events

Classes redefined (0 events):
No events

Internal exceptions (4 events):
Event: 0.857 Thread 0x000002b5ef4579f0 Exception <a 'java/lang/NoSuchMethodError'{0x0000000089d20770}: 'java.lang.Object java.lang.invoke.DirectMethodHandle$Holder.newInvokeSpecial(java.lang.Object, java.lang.Object, java.lang.Object, java.lang.Object, java.lang.Object)'> (0x0000000089d20770) 
thrown [s\src\hotspot\share\interpreter\linkResolver.cpp, line 759]
Event: 0.988 Thread 0x000002b5ef4579f0 Exception <a 'java/lang/NoSuchMethodError'{0x0000000089be7790}: 'java.lang.Object java.lang.invoke.DirectMethodHandle$Holder.invokeStaticInit(java.lang.Object)'> (0x0000000089be7790) 
thrown [s\src\hotspot\share\interpreter\linkResolver.cpp, line 759]
Event: 1.020 Thread 0x000002b5ef4579f0 Exception <a 'java/lang/NoSuchMethodError'{0x0000000089a868a0}: 'java.lang.Object java.lang.invoke.DirectMethodHandle$Holder.invokeStaticInit(java.lang.Object, java.lang.Object, java.lang.Object, java.lang.Object)'> (0x0000000089a868a0) 
thrown [s\src\hotspot\share\interpreter\linkResolver.cpp, line 759]
Event: 1.022 Thread 0x000002b5ef4579f0 Exception <a 'java/lang/NoSuchMethodError'{0x0000000089a92040}: 'java.lang.Object java.lang.invoke.DirectMethodHandle$Holder.invokeStaticInit(java.lang.Object, int, java.lang.Object, java.lang.Object, java.lang.Object)'> (0x0000000089a92040) 
thrown [s\src\hotspot\share\interpreter\linkResolver.cpp, line 759]

VM Operations (8 events):
Event: 0.182 Executing VM operation: HandshakeAllThreads
Event: 0.182 Executing VM operation: HandshakeAllThreads done
Event: 0.695 Executing VM operation: HandshakeAllThreads
Event: 0.695 Executing VM operation: HandshakeAllThreads done
Event: 0.847 Executing VM operation: G1CollectForAllocation
Event: 0.852 Executing VM operation: G1CollectForAllocation done
Event: 0.986 Executing VM operation: HandshakeAllThreads
Event: 0.986 Executing VM operation: HandshakeAllThreads done

Memory protections (0 events):
No events

Nmethod flushes (0 events):
No events

Events (12 events):
Event: 0.044 Thread 0x000002b5ef4579f0 Thread added: 0x000002b5ef4579f0
Event: 0.048 Thread 0x000002b5ef4579f0 Thread added: 0x000002b5fdf6b670
Event: 0.048 Thread 0x000002b5ef4579f0 Thread added: 0x000002b5fdf6c4f0
Event: 0.066 Thread 0x000002b5ef4579f0 Thread added: 0x000002b5fdf801f0
Event: 0.067 Thread 0x000002b5ef4579f0 Thread added: 0x000002b5fdf83be0
Event: 0.067 Thread 0x000002b5ef4579f0 Thread added: 0x000002b5fdf845a0
Event: 0.067 Thread 0x000002b5ef4579f0 Thread added: 0x000002b5fdf86f70
Event: 0.067 Thread 0x000002b5ef4579f0 Thread added: 0x000002b5fdf8b160
Event: 0.068 Thread 0x000002b5ef4579f0 Thread added: 0x000002b5fdf93c20
Event: 0.068 Thread 0x000002b5ef4579f0 Thread added: 0x000002b5fdfaae10
Event: 0.113 Thread 0x000002b5ef4579f0 Thread added: 0x000002b5fe219d10
Event: 0.116 Thread 0x000002b5ef4579f0 Thread added: 0x000002b5fe21e2f0


Dynamic libraries:
0x00007ff7c0cc0000 - 0x00007ff7c0cce000 	C:\Program Files\Eclipse Adoptium\jdk-17.0.19.10-hotspot\bin\java.exe
0x00007ffe14130000 - 0x00007ffe14328000 	C:\WINDOWS\SYSTEM32\ntdll.dll
0x00007ffde46a0000 - 0x00007ffde46c1000 	C:\Program Files\Avast Software\Suite\aswhook.dll
0x00007ffe12770000 - 0x00007ffe12832000 	C:\WINDOWS\System32\KERNEL32.DLL
0x00007ffe11c40000 - 0x00007ffe11f36000 	C:\WINDOWS\System32\KERNELBASE.dll
0x00007ffe11f90000 - 0x00007ffe12090000 	C:\WINDOWS\System32\ucrtbase.dll
0x00007ffde4e40000 - 0x00007ffde4e5e000 	C:\Program Files\Eclipse Adoptium\jdk-17.0.19.10-hotspot\bin\VCRUNTIME140.dll
0x00007ffde4e60000 - 0x00007ffde4e78000 	C:\Program Files\Eclipse Adoptium\jdk-17.0.19.10-hotspot\bin\jli.dll
0x00007ffe12e10000 - 0x00007ffe12fb1000 	C:\WINDOWS\System32\USER32.dll
0x00007ffdf74f0000 - 0x00007ffdf778b000 	C:\WINDOWS\WinSxS\amd64_microsoft.windows.common-controls_6595b64144ccf1df_6.0.19041.6456_none_60b8a6cb71f64256\COMCTL32.dll
0x00007ffe12120000 - 0x00007ffe12142000 	C:\WINDOWS\System32\win32u.dll
0x00007ffe12fc0000 - 0x00007ffe12feb000 	C:\WINDOWS\System32\GDI32.dll
0x00007ffe14050000 - 0x00007ffe140ee000 	C:\WINDOWS\System32\msvcrt.dll
0x00007ffe119f0000 - 0x00007ffe11b09000 	C:\WINDOWS\System32\gdi32full.dll
0x00007ffe11920000 - 0x00007ffe119bd000 	C:\WINDOWS\System32\msvcp_win.dll
0x00007ffe12a10000 - 0x00007ffe12a3f000 	C:\WINDOWS\System32\IMM32.DLL
0x00007ffdee3e0000 - 0x00007ffdee3ec000 	C:\Program Files\Eclipse Adoptium\jdk-17.0.19.10-hotspot\bin\vcruntime140_1.dll
0x00007ffdaf8a0000 - 0x00007ffdaf92d000 	C:\Program Files\Eclipse Adoptium\jdk-17.0.19.10-hotspot\bin\msvcp140.dll
0x00007ffda7f90000 - 0x00007ffda8bfc000 	C:\Program Files\Eclipse Adoptium\jdk-17.0.19.10-hotspot\bin\server\jvm.dll
0x00007ffe126b0000 - 0x00007ffe12761000 	C:\WINDOWS\System32\ADVAPI32.dll
0x00007ffe13180000 - 0x00007ffe1321f000 	C:\WINDOWS\System32\sechost.dll
0x00007ffe13060000 - 0x00007ffe13180000 	C:\WINDOWS\System32\RPCRT4.dll
0x00007ffe119c0000 - 0x00007ffe119e7000 	C:\WINDOWS\System32\bcrypt.dll
0x00007ffe12ff0000 - 0x00007ffe1305b000 	C:\WINDOWS\System32\WS2_32.dll
0x00007ffe10d00000 - 0x00007ffe10d4b000 	C:\WINDOWS\SYSTEM32\POWRPROF.dll
0x00007ffe0d890000 - 0x00007ffe0d8b7000 	C:\WINDOWS\SYSTEM32\WINMM.dll
0x00007ffe09bb0000 - 0x00007ffe09bba000 	C:\WINDOWS\SYSTEM32\VERSION.dll
0x00007ffe10bc0000 - 0x00007ffe10bd2000 	C:\WINDOWS\SYSTEM32\UMPDC.dll
0x00007ffe10000000 - 0x00007ffe10012000 	C:\WINDOWS\SYSTEM32\kernel.appcore.dll
0x00007ffdea810000 - 0x00007ffdea81a000 	C:\Program Files\Eclipse Adoptium\jdk-17.0.19.10-hotspot\bin\jimage.dll
0x00007ffe01990000 - 0x00007ffe01b91000 	C:\WINDOWS\SYSTEM32\DBGHELP.DLL
0x00007ffe01950000 - 0x00007ffe01984000 	C:\WINDOWS\SYSTEM32\dbgcore.DLL
0x00007ffe12090000 - 0x00007ffe12112000 	C:\WINDOWS\System32\bcryptPrimitives.dll
0x00007ffde4dc0000 - 0x00007ffde4de5000 	C:\Program Files\Eclipse Adoptium\jdk-17.0.19.10-hotspot\bin\java.dll
0x00007ffdaf7c0000 - 0x00007ffdaf897000 	C:\Program Files\Eclipse Adoptium\jdk-17.0.19.10-hotspot\bin\jsvml.dll
0x00007ffe13730000 - 0x00007ffe13ea0000 	C:\WINDOWS\System32\SHELL32.dll
0x00007ffe0f740000 - 0x00007ffe0fee5000 	C:\WINDOWS\SYSTEM32\windows.storage.dll
0x00007ffe133d0000 - 0x00007ffe13724000 	C:\WINDOWS\System32\combase.dll
0x00007ffe111f0000 - 0x00007ffe1121b000 	C:\WINDOWS\SYSTEM32\Wldp.dll
0x00007ffe12af0000 - 0x00007ffe12bbd000 	C:\WINDOWS\System32\OLEAUT32.dll
0x00007ffe12bc0000 - 0x00007ffe12c6d000 	C:\WINDOWS\System32\SHCORE.dll
0x00007ffe12c70000 - 0x00007ffe12ccb000 	C:\WINDOWS\System32\shlwapi.dll
0x00007ffe116f0000 - 0x00007ffe11714000 	C:\WINDOWS\SYSTEM32\profapi.dll
0x00007ffde3270000 - 0x00007ffde328a000 	C:\Program Files\Eclipse Adoptium\jdk-17.0.19.10-hotspot\bin\net.dll
0x00007ffe0ef60000 - 0x00007ffe0f06a000 	C:\WINDOWS\SYSTEM32\WINHTTP.dll
0x00007ffe10f50000 - 0x00007ffe10fba000 	C:\WINDOWS\system32\mswsock.dll
0x00007ffdd78b0000 - 0x00007ffdd78c6000 	C:\Program Files\Eclipse Adoptium\jdk-17.0.19.10-hotspot\bin\nio.dll
0x00007ffde3640000 - 0x00007ffde3658000 	C:\Program Files\Eclipse Adoptium\jdk-17.0.19.10-hotspot\bin\zip.dll

dbghelp: loaded successfully - version: 4.0.5 - missing functions: none
symbol engine: initialized successfully - sym options: 0x614 - pdb path: .;C:\Program Files\Eclipse Adoptium\jdk-17.0.19.10-hotspot\bin;C:\WINDOWS\SYSTEM32;C:\Program Files\Avast Software\Suite;C:\WINDOWS\WinSxS\amd64_microsoft.windows.common-controls_6595b64144ccf1df_6.0.19041.6456_none_60b8a6cb71f64256;C:\Program Files\Eclipse Adoptium\jdk-17.0.19.10-hotspot\bin\server

VM Arguments:
java_command: org.jetbrains.kotlin.cli.jvm.K2JVMCompiler @C:\flutter\packages\flutter_tools\gradle\build\20260912_13534090007583826479.compiler.options
java_class_path (initial): C:\Users\Miss_Adrianna\.gradle\caches\modules-2\files-2.1\org.jetbrains.kotlin\kotlin-compiler-embeddable\2.0.21\79346ed53db48b18312a472602eb5c057070c54d\kotlin-compiler-embeddable-2.0.21.jar;C:\Users\Miss_Adrianna\.gradle\caches\modules-2\files-2.1\org.jetbrains.kotlin\kotlin-stdlib\2.0.21\618b539767b4899b4660a83006e052b63f1db551\kotlin-stdlib-2.0.21.jar;C:\Users\Miss_Adrianna\.gradle\caches\modules-2\files-2.1\org.jetbrains.kotlin\kotlin-script-runtime\2.0.21\c9b044380ad41f89aa89aa896c2d32a8c0b2129d\kotlin-script-runtime-2.0.21.jar;C:\Users\Miss_Adrianna\.gradle\caches\modules-2\files-2.1\org.jetbrains.kotlin\kotlin-reflect\1.6.10\1cbe9c92c12a94eea200d23c2bbaedaf3daf5132\kotlin-reflect-1.6.10.jar;C:\Users\Miss_Adrianna\.gradle\caches\modules-2\files-2.1\org.jetbrains.kotlin\kotlin-daemon-embeddable\2.0.21\c9e933b23287de9b5a17e2116b4657bb91aea72c\kotlin-daemon-embeddable-2.0.21.jar;C:\Users\Miss_Adrianna\.gradle\caches\modules-2\files-2.1\org.jetbrains.intellij.deps\trove4j\1.0.20200330\3afb14d5f9ceb459d724e907a21145e8ff394f02\trove4j-1.0.20200330.jar;C:\Users\Miss_Adrianna\.gradle\caches\modules-2\files-2.1\org.jetbrains.kotlinx\kotlinx-coroutines-core-jvm\1.6.4\2c997cd1c0ef33f3e751d3831929aeff1390cb30\kotlinx-coroutines-core-jvm-1.6.4.jar;C:\Users\Miss_Adrianna\.gradle\caches\modules-2\files-2.1\org.jetbrains\annotations\13.0\919f0dfe192fb4e063e7dacadee7f8bb9a2672a9\annotations-13.0.jar
Launcher Type: SUN_STANDARD

[Global flags]
     intx CICompilerCount                          = 3                                         {product} {ergonomic}
     uint ConcGCThreads                            = 1                                         {product} {ergonomic}
     uint G1ConcRefinementThreads                  = 4                                         {product} {ergonomic}
   size_t G1HeapRegionSize                         = 1048576                                   {product} {ergonomic}
    uintx GCDrainStackTargetSize                   = 64                                        {product} {ergonomic}
   size_t InitialHeapSize                          = 132120576                                 {product} {ergonomic}
   size_t MarkStackSize                            = 4194304                                   {product} {ergonomic}
   size_t MaxHeapSize                              = 2113929216                                {product} {ergonomic}
   size_t MaxNewSize                               = 1267728384                                {product} {ergonomic}
   size_t MinHeapDeltaBytes                        = 1048576                                   {product} {ergonomic}
   size_t MinHeapSize                              = 8388608                                   {product} {ergonomic}
    uintx NonNMethodCodeHeapSize                   = 5832780                                {pd product} {ergonomic}
    uintx NonProfiledCodeHeapSize                  = 122912730                              {pd product} {ergonomic}
    uintx ProfiledCodeHeapSize                     = 122912730                              {pd product} {ergonomic}
    uintx ReservedCodeCacheSize                    = 251658240                              {pd product} {ergonomic}
     bool SegmentedCodeCache                       = true                                      {product} {ergonomic}
   size_t SoftMaxHeapSize                          = 2113929216                             {manageable} {ergonomic}
     bool UseCompressedClassPointers               = true                           {product lp64_product} {ergonomic}
     bool UseCompressedOops                        = true                           {product lp64_product} {ergonomic}
     bool UseG1GC                                  = true                                      {product} {ergonomic}
     bool UseLargePagesIndividualAllocation        = false                                  {pd product} {ergonomic}

Logging:
Log output configuration:
 #0: stdout all=warning uptime,level,tags
 #1: stderr all=off uptime,level,tags

Environment Variables:
JAVA_HOME=C:\Program Files\Eclipse Adoptium\jdk-17.0.19.10-hotspot\
PATH=C:\Program Files\Eclipse Adoptium\jdk-17.0.19.10-hotspot\bin;C:\WINDOWS\system32;C:\WINDOWS;C:\WINDOWS\System32\Wbem;C:\WINDOWS\System32\WindowsPowerShell\v1.0\;C:\WINDOWS\System32\OpenSSH\;C:\Program Files\nodejs\;C:\Program Files\Docker\Docker\resources\bin;C:\Program Files\Git\cmd;C:\Users\Miss_Adrianna\AppData\Local\Programs\Python\Python314\Scripts\;C:\Users\Miss_Adrianna\AppData\Local\Programs\Python\Python314\;C:\Users\Miss_Adrianna\AppData\Local\Programs\Python\Launcher\;C:\Users\Miss_Adrianna\AppData\Local\Microsoft\WindowsApps;C:\php;C:\Users\Miss_Adrianna\AppData\Local\Programs\Microsoft VS Code\bin;C:\Users\Miss_Adrianna\AppData\Roaming\npm;C:\Users\Miss_Adrianna\AppData\Local\GitHubDesktop\bin;C:\flutter\bin;
USERNAME=Miss_Adrianna
OS=Windows_NT
PROCESSOR_IDENTIFIER=Intel64 Family 6 Model 78 Stepping 3, GenuineIntel
TMP=C:\Users\MISS_A~1\AppData\Local\Temp
TEMP=C:\Users\MISS_A~1\AppData\Local\Temp



Periodic native trim disabled


---------------  S Y S T E M  ---------------

OS:
 Windows 10 , 64 bit Build 19041 (10.0.19041.5915)
OS uptime: 4 days 10:11 hours

CPU: total 4 (initial active 4) (2 cores per cpu, 2 threads per core) family 6 model 78 stepping 3 microcode 0xf0, cx8, cmov, fxsr, ht, mmx, 3dnowpref, sse, sse2, sse3, ssse3, sse4.1, sse4.2, popcnt, lzcnt, tsc, tscinvbit, avx, avx2, aes, erms, clmul, bmi1, bmi2, adx, fma, vzeroupper, clflush, clflushopt
Processor Information for processor 0
  Max Mhz: 2400, Current Mhz: 1500, Mhz Limit: 2280
Processor Information for processor 1
  Max Mhz: 2400, Current Mhz: 1500, Mhz Limit: 2280
Processor Information for processor 2
  Max Mhz: 2400, Current Mhz: 1500, Mhz Limit: 2280
Processor Information for processor 3
  Max Mhz: 2400, Current Mhz: 2300, Mhz Limit: 2280

Memory: 4k page, system-wide physical 8063M (328M free)
TotalPageFile size 32639M (AvailPageFile size 0M)
current process WorkingSet (physical memory assigned to process): 67M, peak: 67M
current process commit charge ("private bytes"): 212M, peak: 212M

vm_info: OpenJDK 64-Bit Server VM (17.0.19+10) for windows-amd64 JRE (17.0.19+10), built on Apr 25 2026 08:04:44 by "admin" with MS VC++ 17.12 (VS2022)

END.
