#
# There is insufficient memory for the Java Runtime Environment to continue.
# Native memory allocation (malloc) failed to allocate 229136 bytes. Error detail: Chunk::new
# Possible reasons:
#   The system is out of physical RAM or swap space
#   This process is running with CompressedOops enabled, and the Java Heap may be blocking the growth of the native heap
# Possible solutions:
#   Reduce memory load on the system
#   Increase physical memory or swap space
#   Check if swap backing store is full
#   Decrease Java heap size (-Xmx/-Xms)
#   Decrease number of Java threads
#   Decrease Java thread stack sizes (-Xss)
#   Set larger code cache with -XX:ReservedCodeCacheSize=
#   JVM is running with Unscaled Compressed Oops mode in which the Java heap is
#     placed in the first 4GB address space. The Java Heap base address is the
#     maximum limit for the native heap growth. Please use -XX:HeapBaseMinAddress
#     to set the Java Heap base and to place the Java Heap above 4GB virtual address.
# This output file may be truncated or incomplete.
#
#  Out of Memory Error (arena.cpp:168), pid=26584, tid=21148
#
# JRE version: OpenJDK Runtime Environment Temurin-21.0.12.1+1 (21.0.12.1+1) (build 21.0.12.1+1-LTS)
# Java VM: OpenJDK 64-Bit Server VM Temurin-21.0.12.1+1 (21.0.12.1+1-LTS, mixed mode, sharing, tiered, compressed oops, compressed class ptrs, parallel gc, windows-amd64)
# No core dump will be written. Minidumps are not enabled by default on client versions of Windows
#

---------------  S U M M A R Y ------------

Command Line: --add-modules=ALL-SYSTEM --add-opens=java.base/java.util=ALL-UNNAMED --add-opens=java.base/java.lang=ALL-UNNAMED --add-opens=java.base/sun.nio.fs=ALL-UNNAMED -Declipse.application=org.eclipse.jdt.ls.core.id1 -Dosgi.bundles.defaultStartLevel=4 -Declipse.product=org.eclipse.jdt.ls.core.product -Djava.import.generatesMetadataFilesAtProjectRoot=false -Dm2e.project.cache.size=50 -DDetectVMInstallationsJob.disabled=true -Dfile.encoding=utf8 -XX:+UseParallelGC -XX:GCTimeRatio=4 -XX:AdaptiveSizePolicyWeight=90 -Dsun.zip.disableMemoryMapping=true -Xmx2G -Xms100m -Xlog:disable -javaagent:c:\Users\Miss_Adrianna\.vscode\extensions\redhat.java-1.56.0-win32-x64\lombok\lombok-1.18.39-4050.jar c:\Users\Miss_Adrianna\.vscode\extensions\redhat.java-1.56.0-win32-x64\server\plugins\org.eclipse.equinox.launcher_1.8.0.v20260804-1928.jar -configuration c:\Users\Miss_Adrianna\AppData\Roaming\Code\User\globalStorage\redhat.java\1.56.0\config_ss_win -data c:\Users\Miss_Adrianna\AppData\Roaming\Code\User\workspaceStorage\7be229bea1d7a0db4ad3fb045fb89319\redhat.java\ss_ws --pipe=\\.\pipe\lsp-655e84dabc0dacb3ccb2fabddad30f44-sock

Host: Intel(R) Core(TM) i5-6200U CPU @ 2.30GHz, 4 cores, 7G,  Windows 10 , 64 bit Build 19041 (10.0.19041.5915)
Time: Sat Sep 12 15:19:03 2026 elapsed time: 5.274166 seconds (0d 0h 0m 5s)

---------------  T H R E A D  ---------------

Current thread (0x000001bb5be95700):  JavaThread "C2 CompilerThread0" daemon [_thread_in_native, id=21148, stack(0x0000006cd0d00000,0x0000006cd0e00000) (1024K)]


Current CompileTask:
C2:5274 1404   !   4       lombok.patcher.ScriptManager$OurClassFileTransformer::transform (473 bytes)

Stack: [0x0000006cd0d00000,0x0000006cd0e00000]
Native frames: (J=compiled Java code, j=interpreted, Vv=VM code, C=native code)
V  [jvm.dll+0x6d83e9]
V  [jvm.dll+0x8b5736]
V  [jvm.dll+0x8b7cee]
V  [jvm.dll+0x8b83d3]
V  [jvm.dll+0x284596]
V  [jvm.dll+0xc685d]
V  [jvm.dll+0xc6da1]
V  [jvm.dll+0x2fb5ae]
V  [jvm.dll+0x5fee94]
V  [jvm.dll+0x255d67]
V  [jvm.dll+0x24ddab]
V  [jvm.dll+0x24bbe6]
V  [jvm.dll+0x1cb4ae]
V  [jvm.dll+0x25baad]
V  [jvm.dll+0x25a03a]
V  [jvm.dll+0x3f8aae]
V  [jvm.dll+0x8600cd]
V  [jvm.dll+0x6d6c1d]
C  [ucrtbase.dll+0x21bb2]
C  [KERNEL32.DLL+0x17374]
C  [ntdll.dll+0x4cc91]


---------------  P R O C E S S  ---------------

Threads class SMR info:
_java_thread_list=0x000001bb611afec0, length=11, elements={
0x000001bb43183f80, 0x000001bb5be8daf0, 0x000001bb5be8f8e0, 0x000001bb5be914d0,
0x000001bb5be93400, 0x000001bb5be93e60, 0x000001bb5be948c0, 0x000001bb5be95700,
0x000001bb5bf08dc0, 0x000001bb5ccaff90, 0x000001bb5cd86480
}

Java Threads: ( => current thread )
  0x000001bb43183f80 JavaThread "main"                              [_thread_in_vm, id=2564, stack(0x0000006cd0300000,0x0000006cd0400000) (1024K)]
  0x000001bb5be8daf0 JavaThread "Reference Handler"          daemon [_thread_blocked, id=21920, stack(0x0000006cd0700000,0x0000006cd0800000) (1024K)]
  0x000001bb5be8f8e0 JavaThread "Finalizer"                  daemon [_thread_blocked, id=27692, stack(0x0000006cd0800000,0x0000006cd0900000) (1024K)]
  0x000001bb5be914d0 JavaThread "Signal Dispatcher"          daemon [_thread_blocked, id=2472, stack(0x0000006cd0900000,0x0000006cd0a00000) (1024K)]
  0x000001bb5be93400 JavaThread "Attach Listener"            daemon [_thread_blocked, id=20752, stack(0x0000006cd0a00000,0x0000006cd0b00000) (1024K)]
  0x000001bb5be93e60 JavaThread "Service Thread"             daemon [_thread_blocked, id=12920, stack(0x0000006cd0b00000,0x0000006cd0c00000) (1024K)]
  0x000001bb5be948c0 JavaThread "Monitor Deflation Thread"   daemon [_thread_blocked, id=25780, stack(0x0000006cd0c00000,0x0000006cd0d00000) (1024K)]
=>0x000001bb5be95700 JavaThread "C2 CompilerThread0"         daemon [_thread_in_native, id=21148, stack(0x0000006cd0d00000,0x0000006cd0e00000) (1024K)]
  0x000001bb5bf08dc0 JavaThread "C1 CompilerThread0"         daemon [_thread_blocked, id=14524, stack(0x0000006cd0e00000,0x0000006cd0f00000) (1024K)]
  0x000001bb5ccaff90 JavaThread "Common-Cleaner"             daemon [_thread_blocked, id=4260, stack(0x0000006cd0f00000,0x0000006cd1000000) (1024K)]
  0x000001bb5cd86480 JavaThread "Notification Thread"        daemon [_thread_blocked, id=27684, stack(0x0000006cd1000000,0x0000006cd1100000) (1024K)]
Total: 11

Other Threads:
  0x000001bb5be7de80 VMThread "VM Thread"                           [id=23176, stack(0x0000006cd0600000,0x0000006cd0700000) (1024K)]
  0x000001bb45513d70 WatcherThread "VM Periodic Task Thread"        [id=19112, stack(0x0000006cd0500000,0x0000006cd0600000) (1024K)]
  0x000001bb454c3c70 WorkerThread "GC Thread#0"                     [id=16112, stack(0x0000006cd0400000,0x0000006cd0500000) (1024K)]
  0x000001bb61399370 WorkerThread "GC Thread#1"                     [id=12232, stack(0x0000006cd1100000,0x0000006cd1200000) (1024K)]
  0x000001bb6123d760 WorkerThread "GC Thread#2"                     [id=1668, stack(0x0000006cd1200000,0x0000006cd1300000) (1024K)]
  0x000001bb6123db10 WorkerThread "GC Thread#3"                     [id=27744, stack(0x0000006cd1300000,0x0000006cd1400000) (1024K)]
Total: 6

Threads with active compile tasks:
C2 CompilerThread0  5336 1404   !   4       lombok.patcher.ScriptManager$OurClassFileTransformer::transform (473 bytes)
Total: 1

VM state: not at safepoint (normal execution)

VM Mutex/Monitor currently owned by a thread: None

Heap address: 0x0000000080000000, size: 2048 MB, Compressed Oops mode: 32-bit

CDS archive(s) mapped at: [0x000001bb00000000-0x000001bb00ba0000-0x000001bb00ba0000), size 12189696, SharedBaseAddress: 0x000001bb00000000, ArchiveRelocationMode: 1.
Compressed class space mapped at: 0x000001bb01000000-0x000001bb41000000, reserved size: 1073741824
Narrow klass base: 0x000001bb00000000, Narrow klass shift: 0, Narrow klass range: 0x100000000

GC Precious Log:
 CardTable entry size: 512
 CPUs: 4 total, 4 available
 Memory: 8063M
 Large Page Support: Disabled
 NUMA Support: Disabled
 Compressed Oops: Enabled (32-bit)
 Alignments: Space 512K, Generation 512K, Heap 2M
 Heap Min Capacity: 100M
 Heap Initial Capacity: 100M
 Heap Max Capacity: 2G
 Pre-touch: Disabled
 Parallel Workers: 4

Heap:
 PSYoungGen      total 29696K, used 15778K [0x00000000d5580000, 0x00000000d7680000, 0x0000000100000000)
  eden space 25600K, 48% used [0x00000000d5580000,0x00000000d61b6a50,0x00000000d6e80000)
  from space 4096K, 79% used [0x00000000d6e80000,0x00000000d71b1e98,0x00000000d7280000)
  to   space 4096K, 0% used [0x00000000d7280000,0x00000000d7280000,0x00000000d7680000)
 ParOldGen       total 68608K, used 0K [0x0000000080000000, 0x0000000084300000, 0x00000000d5580000)
  object space 68608K, 0% used [0x0000000080000000,0x0000000080000000,0x0000000084300000)
 Metaspace       used 6513K, committed 6848K, reserved 1114112K
  class space    used 661K, committed 832K, reserved 1048576K

Card table byte_map: [0x000001bb44e80000,0x000001bb45290000] _byte_map_base: 0x000001bb44a80000

Marking Bits: (ParMarkBitMap*) 0x00007ffda9ab44a0
 Begin Bits: [0x000001bb57960000, 0x000001bb59960000)
 End Bits:   [0x000001bb59960000, 0x000001bb5b960000)

Polling page: 0x000001bb44c70000

Metaspace:

Usage:
  Non-class:      5.71 MB used.
      Class:    661.83 KB used.
       Both:      6.36 MB used.

Virtual space:
  Non-class space:       64.00 MB reserved,       5.88 MB (  9%) committed,  1 nodes.
      Class space:        1.00 GB reserved,     832.00 KB ( <1%) committed,  1 nodes.
             Both:        1.06 GB reserved,       6.69 MB ( <1%) committed. 

Chunk freelists:
   Non-Class:  9.73 MB
       Class:  15.05 MB
        Both:  24.78 MB

MaxMetaspaceSize: unlimited
CompressedClassSpaceSize: 1.00 GB
Initial GC threshold: 21.00 MB
Current GC threshold: 21.00 MB
CDS: on
 - commit_granule_bytes: 65536.
 - commit_granule_words: 8192.
 - virtual_space_node_default_size: 8388608.
 - enlarge_chunks_in_place: 1.
 - use_allocation_guard: 0.


Internal statistics:

num_allocs_failed_limit: 0.
num_arena_births: 190.
num_arena_deaths: 0.
num_vsnodes_births: 2.
num_vsnodes_deaths: 0.
num_space_committed: 107.
num_space_uncommitted: 0.
num_chunks_returned_to_freelist: 0.
num_chunks_taken_from_freelist: 326.
num_chunk_merges: 0.
num_chunk_splits: 212.
num_chunks_enlarged: 136.
num_inconsistent_stats: 0.

CodeHeap 'non-profiled nmethods': size=120000Kb used=633Kb max_used=633Kb free=119366Kb
 bounds [0x000001bb50180000, 0x000001bb503f0000, 0x000001bb576b0000]
CodeHeap 'profiled nmethods': size=120000Kb used=2400Kb max_used=2400Kb free=117599Kb
 bounds [0x000001bb486b0000, 0x000001bb48920000, 0x000001bb4fbe0000]
CodeHeap 'non-nmethods': size=5760Kb used=1205Kb max_used=1234Kb free=4554Kb
 bounds [0x000001bb4fbe0000, 0x000001bb4fe50000, 0x000001bb50180000]
CodeCache: size=245760Kb, used=4238Kb, max_used=4267Kb, free=241519Kb
 total_blobs=1878, nmethods=1406, adapters=378, full_count=0
Compilation: enabled, stopped_count=0, restarted_count=0

Compilation events (20 events):
Event: 5.256 Thread 0x000001bb5bf08dc0 1399       3       org.lombokweb.asm.ClassReader::readInt (52 bytes)
Event: 5.256 Thread 0x000001bb5bf08dc0 nmethod 1399 0x000001bb488f9690 code [0x000001bb488f9840, 0x000001bb488f9a18]
Event: 5.257 Thread 0x000001bb5be95700 nmethod 1393 0x000001bb5021c810 code [0x000001bb5021c9e0, 0x000001bb5021d2e8]
Event: 5.257 Thread 0x000001bb5bf08dc0 1400       3       org.lombokweb.asm.SymbolTable::addConstantNameAndType (28 bytes)
Event: 5.257 Thread 0x000001bb5be95700 1394       4       org.lombokweb.asm.ClassReader::getItem (7 bytes)
Event: 5.258 Thread 0x000001bb5bf08dc0 nmethod 1400 0x000001bb488f9b90 code [0x000001bb488f9d80, 0x000001bb488fa0b8]
Event: 5.258 Thread 0x000001bb5bf08dc0 1401       3       org.lombokweb.asm.SymbolTable::addConstantUtf8Reference (20 bytes)
Event: 5.258 Thread 0x000001bb5bf08dc0 nmethod 1401 0x000001bb488fa310 code [0x000001bb488fa4e0, 0x000001bb488fa7b0]
Event: 5.258 Thread 0x000001bb5be95700 nmethod 1394 0x000001bb5021d790 code [0x000001bb5021d920, 0x000001bb5021d9f0]
Event: 5.259 Thread 0x000001bb5bf08dc0 1402       1       org.lombokweb.asm.MethodWriter::hasAsmInstructions (5 bytes)
Event: 5.259 Thread 0x000001bb5bf08dc0 nmethod 1402 0x000001bb5021da90 code [0x000001bb5021dc20, 0x000001bb5021dcf0]
Event: 5.259 Thread 0x000001bb5bf08dc0 1403       3       lombok.patcher.scripts.MethodLevelPatchScript::patch (21 bytes)
Event: 5.259 Thread 0x000001bb5bf08dc0 nmethod 1403 0x000001bb488fa990 code [0x000001bb488fab60, 0x000001bb488fade8]
Event: 5.263 Thread 0x000001bb5be95700 1404   !   4       lombok.patcher.ScriptManager$OurClassFileTransformer::transform (473 bytes)
Event: 5.265 Thread 0x000001bb5bf08dc0 1405       3       java.security.Provider$ServiceKey::equals (53 bytes)
Event: 5.265 Thread 0x000001bb5bf08dc0 nmethod 1405 0x000001bb488faf10 code [0x000001bb488fb100, 0x000001bb488fb590]
Event: 5.265 Thread 0x000001bb5bf08dc0 1406       3       java.util.ArrayList::addAll (76 bytes)
Event: 5.266 Thread 0x000001bb5bf08dc0 nmethod 1406 0x000001bb488fb710 code [0x000001bb488fb900, 0x000001bb488fbd90]
Event: 5.267 Thread 0x000001bb5bf08dc0 1407  s    3       java.lang.Throwable::fillInStackTrace (29 bytes)
Event: 5.267 Thread 0x000001bb5bf08dc0 nmethod 1407 0x000001bb488fbf10 code [0x000001bb488fc0c0, 0x000001bb488fc358]

GC Heap History (2 events):
Event: 3.078 GC heap before
{Heap before GC invocations=1 (full 0):
 PSYoungGen      total 29696K, used 25600K [0x00000000d5580000, 0x00000000d7680000, 0x0000000100000000)
  eden space 25600K, 100% used [0x00000000d5580000,0x00000000d6e80000,0x00000000d6e80000)
  from space 4096K, 0% used [0x00000000d7280000,0x00000000d7280000,0x00000000d7680000)
  to   space 4096K, 0% used [0x00000000d6e80000,0x00000000d6e80000,0x00000000d7280000)
 ParOldGen       total 68608K, used 0K [0x0000000080000000, 0x0000000084300000, 0x00000000d5580000)
  object space 68608K, 0% used [0x0000000080000000,0x0000000080000000,0x0000000084300000)
 Metaspace       used 4339K, committed 4544K, reserved 1114112K
  class space    used 474K, committed 576K, reserved 1048576K
}
Event: 3.150 GC heap after
{Heap after GC invocations=1 (full 0):
 PSYoungGen      total 29696K, used 3271K [0x00000000d5580000, 0x00000000d7680000, 0x0000000100000000)
  eden space 25600K, 0% used [0x00000000d5580000,0x00000000d5580000,0x00000000d6e80000)
  from space 4096K, 79% used [0x00000000d6e80000,0x00000000d71b1e98,0x00000000d7280000)
  to   space 4096K, 0% used [0x00000000d7280000,0x00000000d7280000,0x00000000d7680000)
 ParOldGen       total 68608K, used 0K [0x0000000080000000, 0x0000000084300000, 0x00000000d5580000)
  object space 68608K, 0% used [0x0000000080000000,0x0000000080000000,0x0000000084300000)
 Metaspace       used 4339K, committed 4544K, reserved 1114112K
  class space    used 474K, committed 576K, reserved 1048576K
}

Dll operation events (16 events):
Event: 0.021 Attempting to load shared library c:\Users\Miss_Adrianna\.vscode\extensions\redhat.java-1.56.0-win32-x64\jre\21.0.12.1-win32-x86_64\bin\java.dll
Event: 0.021 Loaded shared library c:\Users\Miss_Adrianna\.vscode\extensions\redhat.java-1.56.0-win32-x64\jre\21.0.12.1-win32-x86_64\bin\java.dll
Event: 0.290 Attempting to load shared library c:\Users\Miss_Adrianna\.vscode\extensions\redhat.java-1.56.0-win32-x64\jre\21.0.12.1-win32-x86_64\bin\zip.dll
Event: 0.291 Loaded shared library c:\Users\Miss_Adrianna\.vscode\extensions\redhat.java-1.56.0-win32-x64\jre\21.0.12.1-win32-x86_64\bin\zip.dll
Event: 0.369 Attempting to load shared library C:\Users\Miss_Adrianna\.vscode\extensions\redhat.java-1.56.0-win32-x64\jre\21.0.12.1-win32-x86_64\bin\instrument.dll
Event: 0.369 Loaded shared library C:\Users\Miss_Adrianna\.vscode\extensions\redhat.java-1.56.0-win32-x64\jre\21.0.12.1-win32-x86_64\bin\instrument.dll
Event: 0.387 Attempting to load shared library C:\Users\Miss_Adrianna\.vscode\extensions\redhat.java-1.56.0-win32-x64\jre\21.0.12.1-win32-x86_64\bin\net.dll
Event: 0.388 Loaded shared library C:\Users\Miss_Adrianna\.vscode\extensions\redhat.java-1.56.0-win32-x64\jre\21.0.12.1-win32-x86_64\bin\net.dll
Event: 0.396 Attempting to load shared library C:\Users\Miss_Adrianna\.vscode\extensions\redhat.java-1.56.0-win32-x64\jre\21.0.12.1-win32-x86_64\bin\nio.dll
Event: 0.397 Loaded shared library C:\Users\Miss_Adrianna\.vscode\extensions\redhat.java-1.56.0-win32-x64\jre\21.0.12.1-win32-x86_64\bin\nio.dll
Event: 0.404 Attempting to load shared library C:\Users\Miss_Adrianna\.vscode\extensions\redhat.java-1.56.0-win32-x64\jre\21.0.12.1-win32-x86_64\bin\zip.dll
Event: 0.404 Loaded shared library C:\Users\Miss_Adrianna\.vscode\extensions\redhat.java-1.56.0-win32-x64\jre\21.0.12.1-win32-x86_64\bin\zip.dll
Event: 0.539 Attempting to load shared library C:\Users\Miss_Adrianna\.vscode\extensions\redhat.java-1.56.0-win32-x64\jre\21.0.12.1-win32-x86_64\bin\jimage.dll
Event: 0.539 Loaded shared library C:\Users\Miss_Adrianna\.vscode\extensions\redhat.java-1.56.0-win32-x64\jre\21.0.12.1-win32-x86_64\bin\jimage.dll
Event: 0.884 Attempting to load shared library c:\Users\Miss_Adrianna\.vscode\extensions\redhat.java-1.56.0-win32-x64\jre\21.0.12.1-win32-x86_64\bin\verify.dll
Event: 0.885 Loaded shared library c:\Users\Miss_Adrianna\.vscode\extensions\redhat.java-1.56.0-win32-x64\jre\21.0.12.1-win32-x86_64\bin\verify.dll

Deoptimization events (20 events):
Event: 3.805 Thread 0x000001bb43183f80 Uncommon trap: trap_request=0xffffffde fr.pc=0x000001bb501dc188 relative=0x0000000000000568
Event: 3.805 Thread 0x000001bb43183f80 Uncommon trap: reason=class_check action=maybe_recompile pc=0x000001bb501dc188 method=java.util.Collections$UnmodifiableCollection$1.<init>(Ljava/util/Collections$UnmodifiableCollection;)V @ 17 c2
Event: 3.805 Thread 0x000001bb43183f80 DEOPT PACKING pc=0x000001bb501dc188 sp=0x0000006cd03feb80
Event: 3.805 Thread 0x000001bb43183f80 DEOPT UNPACKING pc=0x000001bb4fc33aa2 sp=0x0000006cd03feb38 mode 2
Event: 4.790 Thread 0x000001bb43183f80 Uncommon trap: trap_request=0xffffff54 fr.pc=0x000001bb502113c4 relative=0x0000000000000544
Event: 4.790 Thread 0x000001bb43183f80 Uncommon trap: reason=speculate_null_assert action=make_not_entrant pc=0x000001bb502113c4 method=lombok.patcher.ScriptManager$OurClassFileTransformer.transform(Ljava/lang/ClassLoader;Ljava/lang/String;Ljava/lang/Class;Ljava/security/ProtectionDomain;[B)[B
Event: 4.790 Thread 0x000001bb43183f80 DEOPT PACKING pc=0x000001bb502113c4 sp=0x0000006cd03f8f70
Event: 4.790 Thread 0x000001bb43183f80 DEOPT UNPACKING pc=0x000001bb4fc33aa2 sp=0x0000006cd03f8ee0 mode 2
Event: 4.793 Thread 0x000001bb43183f80 Uncommon trap: trap_request=0xffffff45 fr.pc=0x000001bb501d0680 relative=0x0000000000001140
Event: 4.793 Thread 0x000001bb43183f80 Uncommon trap: reason=unstable_if action=reinterpret pc=0x000001bb501d0680 method=lombok.patcher.PatchScript.classMatches(Ljava/lang/String;Ljava/util/Collection;)Z @ 25 c2
Event: 4.793 Thread 0x000001bb43183f80 DEOPT PACKING pc=0x000001bb501d0680 sp=0x0000006cd03f8e60
Event: 4.794 Thread 0x000001bb43183f80 DEOPT UNPACKING pc=0x000001bb4fc33aa2 sp=0x0000006cd03f8de8 mode 2
Event: 5.123 Thread 0x000001bb43183f80 Uncommon trap: trap_request=0xffffffc6 fr.pc=0x000001bb501c7e84 relative=0x00000000000002c4
Event: 5.123 Thread 0x000001bb43183f80 Uncommon trap: reason=bimorphic_or_optimized_type_check action=maybe_recompile pc=0x000001bb501c7e84 method=java.util.Collections$UnmodifiableCollection$1.next()Ljava/lang/Object; @ 4 c2
Event: 5.123 Thread 0x000001bb43183f80 DEOPT PACKING pc=0x000001bb501c7e84 sp=0x0000006cd03f8920
Event: 5.123 Thread 0x000001bb43183f80 DEOPT UNPACKING pc=0x000001bb4fc33aa2 sp=0x0000006cd03f88d0 mode 2
Event: 5.123 Thread 0x000001bb43183f80 Uncommon trap: trap_request=0xffffffc6 fr.pc=0x000001bb501c7e84 relative=0x00000000000002c4
Event: 5.123 Thread 0x000001bb43183f80 Uncommon trap: reason=bimorphic_or_optimized_type_check action=maybe_recompile pc=0x000001bb501c7e84 method=java.util.Collections$UnmodifiableCollection$1.next()Ljava/lang/Object; @ 4 c2
Event: 5.123 Thread 0x000001bb43183f80 DEOPT PACKING pc=0x000001bb501c7e84 sp=0x0000006cd03f8920
Event: 5.123 Thread 0x000001bb43183f80 DEOPT UNPACKING pc=0x000001bb4fc33aa2 sp=0x0000006cd03f88d0 mode 2

Classes loaded (20 events):
Event: 3.908 Loading class java/util/concurrent/Semaphore$NonfairSync
Event: 3.908 Loading class java/util/concurrent/Semaphore$Sync
Event: 3.909 Loading class java/util/concurrent/Semaphore$Sync done
Event: 3.909 Loading class java/util/concurrent/Semaphore$NonfairSync done
Event: 4.818 Loading class java/lang/TypeNotPresentException
Event: 4.818 Loading class java/lang/TypeNotPresentException done
Event: 5.260 Loading class java/security/InvalidKeyException
Event: 5.260 Loading class java/security/KeyException
Event: 5.260 Loading class java/security/GeneralSecurityException
Event: 5.261 Loading class java/security/GeneralSecurityException done
Event: 5.261 Loading class java/security/KeyException done
Event: 5.261 Loading class java/security/InvalidKeyException done
Event: 5.261 Loading class java/security/SignatureException
Event: 5.261 Loading class java/security/SignatureException done
Event: 5.261 Loading class java/security/cert/CertificateException
Event: 5.261 Loading class java/security/cert/CertificateException done
Event: 5.261 Loading class java/security/NoSuchAlgorithmException
Event: 5.262 Loading class java/security/NoSuchAlgorithmException done
Event: 5.262 Loading class java/security/NoSuchProviderException
Event: 5.262 Loading class java/security/NoSuchProviderException done

Classes unloaded (0 events):
No events

Classes redefined (0 events):
No events

Internal exceptions (20 events):
Event: 2.036 Thread 0x000001bb43183f80 Exception <a 'java/io/FileNotFoundException'{0x00000000d64d0120}> (0x00000000d64d0120) 
thrown [s\src\hotspot\share\prims\jni.cpp, line 520]
Event: 2.037 Thread 0x000001bb43183f80 Exception <a 'java/io/FileNotFoundException'{0x00000000d64d17f8}> (0x00000000d64d17f8) 
thrown [s\src\hotspot\share\prims\jni.cpp, line 520]
Event: 2.037 Thread 0x000001bb43183f80 Exception <a 'java/io/FileNotFoundException'{0x00000000d64d2838}> (0x00000000d64d2838) 
thrown [s\src\hotspot\share\prims\jni.cpp, line 520]
Event: 2.038 Thread 0x000001bb43183f80 Exception <a 'java/io/FileNotFoundException'{0x00000000d64d3730}> (0x00000000d64d3730) 
thrown [s\src\hotspot\share\prims\jni.cpp, line 520]
Event: 2.097 Thread 0x000001bb43183f80 Exception <a 'java/io/FileNotFoundException'{0x00000000d650bf08}> (0x00000000d650bf08) 
thrown [s\src\hotspot\share\prims\jni.cpp, line 520]
Event: 2.118 Thread 0x000001bb43183f80 Exception <a 'java/lang/NoSuchMethodError'{0x00000000d6544c58}: 'java.lang.Object java.lang.invoke.DirectMethodHandle$Holder.invokeInterface(java.lang.Object, java.lang.Object)'> (0x00000000d6544c58) 
thrown [s\src\hotspot\share\interpreter\linkResolver.cpp, line 773]
Event: 2.131 Thread 0x000001bb43183f80 Exception <a 'java/lang/NoSuchMethodError'{0x00000000d65582d0}: 'java.lang.Object java.lang.invoke.Invokers$Holder.invokeExact_MT(java.lang.Object, java.lang.Object, java.lang.Object, java.lang.Object, java.lang.Object, java.lang.Object)'> (0x00000000d65582d0) 
thrown [s\src\hotspot\share\interpreter\linkResolver.cpp, line 773]
Event: 2.197 Thread 0x000001bb43183f80 Exception <a 'java/lang/NoSuchMethodError'{0x00000000d656f3a8}: 'int java.lang.invoke.DirectMethodHandle$Holder.invokeStatic(java.lang.Object, java.lang.Object, java.lang.Object, java.lang.Object, java.lang.Object)'> (0x00000000d656f3a8) 
thrown [s\src\hotspot\share\interpreter\linkResolver.cpp, line 773]
Event: 2.280 Thread 0x000001bb43183f80 Exception <a 'java/lang/NoSuchMethodError'{0x00000000d66042b0}: 'java.lang.Object java.lang.invoke.DirectMethodHandle$Holder.invokeInterface(java.lang.Object, java.lang.Object, int)'> (0x00000000d66042b0) 
thrown [s\src\hotspot\share\interpreter\linkResolver.cpp, line 773]
Event: 2.669 Thread 0x000001bb43183f80 Exception <a 'java/lang/NoSuchMethodError'{0x00000000d6a8a2d8}: 'java.lang.ClassLoader java.lang.ClassLoader.getPlatformClassLoader(java.lang.Class)'> (0x00000000d6a8a2d8) 
thrown [s\src\hotspot\share\interpreter\linkResolver.cpp, line 773]
Event: 3.162 Thread 0x000001bb43183f80 Exception <a 'java/lang/ClassNotFoundException'{0x00000000d55c58b8}: sun/net/www/protocol/c/Handler> (0x00000000d55c58b8) 
thrown [s\src\hotspot\share\classfile\systemDictionary.cpp, line 313]
Event: 3.163 Thread 0x000001bb43183f80 Exception <a 'java/lang/ClassNotFoundException'{0x00000000d55c6c78}: sun/net/www/protocol/c/Handler> (0x00000000d55c6c78) 
thrown [s\src\hotspot\share\classfile\systemDictionary.cpp, line 313]
Event: 3.163 Thread 0x000001bb43183f80 Exception <a 'java/lang/ClassNotFoundException'{0x00000000d55c7e60}: sun/net/www/protocol/c/Handler> (0x00000000d55c7e60) 
thrown [s\src\hotspot\share\classfile\systemDictionary.cpp, line 313]
Event: 3.184 Thread 0x000001bb43183f80 Exception <a 'java/io/FileNotFoundException'{0x00000000d55eff80}> (0x00000000d55eff80) 
thrown [s\src\hotspot\share\prims\jni.cpp, line 520]
Event: 3.360 Thread 0x000001bb43183f80 Implicit null exception at 0x000001bb501e62e6 to 0x000001bb501e6392
Event: 3.361 Thread 0x000001bb43183f80 Implicit null exception at 0x000001bb501f4c1a to 0x000001bb501f4e38
Event: 3.363 Thread 0x000001bb43183f80 Exception <a 'java/lang/NoSuchMethodError'{0x00000000d5723bd0}: 'void java.lang.invoke.DirectMethodHandle$Holder.invokeStatic(java.lang.Object, java.lang.Object, java.lang.Object, java.lang.Object)'> (0x00000000d5723bd0) 
thrown [s\src\hotspot\share\interpreter\linkResolver.cpp, line 773]
Event: 3.364 Thread 0x000001bb43183f80 Implicit null exception at 0x000001bb501e92c0 to 0x000001bb501e9594
Event: 3.364 Thread 0x000001bb43183f80 Implicit null exception at 0x000001bb501e8b40 to 0x000001bb501e8bc5
Event: 3.705 Thread 0x000001bb43183f80 Exception <a 'java/lang/NoSuchMethodError'{0x00000000d59e42a8}: 'void java.lang.invoke.DirectMethodHandle$Holder.invokeSpecial(java.lang.Object, java.lang.Object, java.lang.Object)'> (0x00000000d59e42a8) 
thrown [s\src\hotspot\share\interpreter\linkResolver.cpp, line 773]

ZGC Phase Switch (0 events):
No events

VM Operations (18 events):
Event: 0.287 Executing non-safepoint VM operation: HandshakeAllThreads (Deoptimize)
Event: 0.288 Executing non-safepoint VM operation: HandshakeAllThreads (Deoptimize) done
Event: 0.640 Executing non-safepoint VM operation: HandshakeAllThreads (Deoptimize)
Event: 0.640 Executing non-safepoint VM operation: HandshakeAllThreads (Deoptimize) done
Event: 1.655 Executing safepoint VM operation: Cleanup
Event: 1.655 Executing safepoint VM operation: Cleanup done
Event: 1.845 Executing non-safepoint VM operation: HandshakeAllThreads (Deoptimize)
Event: 1.845 Executing non-safepoint VM operation: HandshakeAllThreads (Deoptimize) done
Event: 1.882 Executing non-safepoint VM operation: HandshakeAllThreads (Deoptimize)
Event: 1.882 Executing non-safepoint VM operation: HandshakeAllThreads (Deoptimize) done
Event: 2.892 Executing safepoint VM operation: Cleanup
Event: 3.001 Executing safepoint VM operation: Cleanup done
Event: 3.028 Executing non-safepoint VM operation: HandshakeAllThreads (Deoptimize)
Event: 3.028 Executing non-safepoint VM operation: HandshakeAllThreads (Deoptimize) done
Event: 3.078 Executing safepoint VM operation: ParallelGCFailedAllocation (Allocation Failure)
Event: 3.150 Executing safepoint VM operation: ParallelGCFailedAllocation (Allocation Failure) done
Event: 4.163 Executing safepoint VM operation: Cleanup
Event: 4.509 Executing safepoint VM operation: Cleanup done

Memory protections (0 events):
No events

Nmethod flushes (0 events):
No events

Events (17 events):
Event: 0.072 Thread 0x000001bb43183f80 Thread added: 0x000001bb43183f80
Event: 0.128 Thread 0x000001bb43183f80 Thread added: 0x000001bb5be8daf0
Event: 0.128 Thread 0x000001bb43183f80 Thread added: 0x000001bb5be8f8e0
Event: 0.128 Thread 0x000001bb43183f80 Thread added: 0x000001bb5be914d0
Event: 0.128 Thread 0x000001bb43183f80 Thread added: 0x000001bb5be93400
Event: 0.128 Thread 0x000001bb43183f80 Thread added: 0x000001bb5be93e60
Event: 0.129 Thread 0x000001bb43183f80 Thread added: 0x000001bb5be948c0
Event: 0.129 Thread 0x000001bb43183f80 Thread added: 0x000001bb5be95700
Event: 0.164 Thread 0x000001bb43183f80 Thread added: 0x000001bb5bf08dc0
Event: 0.373 Thread 0x000001bb43183f80 Thread added: 0x000001bb5ccaff90
Event: 1.263 Thread 0x000001bb43183f80 Thread added: 0x000001bb5cd86480
Event: 1.641 Thread 0x000001bb5bf08dc0 Thread added: 0x000001bb5ce1a760
Event: 2.348 Thread 0x000001bb5ce1a760 Thread exited: 0x000001bb5ce1a760
Event: 3.709 Thread 0x000001bb5bf08dc0 Thread added: 0x000001bb612e5330
Event: 3.891 Thread 0x000001bb612e5330 Thread exited: 0x000001bb612e5330
Event: 4.546 Thread 0x000001bb5bf08dc0 Thread added: 0x000001bb616b0580
Event: 4.781 Thread 0x000001bb616b0580 Thread exited: 0x000001bb616b0580


Dynamic libraries:
0x00007ff636ca0000 - 0x00007ff636cae000 	c:\Users\Miss_Adrianna\.vscode\extensions\redhat.java-1.56.0-win32-x64\jre\21.0.12.1-win32-x86_64\bin\java.exe
0x00007ffe14130000 - 0x00007ffe14328000 	C:\WINDOWS\SYSTEM32\ntdll.dll
0x00007ffde46a0000 - 0x00007ffde46c1000 	C:\Program Files\Avast Software\Suite\aswhook.dll
0x00007ffe12770000 - 0x00007ffe12832000 	C:\WINDOWS\System32\KERNEL32.DLL
0x00007ffe11c40000 - 0x00007ffe11f36000 	C:\WINDOWS\System32\KERNELBASE.dll
0x00007ffe11f90000 - 0x00007ffe12090000 	C:\WINDOWS\System32\ucrtbase.dll
0x00007ffe0a340000 - 0x00007ffe0a358000 	c:\Users\Miss_Adrianna\.vscode\extensions\redhat.java-1.56.0-win32-x64\jre\21.0.12.1-win32-x86_64\bin\jli.dll
0x00007ffe12e10000 - 0x00007ffe12fb1000 	C:\WINDOWS\System32\USER32.dll
0x00007ffe12120000 - 0x00007ffe12142000 	C:\WINDOWS\System32\win32u.dll
0x00007ffe12fc0000 - 0x00007ffe12feb000 	C:\WINDOWS\System32\GDI32.dll
0x00007ffe119f0000 - 0x00007ffe11b09000 	C:\WINDOWS\System32\gdi32full.dll
0x00007ffe11920000 - 0x00007ffe119bd000 	C:\WINDOWS\System32\msvcp_win.dll
0x00007ffdff500000 - 0x00007ffdff51e000 	c:\Users\Miss_Adrianna\.vscode\extensions\redhat.java-1.56.0-win32-x64\jre\21.0.12.1-win32-x86_64\bin\VCRUNTIME140.dll
0x00007ffdf74f0000 - 0x00007ffdf778b000 	C:\WINDOWS\WinSxS\amd64_microsoft.windows.common-controls_6595b64144ccf1df_6.0.19041.6456_none_60b8a6cb71f64256\COMCTL32.dll
0x00007ffe14050000 - 0x00007ffe140ee000 	C:\WINDOWS\System32\msvcrt.dll
0x00007ffe12a10000 - 0x00007ffe12a3f000 	C:\WINDOWS\System32\IMM32.DLL
0x00007ffe0b710000 - 0x00007ffe0b71c000 	c:\Users\Miss_Adrianna\.vscode\extensions\redhat.java-1.56.0-win32-x64\jre\21.0.12.1-win32-x86_64\bin\vcruntime140_1.dll
0x00007ffdfec60000 - 0x00007ffdfeced000 	c:\Users\Miss_Adrianna\.vscode\extensions\redhat.java-1.56.0-win32-x64\jre\21.0.12.1-win32-x86_64\bin\msvcp140.dll
0x00007ffda8df0000 - 0x00007ffda9b92000 	c:\Users\Miss_Adrianna\.vscode\extensions\redhat.java-1.56.0-win32-x64\jre\21.0.12.1-win32-x86_64\bin\server\jvm.dll
0x00007ffe126b0000 - 0x00007ffe12761000 	C:\WINDOWS\System32\ADVAPI32.dll
0x00007ffe13180000 - 0x00007ffe1321f000 	C:\WINDOWS\System32\sechost.dll
0x00007ffe13060000 - 0x00007ffe13180000 	C:\WINDOWS\System32\RPCRT4.dll
0x00007ffe119c0000 - 0x00007ffe119e7000 	C:\WINDOWS\System32\bcrypt.dll
0x00007ffe12ff0000 - 0x00007ffe1305b000 	C:\WINDOWS\System32\WS2_32.dll
0x00007ffe10d00000 - 0x00007ffe10d4b000 	C:\WINDOWS\SYSTEM32\POWRPROF.dll
0x00007ffe0d890000 - 0x00007ffe0d8b7000 	C:\WINDOWS\SYSTEM32\WINMM.dll
0x00007ffe09bb0000 - 0x00007ffe09bba000 	C:\WINDOWS\SYSTEM32\VERSION.dll
0x00007ffe10bc0000 - 0x00007ffe10bd2000 	C:\WINDOWS\SYSTEM32\UMPDC.dll
0x00007ffe10000000 - 0x00007ffe10012000 	C:\WINDOWS\SYSTEM32\kernel.appcore.dll
0x00007ffe0a940000 - 0x00007ffe0a94a000 	c:\Users\Miss_Adrianna\.vscode\extensions\redhat.java-1.56.0-win32-x64\jre\21.0.12.1-win32-x86_64\bin\jimage.dll
0x00007ffe01990000 - 0x00007ffe01b91000 	C:\WINDOWS\SYSTEM32\DBGHELP.DLL
0x00007ffe01950000 - 0x00007ffe01984000 	C:\WINDOWS\SYSTEM32\dbgcore.DLL
0x00007ffe12090000 - 0x00007ffe12112000 	C:\WINDOWS\System32\bcryptPrimitives.dll
0x00007ffe00d20000 - 0x00007ffe00d2f000 	c:\Users\Miss_Adrianna\.vscode\extensions\redhat.java-1.56.0-win32-x64\jre\21.0.12.1-win32-x86_64\bin\instrument.dll
0x00007ffdfef40000 - 0x00007ffdfef60000 	c:\Users\Miss_Adrianna\.vscode\extensions\redhat.java-1.56.0-win32-x64\jre\21.0.12.1-win32-x86_64\bin\java.dll
0x00007ffe13730000 - 0x00007ffe13ea0000 	C:\WINDOWS\System32\SHELL32.dll
0x00007ffe0f740000 - 0x00007ffe0fee5000 	C:\WINDOWS\SYSTEM32\windows.storage.dll
0x00007ffe133d0000 - 0x00007ffe13724000 	C:\WINDOWS\System32\combase.dll
0x00007ffe111f0000 - 0x00007ffe1121b000 	C:\WINDOWS\SYSTEM32\Wldp.dll
0x00007ffe12af0000 - 0x00007ffe12bbd000 	C:\WINDOWS\System32\OLEAUT32.dll
0x00007ffe12bc0000 - 0x00007ffe12c6d000 	C:\WINDOWS\System32\SHCORE.dll
0x00007ffe12c70000 - 0x00007ffe12ccb000 	C:\WINDOWS\System32\shlwapi.dll
0x00007ffe116f0000 - 0x00007ffe11714000 	C:\WINDOWS\SYSTEM32\profapi.dll
0x00007ffdfede0000 - 0x00007ffdfedf8000 	c:\Users\Miss_Adrianna\.vscode\extensions\redhat.java-1.56.0-win32-x64\jre\21.0.12.1-win32-x86_64\bin\zip.dll
0x00007ffe09b40000 - 0x00007ffe09b50000 	C:\Users\Miss_Adrianna\.vscode\extensions\redhat.java-1.56.0-win32-x64\jre\21.0.12.1-win32-x86_64\bin\net.dll
0x00007ffe0ef60000 - 0x00007ffe0f06a000 	C:\WINDOWS\SYSTEM32\WINHTTP.dll
0x00007ffe10f50000 - 0x00007ffe10fba000 	C:\WINDOWS\system32\mswsock.dll
0x00007ffdfed90000 - 0x00007ffdfeda6000 	C:\Users\Miss_Adrianna\.vscode\extensions\redhat.java-1.56.0-win32-x64\jre\21.0.12.1-win32-x86_64\bin\nio.dll
0x00007ffdfef30000 - 0x00007ffdfef40000 	c:\Users\Miss_Adrianna\.vscode\extensions\redhat.java-1.56.0-win32-x64\jre\21.0.12.1-win32-x86_64\bin\verify.dll

JVMTI agents:
c:\Users\Miss_Adrianna\.vscode\extensions\redhat.java-1.56.0-win32-x64\lombok\lombok-1.18.39-4050.jar path:c:\Users\Miss_Adrianna\.vscode\extensions\redhat.java-1.56.0-win32-x64\jre\21.0.12.1-win32-x86_64\bin\instrument.dll, loaded, initialized, instrumentlib options:none

dbghelp: loaded successfully - version: 4.0.5 - missing functions: none
symbol engine: initialized successfully - sym options: 0x614 - pdb path: .;c:\Users\Miss_Adrianna\.vscode\extensions\redhat.java-1.56.0-win32-x64\jre\21.0.12.1-win32-x86_64\bin;C:\WINDOWS\SYSTEM32;C:\Program Files\Avast Software\Suite;C:\WINDOWS\WinSxS\amd64_microsoft.windows.common-controls_6595b64144ccf1df_6.0.19041.6456_none_60b8a6cb71f64256;c:\Users\Miss_Adrianna\.vscode\extensions\redhat.java-1.56.0-win32-x64\jre\21.0.12.1-win32-x86_64\bin\server

VM Arguments:
jvm_args: --add-modules=ALL-SYSTEM --add-opens=java.base/java.util=ALL-UNNAMED --add-opens=java.base/java.lang=ALL-UNNAMED --add-opens=java.base/sun.nio.fs=ALL-UNNAMED -Declipse.application=org.eclipse.jdt.ls.core.id1 -Dosgi.bundles.defaultStartLevel=4 -Declipse.product=org.eclipse.jdt.ls.core.product -Djava.import.generatesMetadataFilesAtProjectRoot=false -Dm2e.project.cache.size=50 -DDetectVMInstallationsJob.disabled=true -Dfile.encoding=utf8 -XX:+UseParallelGC -XX:GCTimeRatio=4 -XX:AdaptiveSizePolicyWeight=90 -Dsun.zip.disableMemoryMapping=true -Xmx2G -Xms100m -Xlog:disable -javaagent:c:\Users\Miss_Adrianna\.vscode\extensions\redhat.java-1.56.0-win32-x64\lombok\lombok-1.18.39-4050.jar 
java_command: c:\Users\Miss_Adrianna\.vscode\extensions\redhat.java-1.56.0-win32-x64\server\plugins\org.eclipse.equinox.launcher_1.8.0.v20260804-1928.jar -configuration c:\Users\Miss_Adrianna\AppData\Roaming\Code\User\globalStorage\redhat.java\1.56.0\config_ss_win -data c:\Users\Miss_Adrianna\AppData\Roaming\Code\User\workspaceStorage\7be229bea1d7a0db4ad3fb045fb89319\redhat.java\ss_ws --pipe=\\.\pipe\lsp-655e84dabc0dacb3ccb2fabddad30f44-sock
java_class_path (initial): c:\Users\Miss_Adrianna\.vscode\extensions\redhat.java-1.56.0-win32-x64\server\plugins\org.eclipse.equinox.launcher_1.8.0.v20260804-1928.jar
Launcher Type: SUN_STANDARD

[Global flags]
    uintx AdaptiveSizePolicyWeight                 = 90                                        {product} {command line}
     intx CICompilerCount                          = 3                                         {product} {ergonomic}
    uintx GCTimeRatio                              = 4                                         {product} {command line}
   size_t InitialHeapSize                          = 104857600                                 {product} {command line}
   size_t MaxHeapSize                              = 2147483648                                {product} {command line}
   size_t MaxNewSize                               = 715653120                                 {product} {ergonomic}
   size_t MinHeapDeltaBytes                        = 524288                                    {product} {ergonomic}
   size_t MinHeapSize                              = 104857600                                 {product} {command line}
   size_t NewSize                                  = 34603008                                  {product} {ergonomic}
    uintx NonNMethodCodeHeapSize                   = 5832780                                {pd product} {ergonomic}
    uintx NonProfiledCodeHeapSize                  = 122912730                              {pd product} {ergonomic}
   size_t OldSize                                  = 70254592                                  {product} {ergonomic}
    uintx ProfiledCodeHeapSize                     = 122912730                              {pd product} {ergonomic}
    uintx ReservedCodeCacheSize                    = 251658240                              {pd product} {ergonomic}
     bool SegmentedCodeCache                       = true                                      {product} {ergonomic}
   size_t SoftMaxHeapSize                          = 2147483648                             {manageable} {ergonomic}
     bool UseCompressedOops                        = true                           {product lp64_product} {ergonomic}
     bool UseLargePagesIndividualAllocation        = false                                  {pd product} {ergonomic}
     bool UseParallelGC                            = true                                      {product} {command line}

Logging:
Log output configuration:
 #0: stdout all=off uptime,level,tags foldmultilines=false
 #1: stderr all=off uptime,level,tags foldmultilines=false

Release file:
JAVA_VERSION="21.0.12.1" 
MODULES="java.base java.compiler java.datatransfer java.xml java.prefs java.desktop java.instrument java.logging java.management java.security.sasl java.naming java.rmi java.management.rmi java.net.http java.scripting java.security.jgss java.transaction.xa java.sql java.sql.rowset java.xml.crypto java.se java.smartcardio jdk.accessibility jdk.internal.jvmstat jdk.attach jdk.charsets jdk.internal.opt jdk.zipfs jdk.compiler jdk.crypto.ec jdk.crypto.cryptoki jdk.crypto.mscapi jdk.dynalink jdk.internal.ed jdk.editpad jdk.hotspot.agent jdk.httpserver jdk.internal.le jdk.internal.vm.ci jdk.internal.vm.compiler jdk.internal.vm.compiler.management jdk.jartool jdk.javadoc jdk.jcmd jdk.management jdk.management.agent jdk.jconsole jdk.jdeps jdk.jdwp.agent jdk.jdi jdk.jfr jdk.jshell jdk.jsobject jdk.jstatd jdk.localedata jdk.management.jfr jdk.naming.dns jdk.naming.rmi jdk.net jdk.nio.mapmode jdk.random jdk.sctp jdk.security.auth jdk.security.jgss jdk.unsupported jdk.unsupported.desktop jdk.xml.dom" 

Environment Variables:
JAVA_HOME=C:\Program Files\Eclipse Adoptium\jdk-17.0.19.10-hotspot\
PATH=C:\Program Files\Eclipse Adoptium\jdk-17.0.19.10-hotspot\bin;C:\WINDOWS\system32;C:\WINDOWS;C:\WINDOWS\System32\Wbem;C:\WINDOWS\System32\WindowsPowerShell\v1.0\;C:\WINDOWS\System32\OpenSSH\;C:\Program Files\nodejs\;C:\Program Files\Docker\Docker\resources\bin;C:\Program Files\Git\cmd;C:\Users\Miss_Adrianna\AppData\Local\Programs\Python\Python314\Scripts\;C:\Users\Miss_Adrianna\AppData\Local\Programs\Python\Python314\;C:\Users\Miss_Adrianna\AppData\Local\Programs\Python\Launcher\;C:\Users\Miss_Adrianna\AppData\Local\Microsoft\WindowsApps;C:\php;C:\Users\Miss_Adrianna\AppData\Local\Programs\Microsoft VS Code\bin;C:\Users\Miss_Adrianna\AppData\Roaming\npm;C:\Users\Miss_Adrianna\AppData\Local\GitHubDesktop\bin;C:\flutter\bin;
USERNAME=Miss_Adrianna
OS=Windows_NT
PROCESSOR_IDENTIFIER=Intel64 Family 6 Model 78 Stepping 3, GenuineIntel
TMP=C:\Users\MISS_A~1\AppData\Local\Temp
TEMP=C:\Users\MISS_A~1\AppData\Local\Temp




Periodic native trim disabled

---------------  S Y S T E M  ---------------

OS:
 Windows 10 , 64 bit Build 19041 (10.0.19041.5915)
OS uptime: 4 days 17:55 hours

CPU: total 4 (initial active 4) (2 cores per cpu, 2 threads per core) family 6 model 78 stepping 3 microcode 0xf0, cx8, cmov, fxsr, ht, mmx, 3dnowpref, sse, sse2, sse3, ssse3, sse4.1, sse4.2, popcnt, lzcnt, tsc, tscinvbit, avx, avx2, aes, erms, clmul, bmi1, bmi2, adx, fma, vzeroupper, clflush, clflushopt, rdtscp, f16c
Processor Information for the first 4 processors :
  Max Mhz: 2400, Current Mhz: 2300, Mhz Limit: 2280

Memory: 4k page, system-wide physical 8063M (517M free)
TotalPageFile size 32639M (AvailPageFile size 0M)
current process WorkingSet (physical memory assigned to process): 83M, peak: 84M
current process commit charge ("private bytes"): 224M, peak: 225M

vm_info: OpenJDK 64-Bit Server VM (21.0.12.1+1-LTS) for windows-amd64 JRE (21.0.12.1+1-LTS), built on 2026-08-18T00:00:00Z by "admin" with MS VC++ 17.12 (VS2022)

END.
